/* layer: 00550 */
.active\:border-style-dashed:active,.any-link\:border-style-dashed:any-link,.blank\:border-style-dashed:blank,.border-style-dashed,.checked\:border-style-dashed:checked,.current\:border-style-dashed:current,.default\:border-style-dashed:default,.defined\:border-style-dashed:defined,.disabled\:border-style-dashed:disabled,.drop\:border-style-dashed:drop,.empty\:border-style-dashed:empty,.enabled\:border-style-dashed:enabled,.first-child\:border-style-dashed:first-child,.first-of-type\:border-style-dashed:first-of-type,.first\:border-style-dashed:first,.focus-visible\:border-style-dashed:focus-visible,.focus-within\:border-style-dashed:focus-within,.focus\:border-style-dashed:focus,.fullscreen\:border-style-dashed:fullscreen,.future\:border-style-dashed:future,.host\:border-style-dashed:host,.hover\:border-style-dashed:hover,.in-range\:border-style-dashed:in-range,.indeterminate\:border-style-dashed:indeterminate,.invalid\:border-style-dashed:invalid,.last-child\:border-style-dashed:last-child,.last-of-type\:border-style-dashed:last-of-type,.left\:border-style-dashed:left,.link\:border-style-dashed:link,.local-link\:border-style-dashed:local-link,.only-child\:border-style-dashed:only-child,.only-of-type\:border-style-dashed:only-of-type,.optional\:border-style-dashed:optional,.out-of-range\:border-style-dashed:out-of-range,.past\:border-style-dashed:past,.placeholder-shown\:border-style-dashed:placeholder-shown,.read-only\:border-style-dashed:read-only,.read-write\:border-style-dashed:read-write,.required\:border-style-dashed:required,.right\:border-style-dashed:right,.root\:border-style-dashed:root,.scope\:border-style-dashed:scope,.target-within\:border-style-dashed:target-within,.target\:border-style-dashed:target,.user-invalid\:border-style-dashed:user-invalid,.valid\:border-style-dashed:valid,.visited\:border-style-dashed:visited{border-style: dashed !important;}
.active\:border-style-dotted:active,.any-link\:border-style-dotted:any-link,.blank\:border-style-dotted:blank,.border-style-dotted,.checked\:border-style-dotted:checked,.current\:border-style-dotted:current,.default\:border-style-dotted:default,.defined\:border-style-dotted:defined,.disabled\:border-style-dotted:disabled,.drop\:border-style-dotted:drop,.empty\:border-style-dotted:empty,.enabled\:border-style-dotted:enabled,.first-child\:border-style-dotted:first-child,.first-of-type\:border-style-dotted:first-of-type,.first\:border-style-dotted:first,.focus-visible\:border-style-dotted:focus-visible,.focus-within\:border-style-dotted:focus-within,.focus\:border-style-dotted:focus,.fullscreen\:border-style-dotted:fullscreen,.future\:border-style-dotted:future,.host\:border-style-dotted:host,.hover\:border-style-dotted:hover,.in-range\:border-style-dotted:in-range,.indeterminate\:border-style-dotted:indeterminate,.invalid\:border-style-dotted:invalid,.last-child\:border-style-dotted:last-child,.last-of-type\:border-style-dotted:last-of-type,.left\:border-style-dotted:left,.link\:border-style-dotted:link,.local-link\:border-style-dotted:local-link,.only-child\:border-style-dotted:only-child,.only-of-type\:border-style-dotted:only-of-type,.optional\:border-style-dotted:optional,.out-of-range\:border-style-dotted:out-of-range,.past\:border-style-dotted:past,.placeholder-shown\:border-style-dotted:placeholder-shown,.read-only\:border-style-dotted:read-only,.read-write\:border-style-dotted:read-write,.required\:border-style-dotted:required,.right\:border-style-dotted:right,.root\:border-style-dotted:root,.scope\:border-style-dotted:scope,.target-within\:border-style-dotted:target-within,.target\:border-style-dotted:target,.user-invalid\:border-style-dotted:user-invalid,.valid\:border-style-dotted:valid,.visited\:border-style-dotted:visited{border-style: dotted !important;}
.active\:border-style-double:active,.any-link\:border-style-double:any-link,.blank\:border-style-double:blank,.border-style-double,.checked\:border-style-double:checked,.current\:border-style-double:current,.default\:border-style-double:default,.defined\:border-style-double:defined,.disabled\:border-style-double:disabled,.drop\:border-style-double:drop,.empty\:border-style-double:empty,.enabled\:border-style-double:enabled,.first-child\:border-style-double:first-child,.first-of-type\:border-style-double:first-of-type,.first\:border-style-double:first,.focus-visible\:border-style-double:focus-visible,.focus-within\:border-style-double:focus-within,.focus\:border-style-double:focus,.fullscreen\:border-style-double:fullscreen,.future\:border-style-double:future,.host\:border-style-double:host,.hover\:border-style-double:hover,.in-range\:border-style-double:in-range,.indeterminate\:border-style-double:indeterminate,.invalid\:border-style-double:invalid,.last-child\:border-style-double:last-child,.last-of-type\:border-style-double:last-of-type,.left\:border-style-double:left,.link\:border-style-double:link,.local-link\:border-style-double:local-link,.only-child\:border-style-double:only-child,.only-of-type\:border-style-double:only-of-type,.optional\:border-style-double:optional,.out-of-range\:border-style-double:out-of-range,.past\:border-style-double:past,.placeholder-shown\:border-style-double:placeholder-shown,.read-only\:border-style-double:read-only,.read-write\:border-style-double:read-write,.required\:border-style-double:required,.right\:border-style-double:right,.root\:border-style-double:root,.scope\:border-style-double:scope,.target-within\:border-style-double:target-within,.target\:border-style-double:target,.user-invalid\:border-style-double:user-invalid,.valid\:border-style-double:valid,.visited\:border-style-double:visited{border-style: double !important;}
.active\:border-style-groove:active,.any-link\:border-style-groove:any-link,.blank\:border-style-groove:blank,.border-style-groove,.checked\:border-style-groove:checked,.current\:border-style-groove:current,.default\:border-style-groove:default,.defined\:border-style-groove:defined,.disabled\:border-style-groove:disabled,.drop\:border-style-groove:drop,.empty\:border-style-groove:empty,.enabled\:border-style-groove:enabled,.first-child\:border-style-groove:first-child,.first-of-type\:border-style-groove:first-of-type,.first\:border-style-groove:first,.focus-visible\:border-style-groove:focus-visible,.focus-within\:border-style-groove:focus-within,.focus\:border-style-groove:focus,.fullscreen\:border-style-groove:fullscreen,.future\:border-style-groove:future,.host\:border-style-groove:host,.hover\:border-style-groove:hover,.in-range\:border-style-groove:in-range,.indeterminate\:border-style-groove:indeterminate,.invalid\:border-style-groove:invalid,.last-child\:border-style-groove:last-child,.last-of-type\:border-style-groove:last-of-type,.left\:border-style-groove:left,.link\:border-style-groove:link,.local-link\:border-style-groove:local-link,.only-child\:border-style-groove:only-child,.only-of-type\:border-style-groove:only-of-type,.optional\:border-style-groove:optional,.out-of-range\:border-style-groove:out-of-range,.past\:border-style-groove:past,.placeholder-shown\:border-style-groove:placeholder-shown,.read-only\:border-style-groove:read-only,.read-write\:border-style-groove:read-write,.required\:border-style-groove:required,.right\:border-style-groove:right,.root\:border-style-groove:root,.scope\:border-style-groove:scope,.target-within\:border-style-groove:target-within,.target\:border-style-groove:target,.user-invalid\:border-style-groove:user-invalid,.valid\:border-style-groove:valid,.visited\:border-style-groove:visited{border-style: groove !important;}
.active\:border-style-hidden:active,.any-link\:border-style-hidden:any-link,.blank\:border-style-hidden:blank,.border-style-hidden,.checked\:border-style-hidden:checked,.current\:border-style-hidden:current,.default\:border-style-hidden:default,.defined\:border-style-hidden:defined,.disabled\:border-style-hidden:disabled,.drop\:border-style-hidden:drop,.empty\:border-style-hidden:empty,.enabled\:border-style-hidden:enabled,.first-child\:border-style-hidden:first-child,.first-of-type\:border-style-hidden:first-of-type,.first\:border-style-hidden:first,.focus-visible\:border-style-hidden:focus-visible,.focus-within\:border-style-hidden:focus-within,.focus\:border-style-hidden:focus,.fullscreen\:border-style-hidden:fullscreen,.future\:border-style-hidden:future,.host\:border-style-hidden:host,.hover\:border-style-hidden:hover,.in-range\:border-style-hidden:in-range,.indeterminate\:border-style-hidden:indeterminate,.invalid\:border-style-hidden:invalid,.last-child\:border-style-hidden:last-child,.last-of-type\:border-style-hidden:last-of-type,.left\:border-style-hidden:left,.link\:border-style-hidden:link,.local-link\:border-style-hidden:local-link,.only-child\:border-style-hidden:only-child,.only-of-type\:border-style-hidden:only-of-type,.optional\:border-style-hidden:optional,.out-of-range\:border-style-hidden:out-of-range,.past\:border-style-hidden:past,.placeholder-shown\:border-style-hidden:placeholder-shown,.read-only\:border-style-hidden:read-only,.read-write\:border-style-hidden:read-write,.required\:border-style-hidden:required,.right\:border-style-hidden:right,.root\:border-style-hidden:root,.scope\:border-style-hidden:scope,.target-within\:border-style-hidden:target-within,.target\:border-style-hidden:target,.user-invalid\:border-style-hidden:user-invalid,.valid\:border-style-hidden:valid,.visited\:border-style-hidden:visited{border-style: hidden !important;}
.active\:border-style-inherit:active,.any-link\:border-style-inherit:any-link,.blank\:border-style-inherit:blank,.border-style-inherit,.checked\:border-style-inherit:checked,.current\:border-style-inherit:current,.default\:border-style-inherit:default,.defined\:border-style-inherit:defined,.disabled\:border-style-inherit:disabled,.drop\:border-style-inherit:drop,.empty\:border-style-inherit:empty,.enabled\:border-style-inherit:enabled,.first-child\:border-style-inherit:first-child,.first-of-type\:border-style-inherit:first-of-type,.first\:border-style-inherit:first,.focus-visible\:border-style-inherit:focus-visible,.focus-within\:border-style-inherit:focus-within,.focus\:border-style-inherit:focus,.fullscreen\:border-style-inherit:fullscreen,.future\:border-style-inherit:future,.host\:border-style-inherit:host,.hover\:border-style-inherit:hover,.in-range\:border-style-inherit:in-range,.indeterminate\:border-style-inherit:indeterminate,.invalid\:border-style-inherit:invalid,.last-child\:border-style-inherit:last-child,.last-of-type\:border-style-inherit:last-of-type,.left\:border-style-inherit:left,.link\:border-style-inherit:link,.local-link\:border-style-inherit:local-link,.only-child\:border-style-inherit:only-child,.only-of-type\:border-style-inherit:only-of-type,.optional\:border-style-inherit:optional,.out-of-range\:border-style-inherit:out-of-range,.past\:border-style-inherit:past,.placeholder-shown\:border-style-inherit:placeholder-shown,.read-only\:border-style-inherit:read-only,.read-write\:border-style-inherit:read-write,.required\:border-style-inherit:required,.right\:border-style-inherit:right,.root\:border-style-inherit:root,.scope\:border-style-inherit:scope,.target-within\:border-style-inherit:target-within,.target\:border-style-inherit:target,.user-invalid\:border-style-inherit:user-invalid,.valid\:border-style-inherit:valid,.visited\:border-style-inherit:visited{border-style: inherit !important;}
.active\:border-style-inset:active,.any-link\:border-style-inset:any-link,.blank\:border-style-inset:blank,.border-style-inset,.checked\:border-style-inset:checked,.current\:border-style-inset:current,.default\:border-style-inset:default,.defined\:border-style-inset:defined,.disabled\:border-style-inset:disabled,.drop\:border-style-inset:drop,.empty\:border-style-inset:empty,.enabled\:border-style-inset:enabled,.first-child\:border-style-inset:first-child,.first-of-type\:border-style-inset:first-of-type,.first\:border-style-inset:first,.focus-visible\:border-style-inset:focus-visible,.focus-within\:border-style-inset:focus-within,.focus\:border-style-inset:focus,.fullscreen\:border-style-inset:fullscreen,.future\:border-style-inset:future,.host\:border-style-inset:host,.hover\:border-style-inset:hover,.in-range\:border-style-inset:in-range,.indeterminate\:border-style-inset:indeterminate,.invalid\:border-style-inset:invalid,.last-child\:border-style-inset:last-child,.last-of-type\:border-style-inset:last-of-type,.left\:border-style-inset:left,.link\:border-style-inset:link,.local-link\:border-style-inset:local-link,.only-child\:border-style-inset:only-child,.only-of-type\:border-style-inset:only-of-type,.optional\:border-style-inset:optional,.out-of-range\:border-style-inset:out-of-range,.past\:border-style-inset:past,.placeholder-shown\:border-style-inset:placeholder-shown,.read-only\:border-style-inset:read-only,.read-write\:border-style-inset:read-write,.required\:border-style-inset:required,.right\:border-style-inset:right,.root\:border-style-inset:root,.scope\:border-style-inset:scope,.target-within\:border-style-inset:target-within,.target\:border-style-inset:target,.user-invalid\:border-style-inset:user-invalid,.valid\:border-style-inset:valid,.visited\:border-style-inset:visited{border-style: inset !important;}
.active\:border-style-none:active,.any-link\:border-style-none:any-link,.blank\:border-style-none:blank,.border-style-none,.checked\:border-style-none:checked,.current\:border-style-none:current,.default\:border-style-none:default,.defined\:border-style-none:defined,.disabled\:border-style-none:disabled,.drop\:border-style-none:drop,.empty\:border-style-none:empty,.enabled\:border-style-none:enabled,.first-child\:border-style-none:first-child,.first-of-type\:border-style-none:first-of-type,.first\:border-style-none:first,.focus-visible\:border-style-none:focus-visible,.focus-within\:border-style-none:focus-within,.focus\:border-style-none:focus,.fullscreen\:border-style-none:fullscreen,.future\:border-style-none:future,.host\:border-style-none:host,.hover\:border-style-none:hover,.in-range\:border-style-none:in-range,.indeterminate\:border-style-none:indeterminate,.invalid\:border-style-none:invalid,.last-child\:border-style-none:last-child,.last-of-type\:border-style-none:last-of-type,.left\:border-style-none:left,.link\:border-style-none:link,.local-link\:border-style-none:local-link,.only-child\:border-style-none:only-child,.only-of-type\:border-style-none:only-of-type,.optional\:border-style-none:optional,.out-of-range\:border-style-none:out-of-range,.past\:border-style-none:past,.placeholder-shown\:border-style-none:placeholder-shown,.read-only\:border-style-none:read-only,.read-write\:border-style-none:read-write,.required\:border-style-none:required,.right\:border-style-none:right,.root\:border-style-none:root,.scope\:border-style-none:scope,.target-within\:border-style-none:target-within,.target\:border-style-none:target,.user-invalid\:border-style-none:user-invalid,.valid\:border-style-none:valid,.visited\:border-style-none:visited{border-style: none !important;}
.active\:border-style-outset:active,.any-link\:border-style-outset:any-link,.blank\:border-style-outset:blank,.border-style-outset,.checked\:border-style-outset:checked,.current\:border-style-outset:current,.default\:border-style-outset:default,.defined\:border-style-outset:defined,.disabled\:border-style-outset:disabled,.drop\:border-style-outset:drop,.empty\:border-style-outset:empty,.enabled\:border-style-outset:enabled,.first-child\:border-style-outset:first-child,.first-of-type\:border-style-outset:first-of-type,.first\:border-style-outset:first,.focus-visible\:border-style-outset:focus-visible,.focus-within\:border-style-outset:focus-within,.focus\:border-style-outset:focus,.fullscreen\:border-style-outset:fullscreen,.future\:border-style-outset:future,.host\:border-style-outset:host,.hover\:border-style-outset:hover,.in-range\:border-style-outset:in-range,.indeterminate\:border-style-outset:indeterminate,.invalid\:border-style-outset:invalid,.last-child\:border-style-outset:last-child,.last-of-type\:border-style-outset:last-of-type,.left\:border-style-outset:left,.link\:border-style-outset:link,.local-link\:border-style-outset:local-link,.only-child\:border-style-outset:only-child,.only-of-type\:border-style-outset:only-of-type,.optional\:border-style-outset:optional,.out-of-range\:border-style-outset:out-of-range,.past\:border-style-outset:past,.placeholder-shown\:border-style-outset:placeholder-shown,.read-only\:border-style-outset:read-only,.read-write\:border-style-outset:read-write,.required\:border-style-outset:required,.right\:border-style-outset:right,.root\:border-style-outset:root,.scope\:border-style-outset:scope,.target-within\:border-style-outset:target-within,.target\:border-style-outset:target,.user-invalid\:border-style-outset:user-invalid,.valid\:border-style-outset:valid,.visited\:border-style-outset:visited{border-style: outset !important;}
.active\:border-style-ridge:active,.any-link\:border-style-ridge:any-link,.blank\:border-style-ridge:blank,.border-style-ridge,.checked\:border-style-ridge:checked,.current\:border-style-ridge:current,.default\:border-style-ridge:default,.defined\:border-style-ridge:defined,.disabled\:border-style-ridge:disabled,.drop\:border-style-ridge:drop,.empty\:border-style-ridge:empty,.enabled\:border-style-ridge:enabled,.first-child\:border-style-ridge:first-child,.first-of-type\:border-style-ridge:first-of-type,.first\:border-style-ridge:first,.focus-visible\:border-style-ridge:focus-visible,.focus-within\:border-style-ridge:focus-within,.focus\:border-style-ridge:focus,.fullscreen\:border-style-ridge:fullscreen,.future\:border-style-ridge:future,.host\:border-style-ridge:host,.hover\:border-style-ridge:hover,.in-range\:border-style-ridge:in-range,.indeterminate\:border-style-ridge:indeterminate,.invalid\:border-style-ridge:invalid,.last-child\:border-style-ridge:last-child,.last-of-type\:border-style-ridge:last-of-type,.left\:border-style-ridge:left,.link\:border-style-ridge:link,.local-link\:border-style-ridge:local-link,.only-child\:border-style-ridge:only-child,.only-of-type\:border-style-ridge:only-of-type,.optional\:border-style-ridge:optional,.out-of-range\:border-style-ridge:out-of-range,.past\:border-style-ridge:past,.placeholder-shown\:border-style-ridge:placeholder-shown,.read-only\:border-style-ridge:read-only,.read-write\:border-style-ridge:read-write,.required\:border-style-ridge:required,.right\:border-style-ridge:right,.root\:border-style-ridge:root,.scope\:border-style-ridge:scope,.target-within\:border-style-ridge:target-within,.target\:border-style-ridge:target,.user-invalid\:border-style-ridge:user-invalid,.valid\:border-style-ridge:valid,.visited\:border-style-ridge:visited{border-style: ridge !important;}
.active\:border-style-solid:active,.any-link\:border-style-solid:any-link,.blank\:border-style-solid:blank,.border-style-solid,.checked\:border-style-solid:checked,.current\:border-style-solid:current,.default\:border-style-solid:default,.defined\:border-style-solid:defined,.disabled\:border-style-solid:disabled,.drop\:border-style-solid:drop,.empty\:border-style-solid:empty,.enabled\:border-style-solid:enabled,.first-child\:border-style-solid:first-child,.first-of-type\:border-style-solid:first-of-type,.first\:border-style-solid:first,.focus-visible\:border-style-solid:focus-visible,.focus-within\:border-style-solid:focus-within,.focus\:border-style-solid:focus,.fullscreen\:border-style-solid:fullscreen,.future\:border-style-solid:future,.host\:border-style-solid:host,.hover\:border-style-solid:hover,.in-range\:border-style-solid:in-range,.indeterminate\:border-style-solid:indeterminate,.invalid\:border-style-solid:invalid,.last-child\:border-style-solid:last-child,.last-of-type\:border-style-solid:last-of-type,.left\:border-style-solid:left,.link\:border-style-solid:link,.local-link\:border-style-solid:local-link,.only-child\:border-style-solid:only-child,.only-of-type\:border-style-solid:only-of-type,.optional\:border-style-solid:optional,.out-of-range\:border-style-solid:out-of-range,.past\:border-style-solid:past,.placeholder-shown\:border-style-solid:placeholder-shown,.read-only\:border-style-solid:read-only,.read-write\:border-style-solid:read-write,.required\:border-style-solid:required,.right\:border-style-solid:right,.root\:border-style-solid:root,.scope\:border-style-solid:scope,.target-within\:border-style-solid:target-within,.target\:border-style-solid:target,.user-invalid\:border-style-solid:user-invalid,.valid\:border-style-solid:valid,.visited\:border-style-solid:visited{border-style: solid !important;}
@media (min-width: 640px){
.sm\@border-style-dashed{border-style: dashed !important;}
.sm\@border-style-dotted{border-style: dotted !important;}
.sm\@border-style-double{border-style: double !important;}
.sm\@border-style-groove{border-style: groove !important;}
.sm\@border-style-hidden{border-style: hidden !important;}
.sm\@border-style-inherit{border-style: inherit !important;}
.sm\@border-style-inset{border-style: inset !important;}
.sm\@border-style-none{border-style: none !important;}
.sm\@border-style-outset{border-style: outset !important;}
.sm\@border-style-ridge{border-style: ridge !important;}
.sm\@border-style-solid{border-style: solid !important;}
}
@media (min-width: 768px){
.md\@border-style-dashed{border-style: dashed !important;}
.md\@border-style-dotted{border-style: dotted !important;}
.md\@border-style-double{border-style: double !important;}
.md\@border-style-groove{border-style: groove !important;}
.md\@border-style-hidden{border-style: hidden !important;}
.md\@border-style-inherit{border-style: inherit !important;}
.md\@border-style-inset{border-style: inset !important;}
.md\@border-style-none{border-style: none !important;}
.md\@border-style-outset{border-style: outset !important;}
.md\@border-style-ridge{border-style: ridge !important;}
.md\@border-style-solid{border-style: solid !important;}
}
@media (min-width: 1024px){
.lg\@border-style-dashed{border-style: dashed !important;}
.lg\@border-style-dotted{border-style: dotted !important;}
.lg\@border-style-double{border-style: double !important;}
.lg\@border-style-groove{border-style: groove !important;}
.lg\@border-style-hidden{border-style: hidden !important;}
.lg\@border-style-inherit{border-style: inherit !important;}
.lg\@border-style-inset{border-style: inset !important;}
.lg\@border-style-none{border-style: none !important;}
.lg\@border-style-outset{border-style: outset !important;}
.lg\@border-style-ridge{border-style: ridge !important;}
.lg\@border-style-solid{border-style: solid !important;}
}
@media (min-width: 1280px){
.xl\@border-style-dashed{border-style: dashed !important;}
.xl\@border-style-dotted{border-style: dotted !important;}
.xl\@border-style-double{border-style: double !important;}
.xl\@border-style-groove{border-style: groove !important;}
.xl\@border-style-hidden{border-style: hidden !important;}
.xl\@border-style-inherit{border-style: inherit !important;}
.xl\@border-style-inset{border-style: inset !important;}
.xl\@border-style-none{border-style: none !important;}
.xl\@border-style-outset{border-style: outset !important;}
.xl\@border-style-ridge{border-style: ridge !important;}
.xl\@border-style-solid{border-style: solid !important;}
}
@supports (display: grid){
.supportGrid\@border-style-dashed{border-style: dashed !important;}
.supportGrid\@border-style-dotted{border-style: dotted !important;}
.supportGrid\@border-style-double{border-style: double !important;}
.supportGrid\@border-style-groove{border-style: groove !important;}
.supportGrid\@border-style-hidden{border-style: hidden !important;}
.supportGrid\@border-style-inherit{border-style: inherit !important;}
.supportGrid\@border-style-inset{border-style: inset !important;}
.supportGrid\@border-style-none{border-style: none !important;}
.supportGrid\@border-style-outset{border-style: outset !important;}
.supportGrid\@border-style-ridge{border-style: ridge !important;}
.supportGrid\@border-style-solid{border-style: solid !important;}
}