/* layer: 00560 */
.active\:box-sizing-border-box:active,.any-link\:box-sizing-border-box:any-link,.blank\:box-sizing-border-box:blank,.box-sizing-border-box,.checked\:box-sizing-border-box:checked,.current\:box-sizing-border-box:current,.default\:box-sizing-border-box:default,.defined\:box-sizing-border-box:defined,.disabled\:box-sizing-border-box:disabled,.drop\:box-sizing-border-box:drop,.empty\:box-sizing-border-box:empty,.enabled\:box-sizing-border-box:enabled,.first-child\:box-sizing-border-box:first-child,.first-of-type\:box-sizing-border-box:first-of-type,.first\:box-sizing-border-box:first,.focus-visible\:box-sizing-border-box:focus-visible,.focus-within\:box-sizing-border-box:focus-within,.focus\:box-sizing-border-box:focus,.fullscreen\:box-sizing-border-box:fullscreen,.future\:box-sizing-border-box:future,.host\:box-sizing-border-box:host,.hover\:box-sizing-border-box:hover,.in-range\:box-sizing-border-box:in-range,.indeterminate\:box-sizing-border-box:indeterminate,.invalid\:box-sizing-border-box:invalid,.last-child\:box-sizing-border-box:last-child,.last-of-type\:box-sizing-border-box:last-of-type,.left\:box-sizing-border-box:left,.link\:box-sizing-border-box:link,.local-link\:box-sizing-border-box:local-link,.only-child\:box-sizing-border-box:only-child,.only-of-type\:box-sizing-border-box:only-of-type,.optional\:box-sizing-border-box:optional,.out-of-range\:box-sizing-border-box:out-of-range,.past\:box-sizing-border-box:past,.placeholder-shown\:box-sizing-border-box:placeholder-shown,.read-only\:box-sizing-border-box:read-only,.read-write\:box-sizing-border-box:read-write,.required\:box-sizing-border-box:required,.right\:box-sizing-border-box:right,.root\:box-sizing-border-box:root,.scope\:box-sizing-border-box:scope,.target-within\:box-sizing-border-box:target-within,.target\:box-sizing-border-box:target,.user-invalid\:box-sizing-border-box:user-invalid,.valid\:box-sizing-border-box:valid,.visited\:box-sizing-border-box:visited{box-sizing: border-box !important;}
.active\:box-sizing-content-box:active,.any-link\:box-sizing-content-box:any-link,.blank\:box-sizing-content-box:blank,.box-sizing-content-box,.checked\:box-sizing-content-box:checked,.current\:box-sizing-content-box:current,.default\:box-sizing-content-box:default,.defined\:box-sizing-content-box:defined,.disabled\:box-sizing-content-box:disabled,.drop\:box-sizing-content-box:drop,.empty\:box-sizing-content-box:empty,.enabled\:box-sizing-content-box:enabled,.first-child\:box-sizing-content-box:first-child,.first-of-type\:box-sizing-content-box:first-of-type,.first\:box-sizing-content-box:first,.focus-visible\:box-sizing-content-box:focus-visible,.focus-within\:box-sizing-content-box:focus-within,.focus\:box-sizing-content-box:focus,.fullscreen\:box-sizing-content-box:fullscreen,.future\:box-sizing-content-box:future,.host\:box-sizing-content-box:host,.hover\:box-sizing-content-box:hover,.in-range\:box-sizing-content-box:in-range,.indeterminate\:box-sizing-content-box:indeterminate,.invalid\:box-sizing-content-box:invalid,.last-child\:box-sizing-content-box:last-child,.last-of-type\:box-sizing-content-box:last-of-type,.left\:box-sizing-content-box:left,.link\:box-sizing-content-box:link,.local-link\:box-sizing-content-box:local-link,.only-child\:box-sizing-content-box:only-child,.only-of-type\:box-sizing-content-box:only-of-type,.optional\:box-sizing-content-box:optional,.out-of-range\:box-sizing-content-box:out-of-range,.past\:box-sizing-content-box:past,.placeholder-shown\:box-sizing-content-box:placeholder-shown,.read-only\:box-sizing-content-box:read-only,.read-write\:box-sizing-content-box:read-write,.required\:box-sizing-content-box:required,.right\:box-sizing-content-box:right,.root\:box-sizing-content-box:root,.scope\:box-sizing-content-box:scope,.target-within\:box-sizing-content-box:target-within,.target\:box-sizing-content-box:target,.user-invalid\:box-sizing-content-box:user-invalid,.valid\:box-sizing-content-box:valid,.visited\:box-sizing-content-box:visited{box-sizing: content-box !important;}
@media (min-width: 640px){
.sm\@active\:box-sizing-border-box:active,.sm\@any-link\:box-sizing-border-box:any-link,.sm\@blank\:box-sizing-border-box:blank,.sm\@box-sizing-border-box,.sm\@checked\:box-sizing-border-box:checked,.sm\@current\:box-sizing-border-box:current,.sm\@default\:box-sizing-border-box:default,.sm\@defined\:box-sizing-border-box:defined,.sm\@disabled\:box-sizing-border-box:disabled,.sm\@drop\:box-sizing-border-box:drop,.sm\@empty\:box-sizing-border-box:empty,.sm\@enabled\:box-sizing-border-box:enabled,.sm\@first-child\:box-sizing-border-box:first-child,.sm\@first-of-type\:box-sizing-border-box:first-of-type,.sm\@first\:box-sizing-border-box:first,.sm\@focus-visible\:box-sizing-border-box:focus-visible,.sm\@focus-within\:box-sizing-border-box:focus-within,.sm\@focus\:box-sizing-border-box:focus,.sm\@fullscreen\:box-sizing-border-box:fullscreen,.sm\@future\:box-sizing-border-box:future,.sm\@host\:box-sizing-border-box:host,.sm\@hover\:box-sizing-border-box:hover,.sm\@in-range\:box-sizing-border-box:in-range,.sm\@indeterminate\:box-sizing-border-box:indeterminate,.sm\@invalid\:box-sizing-border-box:invalid,.sm\@last-child\:box-sizing-border-box:last-child,.sm\@last-of-type\:box-sizing-border-box:last-of-type,.sm\@left\:box-sizing-border-box:left,.sm\@link\:box-sizing-border-box:link,.sm\@local-link\:box-sizing-border-box:local-link,.sm\@only-child\:box-sizing-border-box:only-child,.sm\@only-of-type\:box-sizing-border-box:only-of-type,.sm\@optional\:box-sizing-border-box:optional,.sm\@out-of-range\:box-sizing-border-box:out-of-range,.sm\@past\:box-sizing-border-box:past,.sm\@placeholder-shown\:box-sizing-border-box:placeholder-shown,.sm\@read-only\:box-sizing-border-box:read-only,.sm\@read-write\:box-sizing-border-box:read-write,.sm\@required\:box-sizing-border-box:required,.sm\@right\:box-sizing-border-box:right,.sm\@root\:box-sizing-border-box:root,.sm\@scope\:box-sizing-border-box:scope,.sm\@target-within\:box-sizing-border-box:target-within,.sm\@target\:box-sizing-border-box:target,.sm\@user-invalid\:box-sizing-border-box:user-invalid,.sm\@valid\:box-sizing-border-box:valid,.sm\@visited\:box-sizing-border-box:visited{box-sizing: border-box !important;}
.sm\@active\:box-sizing-content-box:active,.sm\@any-link\:box-sizing-content-box:any-link,.sm\@blank\:box-sizing-content-box:blank,.sm\@box-sizing-content-box,.sm\@checked\:box-sizing-content-box:checked,.sm\@current\:box-sizing-content-box:current,.sm\@default\:box-sizing-content-box:default,.sm\@defined\:box-sizing-content-box:defined,.sm\@disabled\:box-sizing-content-box:disabled,.sm\@drop\:box-sizing-content-box:drop,.sm\@empty\:box-sizing-content-box:empty,.sm\@enabled\:box-sizing-content-box:enabled,.sm\@first-child\:box-sizing-content-box:first-child,.sm\@first-of-type\:box-sizing-content-box:first-of-type,.sm\@first\:box-sizing-content-box:first,.sm\@focus-visible\:box-sizing-content-box:focus-visible,.sm\@focus-within\:box-sizing-content-box:focus-within,.sm\@focus\:box-sizing-content-box:focus,.sm\@fullscreen\:box-sizing-content-box:fullscreen,.sm\@future\:box-sizing-content-box:future,.sm\@host\:box-sizing-content-box:host,.sm\@hover\:box-sizing-content-box:hover,.sm\@in-range\:box-sizing-content-box:in-range,.sm\@indeterminate\:box-sizing-content-box:indeterminate,.sm\@invalid\:box-sizing-content-box:invalid,.sm\@last-child\:box-sizing-content-box:last-child,.sm\@last-of-type\:box-sizing-content-box:last-of-type,.sm\@left\:box-sizing-content-box:left,.sm\@link\:box-sizing-content-box:link,.sm\@local-link\:box-sizing-content-box:local-link,.sm\@only-child\:box-sizing-content-box:only-child,.sm\@only-of-type\:box-sizing-content-box:only-of-type,.sm\@optional\:box-sizing-content-box:optional,.sm\@out-of-range\:box-sizing-content-box:out-of-range,.sm\@past\:box-sizing-content-box:past,.sm\@placeholder-shown\:box-sizing-content-box:placeholder-shown,.sm\@read-only\:box-sizing-content-box:read-only,.sm\@read-write\:box-sizing-content-box:read-write,.sm\@required\:box-sizing-content-box:required,.sm\@right\:box-sizing-content-box:right,.sm\@root\:box-sizing-content-box:root,.sm\@scope\:box-sizing-content-box:scope,.sm\@target-within\:box-sizing-content-box:target-within,.sm\@target\:box-sizing-content-box:target,.sm\@user-invalid\:box-sizing-content-box:user-invalid,.sm\@valid\:box-sizing-content-box:valid,.sm\@visited\:box-sizing-content-box:visited{box-sizing: content-box !important;}
}
@media (min-width: 768px){
.md\@active\:box-sizing-border-box:active,.md\@any-link\:box-sizing-border-box:any-link,.md\@blank\:box-sizing-border-box:blank,.md\@box-sizing-border-box,.md\@checked\:box-sizing-border-box:checked,.md\@current\:box-sizing-border-box:current,.md\@default\:box-sizing-border-box:default,.md\@defined\:box-sizing-border-box:defined,.md\@disabled\:box-sizing-border-box:disabled,.md\@drop\:box-sizing-border-box:drop,.md\@empty\:box-sizing-border-box:empty,.md\@enabled\:box-sizing-border-box:enabled,.md\@first-child\:box-sizing-border-box:first-child,.md\@first-of-type\:box-sizing-border-box:first-of-type,.md\@first\:box-sizing-border-box:first,.md\@focus-visible\:box-sizing-border-box:focus-visible,.md\@focus-within\:box-sizing-border-box:focus-within,.md\@focus\:box-sizing-border-box:focus,.md\@fullscreen\:box-sizing-border-box:fullscreen,.md\@future\:box-sizing-border-box:future,.md\@host\:box-sizing-border-box:host,.md\@hover\:box-sizing-border-box:hover,.md\@in-range\:box-sizing-border-box:in-range,.md\@indeterminate\:box-sizing-border-box:indeterminate,.md\@invalid\:box-sizing-border-box:invalid,.md\@last-child\:box-sizing-border-box:last-child,.md\@last-of-type\:box-sizing-border-box:last-of-type,.md\@left\:box-sizing-border-box:left,.md\@link\:box-sizing-border-box:link,.md\@local-link\:box-sizing-border-box:local-link,.md\@only-child\:box-sizing-border-box:only-child,.md\@only-of-type\:box-sizing-border-box:only-of-type,.md\@optional\:box-sizing-border-box:optional,.md\@out-of-range\:box-sizing-border-box:out-of-range,.md\@past\:box-sizing-border-box:past,.md\@placeholder-shown\:box-sizing-border-box:placeholder-shown,.md\@read-only\:box-sizing-border-box:read-only,.md\@read-write\:box-sizing-border-box:read-write,.md\@required\:box-sizing-border-box:required,.md\@right\:box-sizing-border-box:right,.md\@root\:box-sizing-border-box:root,.md\@scope\:box-sizing-border-box:scope,.md\@target-within\:box-sizing-border-box:target-within,.md\@target\:box-sizing-border-box:target,.md\@user-invalid\:box-sizing-border-box:user-invalid,.md\@valid\:box-sizing-border-box:valid,.md\@visited\:box-sizing-border-box:visited{box-sizing: border-box !important;}
.md\@active\:box-sizing-content-box:active,.md\@any-link\:box-sizing-content-box:any-link,.md\@blank\:box-sizing-content-box:blank,.md\@box-sizing-content-box,.md\@checked\:box-sizing-content-box:checked,.md\@current\:box-sizing-content-box:current,.md\@default\:box-sizing-content-box:default,.md\@defined\:box-sizing-content-box:defined,.md\@disabled\:box-sizing-content-box:disabled,.md\@drop\:box-sizing-content-box:drop,.md\@empty\:box-sizing-content-box:empty,.md\@enabled\:box-sizing-content-box:enabled,.md\@first-child\:box-sizing-content-box:first-child,.md\@first-of-type\:box-sizing-content-box:first-of-type,.md\@first\:box-sizing-content-box:first,.md\@focus-visible\:box-sizing-content-box:focus-visible,.md\@focus-within\:box-sizing-content-box:focus-within,.md\@focus\:box-sizing-content-box:focus,.md\@fullscreen\:box-sizing-content-box:fullscreen,.md\@future\:box-sizing-content-box:future,.md\@host\:box-sizing-content-box:host,.md\@hover\:box-sizing-content-box:hover,.md\@in-range\:box-sizing-content-box:in-range,.md\@indeterminate\:box-sizing-content-box:indeterminate,.md\@invalid\:box-sizing-content-box:invalid,.md\@last-child\:box-sizing-content-box:last-child,.md\@last-of-type\:box-sizing-content-box:last-of-type,.md\@left\:box-sizing-content-box:left,.md\@link\:box-sizing-content-box:link,.md\@local-link\:box-sizing-content-box:local-link,.md\@only-child\:box-sizing-content-box:only-child,.md\@only-of-type\:box-sizing-content-box:only-of-type,.md\@optional\:box-sizing-content-box:optional,.md\@out-of-range\:box-sizing-content-box:out-of-range,.md\@past\:box-sizing-content-box:past,.md\@placeholder-shown\:box-sizing-content-box:placeholder-shown,.md\@read-only\:box-sizing-content-box:read-only,.md\@read-write\:box-sizing-content-box:read-write,.md\@required\:box-sizing-content-box:required,.md\@right\:box-sizing-content-box:right,.md\@root\:box-sizing-content-box:root,.md\@scope\:box-sizing-content-box:scope,.md\@target-within\:box-sizing-content-box:target-within,.md\@target\:box-sizing-content-box:target,.md\@user-invalid\:box-sizing-content-box:user-invalid,.md\@valid\:box-sizing-content-box:valid,.md\@visited\:box-sizing-content-box:visited{box-sizing: content-box !important;}
}
@media (min-width: 1024px){
.lg\@active\:box-sizing-border-box:active,.lg\@any-link\:box-sizing-border-box:any-link,.lg\@blank\:box-sizing-border-box:blank,.lg\@box-sizing-border-box,.lg\@checked\:box-sizing-border-box:checked,.lg\@current\:box-sizing-border-box:current,.lg\@default\:box-sizing-border-box:default,.lg\@defined\:box-sizing-border-box:defined,.lg\@disabled\:box-sizing-border-box:disabled,.lg\@drop\:box-sizing-border-box:drop,.lg\@empty\:box-sizing-border-box:empty,.lg\@enabled\:box-sizing-border-box:enabled,.lg\@first-child\:box-sizing-border-box:first-child,.lg\@first-of-type\:box-sizing-border-box:first-of-type,.lg\@first\:box-sizing-border-box:first,.lg\@focus-visible\:box-sizing-border-box:focus-visible,.lg\@focus-within\:box-sizing-border-box:focus-within,.lg\@focus\:box-sizing-border-box:focus,.lg\@fullscreen\:box-sizing-border-box:fullscreen,.lg\@future\:box-sizing-border-box:future,.lg\@host\:box-sizing-border-box:host,.lg\@hover\:box-sizing-border-box:hover,.lg\@in-range\:box-sizing-border-box:in-range,.lg\@indeterminate\:box-sizing-border-box:indeterminate,.lg\@invalid\:box-sizing-border-box:invalid,.lg\@last-child\:box-sizing-border-box:last-child,.lg\@last-of-type\:box-sizing-border-box:last-of-type,.lg\@left\:box-sizing-border-box:left,.lg\@link\:box-sizing-border-box:link,.lg\@local-link\:box-sizing-border-box:local-link,.lg\@only-child\:box-sizing-border-box:only-child,.lg\@only-of-type\:box-sizing-border-box:only-of-type,.lg\@optional\:box-sizing-border-box:optional,.lg\@out-of-range\:box-sizing-border-box:out-of-range,.lg\@past\:box-sizing-border-box:past,.lg\@placeholder-shown\:box-sizing-border-box:placeholder-shown,.lg\@read-only\:box-sizing-border-box:read-only,.lg\@read-write\:box-sizing-border-box:read-write,.lg\@required\:box-sizing-border-box:required,.lg\@right\:box-sizing-border-box:right,.lg\@root\:box-sizing-border-box:root,.lg\@scope\:box-sizing-border-box:scope,.lg\@target-within\:box-sizing-border-box:target-within,.lg\@target\:box-sizing-border-box:target,.lg\@user-invalid\:box-sizing-border-box:user-invalid,.lg\@valid\:box-sizing-border-box:valid,.lg\@visited\:box-sizing-border-box:visited{box-sizing: border-box !important;}
.lg\@active\:box-sizing-content-box:active,.lg\@any-link\:box-sizing-content-box:any-link,.lg\@blank\:box-sizing-content-box:blank,.lg\@box-sizing-content-box,.lg\@checked\:box-sizing-content-box:checked,.lg\@current\:box-sizing-content-box:current,.lg\@default\:box-sizing-content-box:default,.lg\@defined\:box-sizing-content-box:defined,.lg\@disabled\:box-sizing-content-box:disabled,.lg\@drop\:box-sizing-content-box:drop,.lg\@empty\:box-sizing-content-box:empty,.lg\@enabled\:box-sizing-content-box:enabled,.lg\@first-child\:box-sizing-content-box:first-child,.lg\@first-of-type\:box-sizing-content-box:first-of-type,.lg\@first\:box-sizing-content-box:first,.lg\@focus-visible\:box-sizing-content-box:focus-visible,.lg\@focus-within\:box-sizing-content-box:focus-within,.lg\@focus\:box-sizing-content-box:focus,.lg\@fullscreen\:box-sizing-content-box:fullscreen,.lg\@future\:box-sizing-content-box:future,.lg\@host\:box-sizing-content-box:host,.lg\@hover\:box-sizing-content-box:hover,.lg\@in-range\:box-sizing-content-box:in-range,.lg\@indeterminate\:box-sizing-content-box:indeterminate,.lg\@invalid\:box-sizing-content-box:invalid,.lg\@last-child\:box-sizing-content-box:last-child,.lg\@last-of-type\:box-sizing-content-box:last-of-type,.lg\@left\:box-sizing-content-box:left,.lg\@link\:box-sizing-content-box:link,.lg\@local-link\:box-sizing-content-box:local-link,.lg\@only-child\:box-sizing-content-box:only-child,.lg\@only-of-type\:box-sizing-content-box:only-of-type,.lg\@optional\:box-sizing-content-box:optional,.lg\@out-of-range\:box-sizing-content-box:out-of-range,.lg\@past\:box-sizing-content-box:past,.lg\@placeholder-shown\:box-sizing-content-box:placeholder-shown,.lg\@read-only\:box-sizing-content-box:read-only,.lg\@read-write\:box-sizing-content-box:read-write,.lg\@required\:box-sizing-content-box:required,.lg\@right\:box-sizing-content-box:right,.lg\@root\:box-sizing-content-box:root,.lg\@scope\:box-sizing-content-box:scope,.lg\@target-within\:box-sizing-content-box:target-within,.lg\@target\:box-sizing-content-box:target,.lg\@user-invalid\:box-sizing-content-box:user-invalid,.lg\@valid\:box-sizing-content-box:valid,.lg\@visited\:box-sizing-content-box:visited{box-sizing: content-box !important;}
}
@media (min-width: 1280px){
.xl\@active\:box-sizing-border-box:active,.xl\@any-link\:box-sizing-border-box:any-link,.xl\@blank\:box-sizing-border-box:blank,.xl\@box-sizing-border-box,.xl\@checked\:box-sizing-border-box:checked,.xl\@current\:box-sizing-border-box:current,.xl\@default\:box-sizing-border-box:default,.xl\@defined\:box-sizing-border-box:defined,.xl\@disabled\:box-sizing-border-box:disabled,.xl\@drop\:box-sizing-border-box:drop,.xl\@empty\:box-sizing-border-box:empty,.xl\@enabled\:box-sizing-border-box:enabled,.xl\@first-child\:box-sizing-border-box:first-child,.xl\@first-of-type\:box-sizing-border-box:first-of-type,.xl\@first\:box-sizing-border-box:first,.xl\@focus-visible\:box-sizing-border-box:focus-visible,.xl\@focus-within\:box-sizing-border-box:focus-within,.xl\@focus\:box-sizing-border-box:focus,.xl\@fullscreen\:box-sizing-border-box:fullscreen,.xl\@future\:box-sizing-border-box:future,.xl\@host\:box-sizing-border-box:host,.xl\@hover\:box-sizing-border-box:hover,.xl\@in-range\:box-sizing-border-box:in-range,.xl\@indeterminate\:box-sizing-border-box:indeterminate,.xl\@invalid\:box-sizing-border-box:invalid,.xl\@last-child\:box-sizing-border-box:last-child,.xl\@last-of-type\:box-sizing-border-box:last-of-type,.xl\@left\:box-sizing-border-box:left,.xl\@link\:box-sizing-border-box:link,.xl\@local-link\:box-sizing-border-box:local-link,.xl\@only-child\:box-sizing-border-box:only-child,.xl\@only-of-type\:box-sizing-border-box:only-of-type,.xl\@optional\:box-sizing-border-box:optional,.xl\@out-of-range\:box-sizing-border-box:out-of-range,.xl\@past\:box-sizing-border-box:past,.xl\@placeholder-shown\:box-sizing-border-box:placeholder-shown,.xl\@read-only\:box-sizing-border-box:read-only,.xl\@read-write\:box-sizing-border-box:read-write,.xl\@required\:box-sizing-border-box:required,.xl\@right\:box-sizing-border-box:right,.xl\@root\:box-sizing-border-box:root,.xl\@scope\:box-sizing-border-box:scope,.xl\@target-within\:box-sizing-border-box:target-within,.xl\@target\:box-sizing-border-box:target,.xl\@user-invalid\:box-sizing-border-box:user-invalid,.xl\@valid\:box-sizing-border-box:valid,.xl\@visited\:box-sizing-border-box:visited{box-sizing: border-box !important;}
.xl\@active\:box-sizing-content-box:active,.xl\@any-link\:box-sizing-content-box:any-link,.xl\@blank\:box-sizing-content-box:blank,.xl\@box-sizing-content-box,.xl\@checked\:box-sizing-content-box:checked,.xl\@current\:box-sizing-content-box:current,.xl\@default\:box-sizing-content-box:default,.xl\@defined\:box-sizing-content-box:defined,.xl\@disabled\:box-sizing-content-box:disabled,.xl\@drop\:box-sizing-content-box:drop,.xl\@empty\:box-sizing-content-box:empty,.xl\@enabled\:box-sizing-content-box:enabled,.xl\@first-child\:box-sizing-content-box:first-child,.xl\@first-of-type\:box-sizing-content-box:first-of-type,.xl\@first\:box-sizing-content-box:first,.xl\@focus-visible\:box-sizing-content-box:focus-visible,.xl\@focus-within\:box-sizing-content-box:focus-within,.xl\@focus\:box-sizing-content-box:focus,.xl\@fullscreen\:box-sizing-content-box:fullscreen,.xl\@future\:box-sizing-content-box:future,.xl\@host\:box-sizing-content-box:host,.xl\@hover\:box-sizing-content-box:hover,.xl\@in-range\:box-sizing-content-box:in-range,.xl\@indeterminate\:box-sizing-content-box:indeterminate,.xl\@invalid\:box-sizing-content-box:invalid,.xl\@last-child\:box-sizing-content-box:last-child,.xl\@last-of-type\:box-sizing-content-box:last-of-type,.xl\@left\:box-sizing-content-box:left,.xl\@link\:box-sizing-content-box:link,.xl\@local-link\:box-sizing-content-box:local-link,.xl\@only-child\:box-sizing-content-box:only-child,.xl\@only-of-type\:box-sizing-content-box:only-of-type,.xl\@optional\:box-sizing-content-box:optional,.xl\@out-of-range\:box-sizing-content-box:out-of-range,.xl\@past\:box-sizing-content-box:past,.xl\@placeholder-shown\:box-sizing-content-box:placeholder-shown,.xl\@read-only\:box-sizing-content-box:read-only,.xl\@read-write\:box-sizing-content-box:read-write,.xl\@required\:box-sizing-content-box:required,.xl\@right\:box-sizing-content-box:right,.xl\@root\:box-sizing-content-box:root,.xl\@scope\:box-sizing-content-box:scope,.xl\@target-within\:box-sizing-content-box:target-within,.xl\@target\:box-sizing-content-box:target,.xl\@user-invalid\:box-sizing-content-box:user-invalid,.xl\@valid\:box-sizing-content-box:valid,.xl\@visited\:box-sizing-content-box:visited{box-sizing: content-box !important;}
}
@supports (display: grid){
.supportGrid\@active\:box-sizing-border-box:active,.supportGrid\@any-link\:box-sizing-border-box:any-link,.supportGrid\@blank\:box-sizing-border-box:blank,.supportGrid\@box-sizing-border-box,.supportGrid\@checked\:box-sizing-border-box:checked,.supportGrid\@current\:box-sizing-border-box:current,.supportGrid\@default\:box-sizing-border-box:default,.supportGrid\@defined\:box-sizing-border-box:defined,.supportGrid\@disabled\:box-sizing-border-box:disabled,.supportGrid\@drop\:box-sizing-border-box:drop,.supportGrid\@empty\:box-sizing-border-box:empty,.supportGrid\@enabled\:box-sizing-border-box:enabled,.supportGrid\@first-child\:box-sizing-border-box:first-child,.supportGrid\@first-of-type\:box-sizing-border-box:first-of-type,.supportGrid\@first\:box-sizing-border-box:first,.supportGrid\@focus-visible\:box-sizing-border-box:focus-visible,.supportGrid\@focus-within\:box-sizing-border-box:focus-within,.supportGrid\@focus\:box-sizing-border-box:focus,.supportGrid\@fullscreen\:box-sizing-border-box:fullscreen,.supportGrid\@future\:box-sizing-border-box:future,.supportGrid\@host\:box-sizing-border-box:host,.supportGrid\@hover\:box-sizing-border-box:hover,.supportGrid\@in-range\:box-sizing-border-box:in-range,.supportGrid\@indeterminate\:box-sizing-border-box:indeterminate,.supportGrid\@invalid\:box-sizing-border-box:invalid,.supportGrid\@last-child\:box-sizing-border-box:last-child,.supportGrid\@last-of-type\:box-sizing-border-box:last-of-type,.supportGrid\@left\:box-sizing-border-box:left,.supportGrid\@link\:box-sizing-border-box:link,.supportGrid\@local-link\:box-sizing-border-box:local-link,.supportGrid\@only-child\:box-sizing-border-box:only-child,.supportGrid\@only-of-type\:box-sizing-border-box:only-of-type,.supportGrid\@optional\:box-sizing-border-box:optional,.supportGrid\@out-of-range\:box-sizing-border-box:out-of-range,.supportGrid\@past\:box-sizing-border-box:past,.supportGrid\@placeholder-shown\:box-sizing-border-box:placeholder-shown,.supportGrid\@read-only\:box-sizing-border-box:read-only,.supportGrid\@read-write\:box-sizing-border-box:read-write,.supportGrid\@required\:box-sizing-border-box:required,.supportGrid\@right\:box-sizing-border-box:right,.supportGrid\@root\:box-sizing-border-box:root,.supportGrid\@scope\:box-sizing-border-box:scope,.supportGrid\@target-within\:box-sizing-border-box:target-within,.supportGrid\@target\:box-sizing-border-box:target,.supportGrid\@user-invalid\:box-sizing-border-box:user-invalid,.supportGrid\@valid\:box-sizing-border-box:valid,.supportGrid\@visited\:box-sizing-border-box:visited{box-sizing: border-box !important;}
.supportGrid\@active\:box-sizing-content-box:active,.supportGrid\@any-link\:box-sizing-content-box:any-link,.supportGrid\@blank\:box-sizing-content-box:blank,.supportGrid\@box-sizing-content-box,.supportGrid\@checked\:box-sizing-content-box:checked,.supportGrid\@current\:box-sizing-content-box:current,.supportGrid\@default\:box-sizing-content-box:default,.supportGrid\@defined\:box-sizing-content-box:defined,.supportGrid\@disabled\:box-sizing-content-box:disabled,.supportGrid\@drop\:box-sizing-content-box:drop,.supportGrid\@empty\:box-sizing-content-box:empty,.supportGrid\@enabled\:box-sizing-content-box:enabled,.supportGrid\@first-child\:box-sizing-content-box:first-child,.supportGrid\@first-of-type\:box-sizing-content-box:first-of-type,.supportGrid\@first\:box-sizing-content-box:first,.supportGrid\@focus-visible\:box-sizing-content-box:focus-visible,.supportGrid\@focus-within\:box-sizing-content-box:focus-within,.supportGrid\@focus\:box-sizing-content-box:focus,.supportGrid\@fullscreen\:box-sizing-content-box:fullscreen,.supportGrid\@future\:box-sizing-content-box:future,.supportGrid\@host\:box-sizing-content-box:host,.supportGrid\@hover\:box-sizing-content-box:hover,.supportGrid\@in-range\:box-sizing-content-box:in-range,.supportGrid\@indeterminate\:box-sizing-content-box:indeterminate,.supportGrid\@invalid\:box-sizing-content-box:invalid,.supportGrid\@last-child\:box-sizing-content-box:last-child,.supportGrid\@last-of-type\:box-sizing-content-box:last-of-type,.supportGrid\@left\:box-sizing-content-box:left,.supportGrid\@link\:box-sizing-content-box:link,.supportGrid\@local-link\:box-sizing-content-box:local-link,.supportGrid\@only-child\:box-sizing-content-box:only-child,.supportGrid\@only-of-type\:box-sizing-content-box:only-of-type,.supportGrid\@optional\:box-sizing-content-box:optional,.supportGrid\@out-of-range\:box-sizing-content-box:out-of-range,.supportGrid\@past\:box-sizing-content-box:past,.supportGrid\@placeholder-shown\:box-sizing-content-box:placeholder-shown,.supportGrid\@read-only\:box-sizing-content-box:read-only,.supportGrid\@read-write\:box-sizing-content-box:read-write,.supportGrid\@required\:box-sizing-content-box:required,.supportGrid\@right\:box-sizing-content-box:right,.supportGrid\@root\:box-sizing-content-box:root,.supportGrid\@scope\:box-sizing-content-box:scope,.supportGrid\@target-within\:box-sizing-content-box:target-within,.supportGrid\@target\:box-sizing-content-box:target,.supportGrid\@user-invalid\:box-sizing-content-box:user-invalid,.supportGrid\@valid\:box-sizing-content-box:valid,.supportGrid\@visited\:box-sizing-content-box:visited{box-sizing: content-box !important;}
}