/* layer: 00540 */
.active\:circle:active,.any-link\:circle:any-link,.blank\:circle:blank,.checked\:circle:checked,.circle,.current\:circle:current,.default\:circle:default,.defined\:circle:defined,.disabled\:circle:disabled,.drop\:circle:drop,.empty\:circle:empty,.enabled\:circle:enabled,.first-child\:circle:first-child,.first-of-type\:circle:first-of-type,.first\:circle:first,.focus-visible\:circle:focus-visible,.focus-within\:circle:focus-within,.focus\:circle:focus,.fullscreen\:circle:fullscreen,.future\:circle:future,.host\:circle:host,.hover\:circle:hover,.in-range\:circle:in-range,.indeterminate\:circle:indeterminate,.invalid\:circle:invalid,.last-child\:circle:last-child,.last-of-type\:circle:last-of-type,.left\:circle:left,.link\:circle:link,.local-link\:circle:local-link,.only-child\:circle:only-child,.only-of-type\:circle:only-of-type,.optional\:circle:optional,.out-of-range\:circle:out-of-range,.past\:circle:past,.placeholder-shown\:circle:placeholder-shown,.read-only\:circle:read-only,.read-write\:circle:read-write,.required\:circle:required,.right\:circle:right,.root\:circle:root,.scope\:circle:scope,.target-within\:circle:target-within,.target\:circle:target,.user-invalid\:circle:user-invalid,.valid\:circle:valid,.visited\:circle:visited{border-radius: 50% !important;}
@media (min-width: 640px){
.sm\@active\:circle:active,.sm\@any-link\:circle:any-link,.sm\@blank\:circle:blank,.sm\@checked\:circle:checked,.sm\@circle,.sm\@current\:circle:current,.sm\@default\:circle:default,.sm\@defined\:circle:defined,.sm\@disabled\:circle:disabled,.sm\@drop\:circle:drop,.sm\@empty\:circle:empty,.sm\@enabled\:circle:enabled,.sm\@first-child\:circle:first-child,.sm\@first-of-type\:circle:first-of-type,.sm\@first\:circle:first,.sm\@focus-visible\:circle:focus-visible,.sm\@focus-within\:circle:focus-within,.sm\@focus\:circle:focus,.sm\@fullscreen\:circle:fullscreen,.sm\@future\:circle:future,.sm\@host\:circle:host,.sm\@hover\:circle:hover,.sm\@in-range\:circle:in-range,.sm\@indeterminate\:circle:indeterminate,.sm\@invalid\:circle:invalid,.sm\@last-child\:circle:last-child,.sm\@last-of-type\:circle:last-of-type,.sm\@left\:circle:left,.sm\@link\:circle:link,.sm\@local-link\:circle:local-link,.sm\@only-child\:circle:only-child,.sm\@only-of-type\:circle:only-of-type,.sm\@optional\:circle:optional,.sm\@out-of-range\:circle:out-of-range,.sm\@past\:circle:past,.sm\@placeholder-shown\:circle:placeholder-shown,.sm\@read-only\:circle:read-only,.sm\@read-write\:circle:read-write,.sm\@required\:circle:required,.sm\@right\:circle:right,.sm\@root\:circle:root,.sm\@scope\:circle:scope,.sm\@target-within\:circle:target-within,.sm\@target\:circle:target,.sm\@user-invalid\:circle:user-invalid,.sm\@valid\:circle:valid,.sm\@visited\:circle:visited{border-radius: 50% !important;}
}
@media (min-width: 768px){
.md\@active\:circle:active,.md\@any-link\:circle:any-link,.md\@blank\:circle:blank,.md\@checked\:circle:checked,.md\@circle,.md\@current\:circle:current,.md\@default\:circle:default,.md\@defined\:circle:defined,.md\@disabled\:circle:disabled,.md\@drop\:circle:drop,.md\@empty\:circle:empty,.md\@enabled\:circle:enabled,.md\@first-child\:circle:first-child,.md\@first-of-type\:circle:first-of-type,.md\@first\:circle:first,.md\@focus-visible\:circle:focus-visible,.md\@focus-within\:circle:focus-within,.md\@focus\:circle:focus,.md\@fullscreen\:circle:fullscreen,.md\@future\:circle:future,.md\@host\:circle:host,.md\@hover\:circle:hover,.md\@in-range\:circle:in-range,.md\@indeterminate\:circle:indeterminate,.md\@invalid\:circle:invalid,.md\@last-child\:circle:last-child,.md\@last-of-type\:circle:last-of-type,.md\@left\:circle:left,.md\@link\:circle:link,.md\@local-link\:circle:local-link,.md\@only-child\:circle:only-child,.md\@only-of-type\:circle:only-of-type,.md\@optional\:circle:optional,.md\@out-of-range\:circle:out-of-range,.md\@past\:circle:past,.md\@placeholder-shown\:circle:placeholder-shown,.md\@read-only\:circle:read-only,.md\@read-write\:circle:read-write,.md\@required\:circle:required,.md\@right\:circle:right,.md\@root\:circle:root,.md\@scope\:circle:scope,.md\@target-within\:circle:target-within,.md\@target\:circle:target,.md\@user-invalid\:circle:user-invalid,.md\@valid\:circle:valid,.md\@visited\:circle:visited{border-radius: 50% !important;}
}
@media (min-width: 1024px){
.lg\@active\:circle:active,.lg\@any-link\:circle:any-link,.lg\@blank\:circle:blank,.lg\@checked\:circle:checked,.lg\@circle,.lg\@current\:circle:current,.lg\@default\:circle:default,.lg\@defined\:circle:defined,.lg\@disabled\:circle:disabled,.lg\@drop\:circle:drop,.lg\@empty\:circle:empty,.lg\@enabled\:circle:enabled,.lg\@first-child\:circle:first-child,.lg\@first-of-type\:circle:first-of-type,.lg\@first\:circle:first,.lg\@focus-visible\:circle:focus-visible,.lg\@focus-within\:circle:focus-within,.lg\@focus\:circle:focus,.lg\@fullscreen\:circle:fullscreen,.lg\@future\:circle:future,.lg\@host\:circle:host,.lg\@hover\:circle:hover,.lg\@in-range\:circle:in-range,.lg\@indeterminate\:circle:indeterminate,.lg\@invalid\:circle:invalid,.lg\@last-child\:circle:last-child,.lg\@last-of-type\:circle:last-of-type,.lg\@left\:circle:left,.lg\@link\:circle:link,.lg\@local-link\:circle:local-link,.lg\@only-child\:circle:only-child,.lg\@only-of-type\:circle:only-of-type,.lg\@optional\:circle:optional,.lg\@out-of-range\:circle:out-of-range,.lg\@past\:circle:past,.lg\@placeholder-shown\:circle:placeholder-shown,.lg\@read-only\:circle:read-only,.lg\@read-write\:circle:read-write,.lg\@required\:circle:required,.lg\@right\:circle:right,.lg\@root\:circle:root,.lg\@scope\:circle:scope,.lg\@target-within\:circle:target-within,.lg\@target\:circle:target,.lg\@user-invalid\:circle:user-invalid,.lg\@valid\:circle:valid,.lg\@visited\:circle:visited{border-radius: 50% !important;}
}
@media (min-width: 1280px){
.xl\@active\:circle:active,.xl\@any-link\:circle:any-link,.xl\@blank\:circle:blank,.xl\@checked\:circle:checked,.xl\@circle,.xl\@current\:circle:current,.xl\@default\:circle:default,.xl\@defined\:circle:defined,.xl\@disabled\:circle:disabled,.xl\@drop\:circle:drop,.xl\@empty\:circle:empty,.xl\@enabled\:circle:enabled,.xl\@first-child\:circle:first-child,.xl\@first-of-type\:circle:first-of-type,.xl\@first\:circle:first,.xl\@focus-visible\:circle:focus-visible,.xl\@focus-within\:circle:focus-within,.xl\@focus\:circle:focus,.xl\@fullscreen\:circle:fullscreen,.xl\@future\:circle:future,.xl\@host\:circle:host,.xl\@hover\:circle:hover,.xl\@in-range\:circle:in-range,.xl\@indeterminate\:circle:indeterminate,.xl\@invalid\:circle:invalid,.xl\@last-child\:circle:last-child,.xl\@last-of-type\:circle:last-of-type,.xl\@left\:circle:left,.xl\@link\:circle:link,.xl\@local-link\:circle:local-link,.xl\@only-child\:circle:only-child,.xl\@only-of-type\:circle:only-of-type,.xl\@optional\:circle:optional,.xl\@out-of-range\:circle:out-of-range,.xl\@past\:circle:past,.xl\@placeholder-shown\:circle:placeholder-shown,.xl\@read-only\:circle:read-only,.xl\@read-write\:circle:read-write,.xl\@required\:circle:required,.xl\@right\:circle:right,.xl\@root\:circle:root,.xl\@scope\:circle:scope,.xl\@target-within\:circle:target-within,.xl\@target\:circle:target,.xl\@user-invalid\:circle:user-invalid,.xl\@valid\:circle:valid,.xl\@visited\:circle:visited{border-radius: 50% !important;}
}
@supports (display: grid){
.supportGrid\@active\:circle:active,.supportGrid\@any-link\:circle:any-link,.supportGrid\@blank\:circle:blank,.supportGrid\@checked\:circle:checked,.supportGrid\@circle,.supportGrid\@current\:circle:current,.supportGrid\@default\:circle:default,.supportGrid\@defined\:circle:defined,.supportGrid\@disabled\:circle:disabled,.supportGrid\@drop\:circle:drop,.supportGrid\@empty\:circle:empty,.supportGrid\@enabled\:circle:enabled,.supportGrid\@first-child\:circle:first-child,.supportGrid\@first-of-type\:circle:first-of-type,.supportGrid\@first\:circle:first,.supportGrid\@focus-visible\:circle:focus-visible,.supportGrid\@focus-within\:circle:focus-within,.supportGrid\@focus\:circle:focus,.supportGrid\@fullscreen\:circle:fullscreen,.supportGrid\@future\:circle:future,.supportGrid\@host\:circle:host,.supportGrid\@hover\:circle:hover,.supportGrid\@in-range\:circle:in-range,.supportGrid\@indeterminate\:circle:indeterminate,.supportGrid\@invalid\:circle:invalid,.supportGrid\@last-child\:circle:last-child,.supportGrid\@last-of-type\:circle:last-of-type,.supportGrid\@left\:circle:left,.supportGrid\@link\:circle:link,.supportGrid\@local-link\:circle:local-link,.supportGrid\@only-child\:circle:only-child,.supportGrid\@only-of-type\:circle:only-of-type,.supportGrid\@optional\:circle:optional,.supportGrid\@out-of-range\:circle:out-of-range,.supportGrid\@past\:circle:past,.supportGrid\@placeholder-shown\:circle:placeholder-shown,.supportGrid\@read-only\:circle:read-only,.supportGrid\@read-write\:circle:read-write,.supportGrid\@required\:circle:required,.supportGrid\@right\:circle:right,.supportGrid\@root\:circle:root,.supportGrid\@scope\:circle:scope,.supportGrid\@target-within\:circle:target-within,.supportGrid\@target\:circle:target,.supportGrid\@user-invalid\:circle:user-invalid,.supportGrid\@valid\:circle:valid,.supportGrid\@visited\:circle:visited{border-radius: 50% !important;}
}