/* layer: 00250 */
.active\:flex-0:active,
.any-link\:flex-0:any-link,
.blank\:flex-0:blank,
.checked\:flex-0:checked,
.current\:flex-0:current,
.default\:flex-0:default,
.defined\:flex-0:defined,
.disabled\:flex-0:disabled,
.drop\:flex-0:drop,
.empty\:flex-0:empty,
.enabled\:flex-0:enabled,
.first-child\:flex-0:first-child,
.first-of-type\:flex-0:first-of-type,
.first\:flex-0:first,
.flex-0,
.focus-visible\:flex-0:focus-visible,
.focus-within\:flex-0:focus-within,
.focus\:flex-0:focus,
.fullscreen\:flex-0:fullscreen,
.future\:flex-0:future,
.host\:flex-0:host,
.hover\:flex-0:hover,
.in-range\:flex-0:in-range,
.indeterminate\:flex-0:indeterminate,
.invalid\:flex-0:invalid,
.last-child\:flex-0:last-child,
.last-of-type\:flex-0:last-of-type,
.left\:flex-0:left,
.link\:flex-0:link,
.local-link\:flex-0:local-link,
.only-child\:flex-0:only-child,
.only-of-type\:flex-0:only-of-type,
.optional\:flex-0:optional,
.out-of-range\:flex-0:out-of-range,
.past\:flex-0:past,
.placeholder-shown\:flex-0:placeholder-shown,
.read-only\:flex-0:read-only,
.read-write\:flex-0:read-write,
.required\:flex-0:required,
.right\:flex-0:right,
.root\:flex-0:root,
.scope\:flex-0:scope,
.target-within\:flex-0:target-within,
.target\:flex-0:target,
.user-invalid\:flex-0:user-invalid,
.valid\:flex-0:valid,
.visited\:flex-0:visited{flex: 0 !important;}
.active\:flex-1:active,
.any-link\:flex-1:any-link,
.blank\:flex-1:blank,
.checked\:flex-1:checked,
.current\:flex-1:current,
.default\:flex-1:default,
.defined\:flex-1:defined,
.disabled\:flex-1:disabled,
.drop\:flex-1:drop,
.empty\:flex-1:empty,
.enabled\:flex-1:enabled,
.first-child\:flex-1:first-child,
.first-of-type\:flex-1:first-of-type,
.first\:flex-1:first,
.flex-1,
.focus-visible\:flex-1:focus-visible,
.focus-within\:flex-1:focus-within,
.focus\:flex-1:focus,
.fullscreen\:flex-1:fullscreen,
.future\:flex-1:future,
.host\:flex-1:host,
.hover\:flex-1:hover,
.in-range\:flex-1:in-range,
.indeterminate\:flex-1:indeterminate,
.invalid\:flex-1:invalid,
.last-child\:flex-1:last-child,
.last-of-type\:flex-1:last-of-type,
.left\:flex-1:left,
.link\:flex-1:link,
.local-link\:flex-1:local-link,
.only-child\:flex-1:only-child,
.only-of-type\:flex-1:only-of-type,
.optional\:flex-1:optional,
.out-of-range\:flex-1:out-of-range,
.past\:flex-1:past,
.placeholder-shown\:flex-1:placeholder-shown,
.read-only\:flex-1:read-only,
.read-write\:flex-1:read-write,
.required\:flex-1:required,
.right\:flex-1:right,
.root\:flex-1:root,
.scope\:flex-1:scope,
.target-within\:flex-1:target-within,
.target\:flex-1:target,
.user-invalid\:flex-1:user-invalid,
.valid\:flex-1:valid,
.visited\:flex-1:visited{flex: 1 !important;}
.active\:flex-9999:active,
.any-link\:flex-9999:any-link,
.blank\:flex-9999:blank,
.checked\:flex-9999:checked,
.current\:flex-9999:current,
.default\:flex-9999:default,
.defined\:flex-9999:defined,
.disabled\:flex-9999:disabled,
.drop\:flex-9999:drop,
.empty\:flex-9999:empty,
.enabled\:flex-9999:enabled,
.first-child\:flex-9999:first-child,
.first-of-type\:flex-9999:first-of-type,
.first\:flex-9999:first,
.flex-9999,
.focus-visible\:flex-9999:focus-visible,
.focus-within\:flex-9999:focus-within,
.focus\:flex-9999:focus,
.fullscreen\:flex-9999:fullscreen,
.future\:flex-9999:future,
.host\:flex-9999:host,
.hover\:flex-9999:hover,
.in-range\:flex-9999:in-range,
.indeterminate\:flex-9999:indeterminate,
.invalid\:flex-9999:invalid,
.last-child\:flex-9999:last-child,
.last-of-type\:flex-9999:last-of-type,
.left\:flex-9999:left,
.link\:flex-9999:link,
.local-link\:flex-9999:local-link,
.only-child\:flex-9999:only-child,
.only-of-type\:flex-9999:only-of-type,
.optional\:flex-9999:optional,
.out-of-range\:flex-9999:out-of-range,
.past\:flex-9999:past,
.placeholder-shown\:flex-9999:placeholder-shown,
.read-only\:flex-9999:read-only,
.read-write\:flex-9999:read-write,
.required\:flex-9999:required,
.right\:flex-9999:right,
.root\:flex-9999:root,
.scope\:flex-9999:scope,
.target-within\:flex-9999:target-within,
.target\:flex-9999:target,
.user-invalid\:flex-9999:user-invalid,
.valid\:flex-9999:valid,
.visited\:flex-9999:visited{flex: 9999 !important;}
.active\:flex-auto:active,
.any-link\:flex-auto:any-link,
.blank\:flex-auto:blank,
.checked\:flex-auto:checked,
.current\:flex-auto:current,
.default\:flex-auto:default,
.defined\:flex-auto:defined,
.disabled\:flex-auto:disabled,
.drop\:flex-auto:drop,
.empty\:flex-auto:empty,
.enabled\:flex-auto:enabled,
.first-child\:flex-auto:first-child,
.first-of-type\:flex-auto:first-of-type,
.first\:flex-auto:first,
.flex-auto,
.focus-visible\:flex-auto:focus-visible,
.focus-within\:flex-auto:focus-within,
.focus\:flex-auto:focus,
.fullscreen\:flex-auto:fullscreen,
.future\:flex-auto:future,
.host\:flex-auto:host,
.hover\:flex-auto:hover,
.in-range\:flex-auto:in-range,
.indeterminate\:flex-auto:indeterminate,
.invalid\:flex-auto:invalid,
.last-child\:flex-auto:last-child,
.last-of-type\:flex-auto:last-of-type,
.left\:flex-auto:left,
.link\:flex-auto:link,
.local-link\:flex-auto:local-link,
.only-child\:flex-auto:only-child,
.only-of-type\:flex-auto:only-of-type,
.optional\:flex-auto:optional,
.out-of-range\:flex-auto:out-of-range,
.past\:flex-auto:past,
.placeholder-shown\:flex-auto:placeholder-shown,
.read-only\:flex-auto:read-only,
.read-write\:flex-auto:read-write,
.required\:flex-auto:required,
.right\:flex-auto:right,
.root\:flex-auto:root,
.scope\:flex-auto:scope,
.target-within\:flex-auto:target-within,
.target\:flex-auto:target,
.user-invalid\:flex-auto:user-invalid,
.valid\:flex-auto:valid,
.visited\:flex-auto:visited{flex: auto !important;}
.active\:flex-null:active,
.any-link\:flex-null:any-link,
.blank\:flex-null:blank,
.checked\:flex-null:checked,
.current\:flex-null:current,
.default\:flex-null:default,
.defined\:flex-null:defined,
.disabled\:flex-null:disabled,
.drop\:flex-null:drop,
.empty\:flex-null:empty,
.enabled\:flex-null:enabled,
.first-child\:flex-null:first-child,
.first-of-type\:flex-null:first-of-type,
.first\:flex-null:first,
.flex-null,
.focus-visible\:flex-null:focus-visible,
.focus-within\:flex-null:focus-within,
.focus\:flex-null:focus,
.fullscreen\:flex-null:fullscreen,
.future\:flex-null:future,
.host\:flex-null:host,
.hover\:flex-null:hover,
.in-range\:flex-null:in-range,
.indeterminate\:flex-null:indeterminate,
.invalid\:flex-null:invalid,
.last-child\:flex-null:last-child,
.last-of-type\:flex-null:last-of-type,
.left\:flex-null:left,
.link\:flex-null:link,
.local-link\:flex-null:local-link,
.only-child\:flex-null:only-child,
.only-of-type\:flex-null:only-of-type,
.optional\:flex-null:optional,
.out-of-range\:flex-null:out-of-range,
.past\:flex-null:past,
.placeholder-shown\:flex-null:placeholder-shown,
.read-only\:flex-null:read-only,
.read-write\:flex-null:read-write,
.required\:flex-null:required,
.right\:flex-null:right,
.root\:flex-null:root,
.scope\:flex-null:scope,
.target-within\:flex-null:target-within,
.target\:flex-null:target,
.user-invalid\:flex-null:user-invalid,
.valid\:flex-null:valid,
.visited\:flex-null:visited{flex: null !important;}
@media (min-width: 1024px){
.lg\@flex-0{flex: 0 !important;}
.lg\@flex-1{flex: 1 !important;}
.lg\@flex-9999{flex: 9999 !important;}
.lg\@flex-auto{flex: auto !important;}
.lg\@flex-null{flex: null !important;}
}
@media (min-width: 1280px){
.xl\@flex-0{flex: 0 !important;}
.xl\@flex-1{flex: 1 !important;}
.xl\@flex-9999{flex: 9999 !important;}
.xl\@flex-auto{flex: auto !important;}
.xl\@flex-null{flex: null !important;}
}
@media (min-width: 640px){
.sm\@flex-0{flex: 0 !important;}
.sm\@flex-1{flex: 1 !important;}
.sm\@flex-9999{flex: 9999 !important;}
.sm\@flex-auto{flex: auto !important;}
.sm\@flex-null{flex: null !important;}
}
@media (min-width: 768px){
.md\@flex-0{flex: 0 !important;}
.md\@flex-1{flex: 1 !important;}
.md\@flex-9999{flex: 9999 !important;}
.md\@flex-auto{flex: auto !important;}
.md\@flex-null{flex: null !important;}
}
@supports (display: grid){
.supportGrid\@flex-0{flex: 0 !important;}
.supportGrid\@flex-1{flex: 1 !important;}
.supportGrid\@flex-9999{flex: 9999 !important;}
.supportGrid\@flex-auto{flex: auto !important;}
.supportGrid\@flex-null{flex: null !important;}
}