/* layer: 00260 */
.active\:flex-shrink-0:active,.any-link\:flex-shrink-0:any-link,.blank\:flex-shrink-0:blank,.checked\:flex-shrink-0:checked,.current\:flex-shrink-0:current,.default\:flex-shrink-0:default,.defined\:flex-shrink-0:defined,.disabled\:flex-shrink-0:disabled,.drop\:flex-shrink-0:drop,.empty\:flex-shrink-0:empty,.enabled\:flex-shrink-0:enabled,.first-child\:flex-shrink-0:first-child,.first-of-type\:flex-shrink-0:first-of-type,.first\:flex-shrink-0:first,.flex-shrink-0,.focus-visible\:flex-shrink-0:focus-visible,.focus-within\:flex-shrink-0:focus-within,.focus\:flex-shrink-0:focus,.fullscreen\:flex-shrink-0:fullscreen,.future\:flex-shrink-0:future,.host\:flex-shrink-0:host,.hover\:flex-shrink-0:hover,.in-range\:flex-shrink-0:in-range,.indeterminate\:flex-shrink-0:indeterminate,.invalid\:flex-shrink-0:invalid,.last-child\:flex-shrink-0:last-child,.last-of-type\:flex-shrink-0:last-of-type,.left\:flex-shrink-0:left,.link\:flex-shrink-0:link,.local-link\:flex-shrink-0:local-link,.only-child\:flex-shrink-0:only-child,.only-of-type\:flex-shrink-0:only-of-type,.optional\:flex-shrink-0:optional,.out-of-range\:flex-shrink-0:out-of-range,.past\:flex-shrink-0:past,.placeholder-shown\:flex-shrink-0:placeholder-shown,.read-only\:flex-shrink-0:read-only,.read-write\:flex-shrink-0:read-write,.required\:flex-shrink-0:required,.right\:flex-shrink-0:right,.root\:flex-shrink-0:root,.scope\:flex-shrink-0:scope,.target-within\:flex-shrink-0:target-within,.target\:flex-shrink-0:target,.user-invalid\:flex-shrink-0:user-invalid,.valid\:flex-shrink-0:valid,.visited\:flex-shrink-0:visited{flex-shrink: 0 !important;}
.active\:flex-shrink-123:active,.any-link\:flex-shrink-123:any-link,.blank\:flex-shrink-123:blank,.checked\:flex-shrink-123:checked,.current\:flex-shrink-123:current,.default\:flex-shrink-123:default,.defined\:flex-shrink-123:defined,.disabled\:flex-shrink-123:disabled,.drop\:flex-shrink-123:drop,.empty\:flex-shrink-123:empty,.enabled\:flex-shrink-123:enabled,.first-child\:flex-shrink-123:first-child,.first-of-type\:flex-shrink-123:first-of-type,.first\:flex-shrink-123:first,.flex-shrink-123,.focus-visible\:flex-shrink-123:focus-visible,.focus-within\:flex-shrink-123:focus-within,.focus\:flex-shrink-123:focus,.fullscreen\:flex-shrink-123:fullscreen,.future\:flex-shrink-123:future,.host\:flex-shrink-123:host,.hover\:flex-shrink-123:hover,.in-range\:flex-shrink-123:in-range,.indeterminate\:flex-shrink-123:indeterminate,.invalid\:flex-shrink-123:invalid,.last-child\:flex-shrink-123:last-child,.last-of-type\:flex-shrink-123:last-of-type,.left\:flex-shrink-123:left,.link\:flex-shrink-123:link,.local-link\:flex-shrink-123:local-link,.only-child\:flex-shrink-123:only-child,.only-of-type\:flex-shrink-123:only-of-type,.optional\:flex-shrink-123:optional,.out-of-range\:flex-shrink-123:out-of-range,.past\:flex-shrink-123:past,.placeholder-shown\:flex-shrink-123:placeholder-shown,.read-only\:flex-shrink-123:read-only,.read-write\:flex-shrink-123:read-write,.required\:flex-shrink-123:required,.right\:flex-shrink-123:right,.root\:flex-shrink-123:root,.scope\:flex-shrink-123:scope,.target-within\:flex-shrink-123:target-within,.target\:flex-shrink-123:target,.user-invalid\:flex-shrink-123:user-invalid,.valid\:flex-shrink-123:valid,.visited\:flex-shrink-123:visited{flex-shrink: 123 !important;}
.active\:flex-shrink-999999999:active,.any-link\:flex-shrink-999999999:any-link,.blank\:flex-shrink-999999999:blank,.checked\:flex-shrink-999999999:checked,.current\:flex-shrink-999999999:current,.default\:flex-shrink-999999999:default,.defined\:flex-shrink-999999999:defined,.disabled\:flex-shrink-999999999:disabled,.drop\:flex-shrink-999999999:drop,.empty\:flex-shrink-999999999:empty,.enabled\:flex-shrink-999999999:enabled,.first-child\:flex-shrink-999999999:first-child,.first-of-type\:flex-shrink-999999999:first-of-type,.first\:flex-shrink-999999999:first,.flex-shrink-999999999,.focus-visible\:flex-shrink-999999999:focus-visible,.focus-within\:flex-shrink-999999999:focus-within,.focus\:flex-shrink-999999999:focus,.fullscreen\:flex-shrink-999999999:fullscreen,.future\:flex-shrink-999999999:future,.host\:flex-shrink-999999999:host,.hover\:flex-shrink-999999999:hover,.in-range\:flex-shrink-999999999:in-range,.indeterminate\:flex-shrink-999999999:indeterminate,.invalid\:flex-shrink-999999999:invalid,.last-child\:flex-shrink-999999999:last-child,.last-of-type\:flex-shrink-999999999:last-of-type,.left\:flex-shrink-999999999:left,.link\:flex-shrink-999999999:link,.local-link\:flex-shrink-999999999:local-link,.only-child\:flex-shrink-999999999:only-child,.only-of-type\:flex-shrink-999999999:only-of-type,.optional\:flex-shrink-999999999:optional,.out-of-range\:flex-shrink-999999999:out-of-range,.past\:flex-shrink-999999999:past,.placeholder-shown\:flex-shrink-999999999:placeholder-shown,.read-only\:flex-shrink-999999999:read-only,.read-write\:flex-shrink-999999999:read-write,.required\:flex-shrink-999999999:required,.right\:flex-shrink-999999999:right,.root\:flex-shrink-999999999:root,.scope\:flex-shrink-999999999:scope,.target-within\:flex-shrink-999999999:target-within,.target\:flex-shrink-999999999:target,.user-invalid\:flex-shrink-999999999:user-invalid,.valid\:flex-shrink-999999999:valid,.visited\:flex-shrink-999999999:visited{flex-shrink: 999999999 !important;}
.active\:flex-shrink-inherit:active,.any-link\:flex-shrink-inherit:any-link,.blank\:flex-shrink-inherit:blank,.checked\:flex-shrink-inherit:checked,.current\:flex-shrink-inherit:current,.default\:flex-shrink-inherit:default,.defined\:flex-shrink-inherit:defined,.disabled\:flex-shrink-inherit:disabled,.drop\:flex-shrink-inherit:drop,.empty\:flex-shrink-inherit:empty,.enabled\:flex-shrink-inherit:enabled,.first-child\:flex-shrink-inherit:first-child,.first-of-type\:flex-shrink-inherit:first-of-type,.first\:flex-shrink-inherit:first,.flex-shrink-inherit,.focus-visible\:flex-shrink-inherit:focus-visible,.focus-within\:flex-shrink-inherit:focus-within,.focus\:flex-shrink-inherit:focus,.fullscreen\:flex-shrink-inherit:fullscreen,.future\:flex-shrink-inherit:future,.host\:flex-shrink-inherit:host,.hover\:flex-shrink-inherit:hover,.in-range\:flex-shrink-inherit:in-range,.indeterminate\:flex-shrink-inherit:indeterminate,.invalid\:flex-shrink-inherit:invalid,.last-child\:flex-shrink-inherit:last-child,.last-of-type\:flex-shrink-inherit:last-of-type,.left\:flex-shrink-inherit:left,.link\:flex-shrink-inherit:link,.local-link\:flex-shrink-inherit:local-link,.only-child\:flex-shrink-inherit:only-child,.only-of-type\:flex-shrink-inherit:only-of-type,.optional\:flex-shrink-inherit:optional,.out-of-range\:flex-shrink-inherit:out-of-range,.past\:flex-shrink-inherit:past,.placeholder-shown\:flex-shrink-inherit:placeholder-shown,.read-only\:flex-shrink-inherit:read-only,.read-write\:flex-shrink-inherit:read-write,.required\:flex-shrink-inherit:required,.right\:flex-shrink-inherit:right,.root\:flex-shrink-inherit:root,.scope\:flex-shrink-inherit:scope,.target-within\:flex-shrink-inherit:target-within,.target\:flex-shrink-inherit:target,.user-invalid\:flex-shrink-inherit:user-invalid,.valid\:flex-shrink-inherit:valid,.visited\:flex-shrink-inherit:visited{flex-shrink: inherit !important;}
.active\:flex-shrink-initial:active,.any-link\:flex-shrink-initial:any-link,.blank\:flex-shrink-initial:blank,.checked\:flex-shrink-initial:checked,.current\:flex-shrink-initial:current,.default\:flex-shrink-initial:default,.defined\:flex-shrink-initial:defined,.disabled\:flex-shrink-initial:disabled,.drop\:flex-shrink-initial:drop,.empty\:flex-shrink-initial:empty,.enabled\:flex-shrink-initial:enabled,.first-child\:flex-shrink-initial:first-child,.first-of-type\:flex-shrink-initial:first-of-type,.first\:flex-shrink-initial:first,.flex-shrink-initial,.focus-visible\:flex-shrink-initial:focus-visible,.focus-within\:flex-shrink-initial:focus-within,.focus\:flex-shrink-initial:focus,.fullscreen\:flex-shrink-initial:fullscreen,.future\:flex-shrink-initial:future,.host\:flex-shrink-initial:host,.hover\:flex-shrink-initial:hover,.in-range\:flex-shrink-initial:in-range,.indeterminate\:flex-shrink-initial:indeterminate,.invalid\:flex-shrink-initial:invalid,.last-child\:flex-shrink-initial:last-child,.last-of-type\:flex-shrink-initial:last-of-type,.left\:flex-shrink-initial:left,.link\:flex-shrink-initial:link,.local-link\:flex-shrink-initial:local-link,.only-child\:flex-shrink-initial:only-child,.only-of-type\:flex-shrink-initial:only-of-type,.optional\:flex-shrink-initial:optional,.out-of-range\:flex-shrink-initial:out-of-range,.past\:flex-shrink-initial:past,.placeholder-shown\:flex-shrink-initial:placeholder-shown,.read-only\:flex-shrink-initial:read-only,.read-write\:flex-shrink-initial:read-write,.required\:flex-shrink-initial:required,.right\:flex-shrink-initial:right,.root\:flex-shrink-initial:root,.scope\:flex-shrink-initial:scope,.target-within\:flex-shrink-initial:target-within,.target\:flex-shrink-initial:target,.user-invalid\:flex-shrink-initial:user-invalid,.valid\:flex-shrink-initial:valid,.visited\:flex-shrink-initial:visited{flex-shrink: initial !important;}
@media (min-width: 640px){
.sm\@flex-shrink-0{flex-shrink: 0 !important;}
.sm\@flex-shrink-123{flex-shrink: 123 !important;}
.sm\@flex-shrink-999999999{flex-shrink: 999999999 !important;}
.sm\@flex-shrink-inherit{flex-shrink: inherit !important;}
.sm\@flex-shrink-initial{flex-shrink: initial !important;}
}
@media (min-width: 768px){
.md\@flex-shrink-0{flex-shrink: 0 !important;}
.md\@flex-shrink-123{flex-shrink: 123 !important;}
.md\@flex-shrink-999999999{flex-shrink: 999999999 !important;}
.md\@flex-shrink-inherit{flex-shrink: inherit !important;}
.md\@flex-shrink-initial{flex-shrink: initial !important;}
}
@media (min-width: 1024px){
.lg\@flex-shrink-0{flex-shrink: 0 !important;}
.lg\@flex-shrink-123{flex-shrink: 123 !important;}
.lg\@flex-shrink-999999999{flex-shrink: 999999999 !important;}
.lg\@flex-shrink-inherit{flex-shrink: inherit !important;}
.lg\@flex-shrink-initial{flex-shrink: initial !important;}
}
@media (min-width: 1280px){
.xl\@flex-shrink-0{flex-shrink: 0 !important;}
.xl\@flex-shrink-123{flex-shrink: 123 !important;}
.xl\@flex-shrink-999999999{flex-shrink: 999999999 !important;}
.xl\@flex-shrink-inherit{flex-shrink: inherit !important;}
.xl\@flex-shrink-initial{flex-shrink: initial !important;}
}
@supports (display: grid){
.supportGrid\@flex-shrink-0{flex-shrink: 0 !important;}
.supportGrid\@flex-shrink-123{flex-shrink: 123 !important;}
.supportGrid\@flex-shrink-999999999{flex-shrink: 999999999 !important;}
.supportGrid\@flex-shrink-inherit{flex-shrink: inherit !important;}
.supportGrid\@flex-shrink-initial{flex-shrink: initial !important;}
}
/* layer: 00270 */
.active\:flex-grow-0:active,.any-link\:flex-grow-0:any-link,.blank\:flex-grow-0:blank,.checked\:flex-grow-0:checked,.current\:flex-grow-0:current,.default\:flex-grow-0:default,.defined\:flex-grow-0:defined,.disabled\:flex-grow-0:disabled,.drop\:flex-grow-0:drop,.empty\:flex-grow-0:empty,.enabled\:flex-grow-0:enabled,.first-child\:flex-grow-0:first-child,.first-of-type\:flex-grow-0:first-of-type,.first\:flex-grow-0:first,.flex-grow-0,.focus-visible\:flex-grow-0:focus-visible,.focus-within\:flex-grow-0:focus-within,.focus\:flex-grow-0:focus,.fullscreen\:flex-grow-0:fullscreen,.future\:flex-grow-0:future,.host\:flex-grow-0:host,.hover\:flex-grow-0:hover,.in-range\:flex-grow-0:in-range,.indeterminate\:flex-grow-0:indeterminate,.invalid\:flex-grow-0:invalid,.last-child\:flex-grow-0:last-child,.last-of-type\:flex-grow-0:last-of-type,.left\:flex-grow-0:left,.link\:flex-grow-0:link,.local-link\:flex-grow-0:local-link,.only-child\:flex-grow-0:only-child,.only-of-type\:flex-grow-0:only-of-type,.optional\:flex-grow-0:optional,.out-of-range\:flex-grow-0:out-of-range,.past\:flex-grow-0:past,.placeholder-shown\:flex-grow-0:placeholder-shown,.read-only\:flex-grow-0:read-only,.read-write\:flex-grow-0:read-write,.required\:flex-grow-0:required,.right\:flex-grow-0:right,.root\:flex-grow-0:root,.scope\:flex-grow-0:scope,.target-within\:flex-grow-0:target-within,.target\:flex-grow-0:target,.user-invalid\:flex-grow-0:user-invalid,.valid\:flex-grow-0:valid,.visited\:flex-grow-0:visited{flex-grow: 0 !important;}
.active\:flex-grow-123:active,.any-link\:flex-grow-123:any-link,.blank\:flex-grow-123:blank,.checked\:flex-grow-123:checked,.current\:flex-grow-123:current,.default\:flex-grow-123:default,.defined\:flex-grow-123:defined,.disabled\:flex-grow-123:disabled,.drop\:flex-grow-123:drop,.empty\:flex-grow-123:empty,.enabled\:flex-grow-123:enabled,.first-child\:flex-grow-123:first-child,.first-of-type\:flex-grow-123:first-of-type,.first\:flex-grow-123:first,.flex-grow-123,.focus-visible\:flex-grow-123:focus-visible,.focus-within\:flex-grow-123:focus-within,.focus\:flex-grow-123:focus,.fullscreen\:flex-grow-123:fullscreen,.future\:flex-grow-123:future,.host\:flex-grow-123:host,.hover\:flex-grow-123:hover,.in-range\:flex-grow-123:in-range,.indeterminate\:flex-grow-123:indeterminate,.invalid\:flex-grow-123:invalid,.last-child\:flex-grow-123:last-child,.last-of-type\:flex-grow-123:last-of-type,.left\:flex-grow-123:left,.link\:flex-grow-123:link,.local-link\:flex-grow-123:local-link,.only-child\:flex-grow-123:only-child,.only-of-type\:flex-grow-123:only-of-type,.optional\:flex-grow-123:optional,.out-of-range\:flex-grow-123:out-of-range,.past\:flex-grow-123:past,.placeholder-shown\:flex-grow-123:placeholder-shown,.read-only\:flex-grow-123:read-only,.read-write\:flex-grow-123:read-write,.required\:flex-grow-123:required,.right\:flex-grow-123:right,.root\:flex-grow-123:root,.scope\:flex-grow-123:scope,.target-within\:flex-grow-123:target-within,.target\:flex-grow-123:target,.user-invalid\:flex-grow-123:user-invalid,.valid\:flex-grow-123:valid,.visited\:flex-grow-123:visited{flex-grow: 123 !important;}
.active\:flex-grow-999999999:active,.any-link\:flex-grow-999999999:any-link,.blank\:flex-grow-999999999:blank,.checked\:flex-grow-999999999:checked,.current\:flex-grow-999999999:current,.default\:flex-grow-999999999:default,.defined\:flex-grow-999999999:defined,.disabled\:flex-grow-999999999:disabled,.drop\:flex-grow-999999999:drop,.empty\:flex-grow-999999999:empty,.enabled\:flex-grow-999999999:enabled,.first-child\:flex-grow-999999999:first-child,.first-of-type\:flex-grow-999999999:first-of-type,.first\:flex-grow-999999999:first,.flex-grow-999999999,.focus-visible\:flex-grow-999999999:focus-visible,.focus-within\:flex-grow-999999999:focus-within,.focus\:flex-grow-999999999:focus,.fullscreen\:flex-grow-999999999:fullscreen,.future\:flex-grow-999999999:future,.host\:flex-grow-999999999:host,.hover\:flex-grow-999999999:hover,.in-range\:flex-grow-999999999:in-range,.indeterminate\:flex-grow-999999999:indeterminate,.invalid\:flex-grow-999999999:invalid,.last-child\:flex-grow-999999999:last-child,.last-of-type\:flex-grow-999999999:last-of-type,.left\:flex-grow-999999999:left,.link\:flex-grow-999999999:link,.local-link\:flex-grow-999999999:local-link,.only-child\:flex-grow-999999999:only-child,.only-of-type\:flex-grow-999999999:only-of-type,.optional\:flex-grow-999999999:optional,.out-of-range\:flex-grow-999999999:out-of-range,.past\:flex-grow-999999999:past,.placeholder-shown\:flex-grow-999999999:placeholder-shown,.read-only\:flex-grow-999999999:read-only,.read-write\:flex-grow-999999999:read-write,.required\:flex-grow-999999999:required,.right\:flex-grow-999999999:right,.root\:flex-grow-999999999:root,.scope\:flex-grow-999999999:scope,.target-within\:flex-grow-999999999:target-within,.target\:flex-grow-999999999:target,.user-invalid\:flex-grow-999999999:user-invalid,.valid\:flex-grow-999999999:valid,.visited\:flex-grow-999999999:visited{flex-grow: 999999999 !important;}
.active\:flex-grow-inherit:active,.any-link\:flex-grow-inherit:any-link,.blank\:flex-grow-inherit:blank,.checked\:flex-grow-inherit:checked,.current\:flex-grow-inherit:current,.default\:flex-grow-inherit:default,.defined\:flex-grow-inherit:defined,.disabled\:flex-grow-inherit:disabled,.drop\:flex-grow-inherit:drop,.empty\:flex-grow-inherit:empty,.enabled\:flex-grow-inherit:enabled,.first-child\:flex-grow-inherit:first-child,.first-of-type\:flex-grow-inherit:first-of-type,.first\:flex-grow-inherit:first,.flex-grow-inherit,.focus-visible\:flex-grow-inherit:focus-visible,.focus-within\:flex-grow-inherit:focus-within,.focus\:flex-grow-inherit:focus,.fullscreen\:flex-grow-inherit:fullscreen,.future\:flex-grow-inherit:future,.host\:flex-grow-inherit:host,.hover\:flex-grow-inherit:hover,.in-range\:flex-grow-inherit:in-range,.indeterminate\:flex-grow-inherit:indeterminate,.invalid\:flex-grow-inherit:invalid,.last-child\:flex-grow-inherit:last-child,.last-of-type\:flex-grow-inherit:last-of-type,.left\:flex-grow-inherit:left,.link\:flex-grow-inherit:link,.local-link\:flex-grow-inherit:local-link,.only-child\:flex-grow-inherit:only-child,.only-of-type\:flex-grow-inherit:only-of-type,.optional\:flex-grow-inherit:optional,.out-of-range\:flex-grow-inherit:out-of-range,.past\:flex-grow-inherit:past,.placeholder-shown\:flex-grow-inherit:placeholder-shown,.read-only\:flex-grow-inherit:read-only,.read-write\:flex-grow-inherit:read-write,.required\:flex-grow-inherit:required,.right\:flex-grow-inherit:right,.root\:flex-grow-inherit:root,.scope\:flex-grow-inherit:scope,.target-within\:flex-grow-inherit:target-within,.target\:flex-grow-inherit:target,.user-invalid\:flex-grow-inherit:user-invalid,.valid\:flex-grow-inherit:valid,.visited\:flex-grow-inherit:visited{flex-grow: inherit !important;}
.active\:flex-grow-initial:active,.any-link\:flex-grow-initial:any-link,.blank\:flex-grow-initial:blank,.checked\:flex-grow-initial:checked,.current\:flex-grow-initial:current,.default\:flex-grow-initial:default,.defined\:flex-grow-initial:defined,.disabled\:flex-grow-initial:disabled,.drop\:flex-grow-initial:drop,.empty\:flex-grow-initial:empty,.enabled\:flex-grow-initial:enabled,.first-child\:flex-grow-initial:first-child,.first-of-type\:flex-grow-initial:first-of-type,.first\:flex-grow-initial:first,.flex-grow-initial,.focus-visible\:flex-grow-initial:focus-visible,.focus-within\:flex-grow-initial:focus-within,.focus\:flex-grow-initial:focus,.fullscreen\:flex-grow-initial:fullscreen,.future\:flex-grow-initial:future,.host\:flex-grow-initial:host,.hover\:flex-grow-initial:hover,.in-range\:flex-grow-initial:in-range,.indeterminate\:flex-grow-initial:indeterminate,.invalid\:flex-grow-initial:invalid,.last-child\:flex-grow-initial:last-child,.last-of-type\:flex-grow-initial:last-of-type,.left\:flex-grow-initial:left,.link\:flex-grow-initial:link,.local-link\:flex-grow-initial:local-link,.only-child\:flex-grow-initial:only-child,.only-of-type\:flex-grow-initial:only-of-type,.optional\:flex-grow-initial:optional,.out-of-range\:flex-grow-initial:out-of-range,.past\:flex-grow-initial:past,.placeholder-shown\:flex-grow-initial:placeholder-shown,.read-only\:flex-grow-initial:read-only,.read-write\:flex-grow-initial:read-write,.required\:flex-grow-initial:required,.right\:flex-grow-initial:right,.root\:flex-grow-initial:root,.scope\:flex-grow-initial:scope,.target-within\:flex-grow-initial:target-within,.target\:flex-grow-initial:target,.user-invalid\:flex-grow-initial:user-invalid,.valid\:flex-grow-initial:valid,.visited\:flex-grow-initial:visited{flex-grow: initial !important;}
@media (min-width: 640px){
.sm\@flex-grow-0{flex-grow: 0 !important;}
.sm\@flex-grow-123{flex-grow: 123 !important;}
.sm\@flex-grow-999999999{flex-grow: 999999999 !important;}
.sm\@flex-grow-inherit{flex-grow: inherit !important;}
.sm\@flex-grow-initial{flex-grow: initial !important;}
}
@media (min-width: 768px){
.md\@flex-grow-0{flex-grow: 0 !important;}
.md\@flex-grow-123{flex-grow: 123 !important;}
.md\@flex-grow-999999999{flex-grow: 999999999 !important;}
.md\@flex-grow-inherit{flex-grow: inherit !important;}
.md\@flex-grow-initial{flex-grow: initial !important;}
}
@media (min-width: 1024px){
.lg\@flex-grow-0{flex-grow: 0 !important;}
.lg\@flex-grow-123{flex-grow: 123 !important;}
.lg\@flex-grow-999999999{flex-grow: 999999999 !important;}
.lg\@flex-grow-inherit{flex-grow: inherit !important;}
.lg\@flex-grow-initial{flex-grow: initial !important;}
}
@media (min-width: 1280px){
.xl\@flex-grow-0{flex-grow: 0 !important;}
.xl\@flex-grow-123{flex-grow: 123 !important;}
.xl\@flex-grow-999999999{flex-grow: 999999999 !important;}
.xl\@flex-grow-inherit{flex-grow: inherit !important;}
.xl\@flex-grow-initial{flex-grow: initial !important;}
}
@supports (display: grid){
.supportGrid\@flex-grow-0{flex-grow: 0 !important;}
.supportGrid\@flex-grow-123{flex-grow: 123 !important;}
.supportGrid\@flex-grow-999999999{flex-grow: 999999999 !important;}
.supportGrid\@flex-grow-inherit{flex-grow: inherit !important;}
.supportGrid\@flex-grow-initial{flex-grow: initial !important;}
}