/* layer: 00240 */
.active\:flex-inherit:active,
.active\:flex-wrap-inherit:active,
.any-link\:flex-inherit:any-link,
.any-link\:flex-wrap-inherit:any-link,
.blank\:flex-inherit:blank,
.blank\:flex-wrap-inherit:blank,
.checked\:flex-inherit:checked,
.checked\:flex-wrap-inherit:checked,
.current\:flex-inherit:current,
.current\:flex-wrap-inherit:current,
.default\:flex-inherit:default,
.default\:flex-wrap-inherit:default,
.defined\:flex-inherit:defined,
.defined\:flex-wrap-inherit:defined,
.disabled\:flex-inherit:disabled,
.disabled\:flex-wrap-inherit:disabled,
.drop\:flex-inherit:drop,
.drop\:flex-wrap-inherit:drop,
.empty\:flex-inherit:empty,
.empty\:flex-wrap-inherit:empty,
.enabled\:flex-inherit:enabled,
.enabled\:flex-wrap-inherit:enabled,
.first-child\:flex-inherit:first-child,
.first-child\:flex-wrap-inherit:first-child,
.first-of-type\:flex-inherit:first-of-type,
.first-of-type\:flex-wrap-inherit:first-of-type,
.first\:flex-inherit:first,
.first\:flex-wrap-inherit:first,
.flex-inherit,
.flex-wrap-inherit,
.focus-visible\:flex-inherit:focus-visible,
.focus-visible\:flex-wrap-inherit:focus-visible,
.focus-within\:flex-inherit:focus-within,
.focus-within\:flex-wrap-inherit:focus-within,
.focus\:flex-inherit:focus,
.focus\:flex-wrap-inherit:focus,
.fullscreen\:flex-inherit:fullscreen,
.fullscreen\:flex-wrap-inherit:fullscreen,
.future\:flex-inherit:future,
.future\:flex-wrap-inherit:future,
.host\:flex-inherit:host,
.host\:flex-wrap-inherit:host,
.hover\:flex-inherit:hover,
.hover\:flex-wrap-inherit:hover,
.in-range\:flex-inherit:in-range,
.in-range\:flex-wrap-inherit:in-range,
.indeterminate\:flex-inherit:indeterminate,
.indeterminate\:flex-wrap-inherit:indeterminate,
.invalid\:flex-inherit:invalid,
.invalid\:flex-wrap-inherit:invalid,
.last-child\:flex-inherit:last-child,
.last-child\:flex-wrap-inherit:last-child,
.last-of-type\:flex-inherit:last-of-type,
.last-of-type\:flex-wrap-inherit:last-of-type,
.left\:flex-inherit:left,
.left\:flex-wrap-inherit:left,
.link\:flex-inherit:link,
.link\:flex-wrap-inherit:link,
.local-link\:flex-inherit:local-link,
.local-link\:flex-wrap-inherit:local-link,
.only-child\:flex-inherit:only-child,
.only-child\:flex-wrap-inherit:only-child,
.only-of-type\:flex-inherit:only-of-type,
.only-of-type\:flex-wrap-inherit:only-of-type,
.optional\:flex-inherit:optional,
.optional\:flex-wrap-inherit:optional,
.out-of-range\:flex-inherit:out-of-range,
.out-of-range\:flex-wrap-inherit:out-of-range,
.past\:flex-inherit:past,
.past\:flex-wrap-inherit:past,
.placeholder-shown\:flex-inherit:placeholder-shown,
.placeholder-shown\:flex-wrap-inherit:placeholder-shown,
.read-only\:flex-inherit:read-only,
.read-only\:flex-wrap-inherit:read-only,
.read-write\:flex-inherit:read-write,
.read-write\:flex-wrap-inherit:read-write,
.required\:flex-inherit:required,
.required\:flex-wrap-inherit:required,
.right\:flex-inherit:right,
.right\:flex-wrap-inherit:right,
.root\:flex-inherit:root,
.root\:flex-wrap-inherit:root,
.scope\:flex-inherit:scope,
.scope\:flex-wrap-inherit:scope,
.target-within\:flex-inherit:target-within,
.target-within\:flex-wrap-inherit:target-within,
.target\:flex-inherit:target,
.target\:flex-wrap-inherit:target,
.user-invalid\:flex-inherit:user-invalid,
.user-invalid\:flex-wrap-inherit:user-invalid,
.valid\:flex-inherit:valid,
.valid\:flex-wrap-inherit:valid,
.visited\:flex-inherit:visited,
.visited\:flex-wrap-inherit:visited{flex-wrap: inherit !important;}
.active\:flex-initial:active,
.active\:flex-wrap-initial:active,
.any-link\:flex-initial:any-link,
.any-link\:flex-wrap-initial:any-link,
.blank\:flex-initial:blank,
.blank\:flex-wrap-initial:blank,
.checked\:flex-initial:checked,
.checked\:flex-wrap-initial:checked,
.current\:flex-initial:current,
.current\:flex-wrap-initial:current,
.default\:flex-initial:default,
.default\:flex-wrap-initial:default,
.defined\:flex-initial:defined,
.defined\:flex-wrap-initial:defined,
.disabled\:flex-initial:disabled,
.disabled\:flex-wrap-initial:disabled,
.drop\:flex-initial:drop,
.drop\:flex-wrap-initial:drop,
.empty\:flex-initial:empty,
.empty\:flex-wrap-initial:empty,
.enabled\:flex-initial:enabled,
.enabled\:flex-wrap-initial:enabled,
.first-child\:flex-initial:first-child,
.first-child\:flex-wrap-initial:first-child,
.first-of-type\:flex-initial:first-of-type,
.first-of-type\:flex-wrap-initial:first-of-type,
.first\:flex-initial:first,
.first\:flex-wrap-initial:first,
.flex-initial,
.flex-wrap-initial,
.focus-visible\:flex-initial:focus-visible,
.focus-visible\:flex-wrap-initial:focus-visible,
.focus-within\:flex-initial:focus-within,
.focus-within\:flex-wrap-initial:focus-within,
.focus\:flex-initial:focus,
.focus\:flex-wrap-initial:focus,
.fullscreen\:flex-initial:fullscreen,
.fullscreen\:flex-wrap-initial:fullscreen,
.future\:flex-initial:future,
.future\:flex-wrap-initial:future,
.host\:flex-initial:host,
.host\:flex-wrap-initial:host,
.hover\:flex-initial:hover,
.hover\:flex-wrap-initial:hover,
.in-range\:flex-initial:in-range,
.in-range\:flex-wrap-initial:in-range,
.indeterminate\:flex-initial:indeterminate,
.indeterminate\:flex-wrap-initial:indeterminate,
.invalid\:flex-initial:invalid,
.invalid\:flex-wrap-initial:invalid,
.last-child\:flex-initial:last-child,
.last-child\:flex-wrap-initial:last-child,
.last-of-type\:flex-initial:last-of-type,
.last-of-type\:flex-wrap-initial:last-of-type,
.left\:flex-initial:left,
.left\:flex-wrap-initial:left,
.link\:flex-initial:link,
.link\:flex-wrap-initial:link,
.local-link\:flex-initial:local-link,
.local-link\:flex-wrap-initial:local-link,
.only-child\:flex-initial:only-child,
.only-child\:flex-wrap-initial:only-child,
.only-of-type\:flex-initial:only-of-type,
.only-of-type\:flex-wrap-initial:only-of-type,
.optional\:flex-initial:optional,
.optional\:flex-wrap-initial:optional,
.out-of-range\:flex-initial:out-of-range,
.out-of-range\:flex-wrap-initial:out-of-range,
.past\:flex-initial:past,
.past\:flex-wrap-initial:past,
.placeholder-shown\:flex-initial:placeholder-shown,
.placeholder-shown\:flex-wrap-initial:placeholder-shown,
.read-only\:flex-initial:read-only,
.read-only\:flex-wrap-initial:read-only,
.read-write\:flex-initial:read-write,
.read-write\:flex-wrap-initial:read-write,
.required\:flex-initial:required,
.required\:flex-wrap-initial:required,
.right\:flex-initial:right,
.right\:flex-wrap-initial:right,
.root\:flex-initial:root,
.root\:flex-wrap-initial:root,
.scope\:flex-initial:scope,
.scope\:flex-wrap-initial:scope,
.target-within\:flex-initial:target-within,
.target-within\:flex-wrap-initial:target-within,
.target\:flex-initial:target,
.target\:flex-wrap-initial:target,
.user-invalid\:flex-initial:user-invalid,
.user-invalid\:flex-wrap-initial:user-invalid,
.valid\:flex-initial:valid,
.valid\:flex-wrap-initial:valid,
.visited\:flex-initial:visited,
.visited\:flex-wrap-initial:visited{flex-wrap: initial !important;}
.active\:flex-nowrap:active,
.active\:flex-wrap-nowrap:active,
.any-link\:flex-nowrap:any-link,
.any-link\:flex-wrap-nowrap:any-link,
.blank\:flex-nowrap:blank,
.blank\:flex-wrap-nowrap:blank,
.checked\:flex-nowrap:checked,
.checked\:flex-wrap-nowrap:checked,
.current\:flex-nowrap:current,
.current\:flex-wrap-nowrap:current,
.default\:flex-nowrap:default,
.default\:flex-wrap-nowrap:default,
.defined\:flex-nowrap:defined,
.defined\:flex-wrap-nowrap:defined,
.disabled\:flex-nowrap:disabled,
.disabled\:flex-wrap-nowrap:disabled,
.drop\:flex-nowrap:drop,
.drop\:flex-wrap-nowrap:drop,
.empty\:flex-nowrap:empty,
.empty\:flex-wrap-nowrap:empty,
.enabled\:flex-nowrap:enabled,
.enabled\:flex-wrap-nowrap:enabled,
.first-child\:flex-nowrap:first-child,
.first-child\:flex-wrap-nowrap:first-child,
.first-of-type\:flex-nowrap:first-of-type,
.first-of-type\:flex-wrap-nowrap:first-of-type,
.first\:flex-nowrap:first,
.first\:flex-wrap-nowrap:first,
.flex-nowrap,
.flex-wrap-nowrap,
.focus-visible\:flex-nowrap:focus-visible,
.focus-visible\:flex-wrap-nowrap:focus-visible,
.focus-within\:flex-nowrap:focus-within,
.focus-within\:flex-wrap-nowrap:focus-within,
.focus\:flex-nowrap:focus,
.focus\:flex-wrap-nowrap:focus,
.fullscreen\:flex-nowrap:fullscreen,
.fullscreen\:flex-wrap-nowrap:fullscreen,
.future\:flex-nowrap:future,
.future\:flex-wrap-nowrap:future,
.host\:flex-nowrap:host,
.host\:flex-wrap-nowrap:host,
.hover\:flex-nowrap:hover,
.hover\:flex-wrap-nowrap:hover,
.in-range\:flex-nowrap:in-range,
.in-range\:flex-wrap-nowrap:in-range,
.indeterminate\:flex-nowrap:indeterminate,
.indeterminate\:flex-wrap-nowrap:indeterminate,
.invalid\:flex-nowrap:invalid,
.invalid\:flex-wrap-nowrap:invalid,
.last-child\:flex-nowrap:last-child,
.last-child\:flex-wrap-nowrap:last-child,
.last-of-type\:flex-nowrap:last-of-type,
.last-of-type\:flex-wrap-nowrap:last-of-type,
.left\:flex-nowrap:left,
.left\:flex-wrap-nowrap:left,
.link\:flex-nowrap:link,
.link\:flex-wrap-nowrap:link,
.local-link\:flex-nowrap:local-link,
.local-link\:flex-wrap-nowrap:local-link,
.only-child\:flex-nowrap:only-child,
.only-child\:flex-wrap-nowrap:only-child,
.only-of-type\:flex-nowrap:only-of-type,
.only-of-type\:flex-wrap-nowrap:only-of-type,
.optional\:flex-nowrap:optional,
.optional\:flex-wrap-nowrap:optional,
.out-of-range\:flex-nowrap:out-of-range,
.out-of-range\:flex-wrap-nowrap:out-of-range,
.past\:flex-nowrap:past,
.past\:flex-wrap-nowrap:past,
.placeholder-shown\:flex-nowrap:placeholder-shown,
.placeholder-shown\:flex-wrap-nowrap:placeholder-shown,
.read-only\:flex-nowrap:read-only,
.read-only\:flex-wrap-nowrap:read-only,
.read-write\:flex-nowrap:read-write,
.read-write\:flex-wrap-nowrap:read-write,
.required\:flex-nowrap:required,
.required\:flex-wrap-nowrap:required,
.right\:flex-nowrap:right,
.right\:flex-wrap-nowrap:right,
.root\:flex-nowrap:root,
.root\:flex-wrap-nowrap:root,
.scope\:flex-nowrap:scope,
.scope\:flex-wrap-nowrap:scope,
.target-within\:flex-nowrap:target-within,
.target-within\:flex-wrap-nowrap:target-within,
.target\:flex-nowrap:target,
.target\:flex-wrap-nowrap:target,
.user-invalid\:flex-nowrap:user-invalid,
.user-invalid\:flex-wrap-nowrap:user-invalid,
.valid\:flex-nowrap:valid,
.valid\:flex-wrap-nowrap:valid,
.visited\:flex-nowrap:visited,
.visited\:flex-wrap-nowrap:visited{flex-wrap: nowrap !important;}
.active\:flex-wrap-reverse:active,
.active\:flex-wrap-wrap-reverse:active,
.any-link\:flex-wrap-reverse:any-link,
.any-link\:flex-wrap-wrap-reverse:any-link,
.blank\:flex-wrap-reverse:blank,
.blank\:flex-wrap-wrap-reverse:blank,
.checked\:flex-wrap-reverse:checked,
.checked\:flex-wrap-wrap-reverse:checked,
.current\:flex-wrap-reverse:current,
.current\:flex-wrap-wrap-reverse:current,
.default\:flex-wrap-reverse:default,
.default\:flex-wrap-wrap-reverse:default,
.defined\:flex-wrap-reverse:defined,
.defined\:flex-wrap-wrap-reverse:defined,
.disabled\:flex-wrap-reverse:disabled,
.disabled\:flex-wrap-wrap-reverse:disabled,
.drop\:flex-wrap-reverse:drop,
.drop\:flex-wrap-wrap-reverse:drop,
.empty\:flex-wrap-reverse:empty,
.empty\:flex-wrap-wrap-reverse:empty,
.enabled\:flex-wrap-reverse:enabled,
.enabled\:flex-wrap-wrap-reverse:enabled,
.first-child\:flex-wrap-reverse:first-child,
.first-child\:flex-wrap-wrap-reverse:first-child,
.first-of-type\:flex-wrap-reverse:first-of-type,
.first-of-type\:flex-wrap-wrap-reverse:first-of-type,
.first\:flex-wrap-reverse:first,
.first\:flex-wrap-wrap-reverse:first,
.flex-wrap-reverse,
.flex-wrap-wrap-reverse,
.focus-visible\:flex-wrap-reverse:focus-visible,
.focus-visible\:flex-wrap-wrap-reverse:focus-visible,
.focus-within\:flex-wrap-reverse:focus-within,
.focus-within\:flex-wrap-wrap-reverse:focus-within,
.focus\:flex-wrap-reverse:focus,
.focus\:flex-wrap-wrap-reverse:focus,
.fullscreen\:flex-wrap-reverse:fullscreen,
.fullscreen\:flex-wrap-wrap-reverse:fullscreen,
.future\:flex-wrap-reverse:future,
.future\:flex-wrap-wrap-reverse:future,
.host\:flex-wrap-reverse:host,
.host\:flex-wrap-wrap-reverse:host,
.hover\:flex-wrap-reverse:hover,
.hover\:flex-wrap-wrap-reverse:hover,
.in-range\:flex-wrap-reverse:in-range,
.in-range\:flex-wrap-wrap-reverse:in-range,
.indeterminate\:flex-wrap-reverse:indeterminate,
.indeterminate\:flex-wrap-wrap-reverse:indeterminate,
.invalid\:flex-wrap-reverse:invalid,
.invalid\:flex-wrap-wrap-reverse:invalid,
.last-child\:flex-wrap-reverse:last-child,
.last-child\:flex-wrap-wrap-reverse:last-child,
.last-of-type\:flex-wrap-reverse:last-of-type,
.last-of-type\:flex-wrap-wrap-reverse:last-of-type,
.left\:flex-wrap-reverse:left,
.left\:flex-wrap-wrap-reverse:left,
.link\:flex-wrap-reverse:link,
.link\:flex-wrap-wrap-reverse:link,
.local-link\:flex-wrap-reverse:local-link,
.local-link\:flex-wrap-wrap-reverse:local-link,
.only-child\:flex-wrap-reverse:only-child,
.only-child\:flex-wrap-wrap-reverse:only-child,
.only-of-type\:flex-wrap-reverse:only-of-type,
.only-of-type\:flex-wrap-wrap-reverse:only-of-type,
.optional\:flex-wrap-reverse:optional,
.optional\:flex-wrap-wrap-reverse:optional,
.out-of-range\:flex-wrap-reverse:out-of-range,
.out-of-range\:flex-wrap-wrap-reverse:out-of-range,
.past\:flex-wrap-reverse:past,
.past\:flex-wrap-wrap-reverse:past,
.placeholder-shown\:flex-wrap-reverse:placeholder-shown,
.placeholder-shown\:flex-wrap-wrap-reverse:placeholder-shown,
.read-only\:flex-wrap-reverse:read-only,
.read-only\:flex-wrap-wrap-reverse:read-only,
.read-write\:flex-wrap-reverse:read-write,
.read-write\:flex-wrap-wrap-reverse:read-write,
.required\:flex-wrap-reverse:required,
.required\:flex-wrap-wrap-reverse:required,
.right\:flex-wrap-reverse:right,
.right\:flex-wrap-wrap-reverse:right,
.root\:flex-wrap-reverse:root,
.root\:flex-wrap-wrap-reverse:root,
.scope\:flex-wrap-reverse:scope,
.scope\:flex-wrap-wrap-reverse:scope,
.target-within\:flex-wrap-reverse:target-within,
.target-within\:flex-wrap-wrap-reverse:target-within,
.target\:flex-wrap-reverse:target,
.target\:flex-wrap-wrap-reverse:target,
.user-invalid\:flex-wrap-reverse:user-invalid,
.user-invalid\:flex-wrap-wrap-reverse:user-invalid,
.valid\:flex-wrap-reverse:valid,
.valid\:flex-wrap-wrap-reverse:valid,
.visited\:flex-wrap-reverse:visited,
.visited\:flex-wrap-wrap-reverse:visited{flex-wrap: wrap-reverse !important;}
.active\:flex-wrap-wrap:active,
.active\:flex-wrap:active,
.any-link\:flex-wrap-wrap:any-link,
.any-link\:flex-wrap:any-link,
.blank\:flex-wrap-wrap:blank,
.blank\:flex-wrap:blank,
.checked\:flex-wrap-wrap:checked,
.checked\:flex-wrap:checked,
.current\:flex-wrap-wrap:current,
.current\:flex-wrap:current,
.default\:flex-wrap-wrap:default,
.default\:flex-wrap:default,
.defined\:flex-wrap-wrap:defined,
.defined\:flex-wrap:defined,
.disabled\:flex-wrap-wrap:disabled,
.disabled\:flex-wrap:disabled,
.drop\:flex-wrap-wrap:drop,
.drop\:flex-wrap:drop,
.empty\:flex-wrap-wrap:empty,
.empty\:flex-wrap:empty,
.enabled\:flex-wrap-wrap:enabled,
.enabled\:flex-wrap:enabled,
.first-child\:flex-wrap-wrap:first-child,
.first-child\:flex-wrap:first-child,
.first-of-type\:flex-wrap-wrap:first-of-type,
.first-of-type\:flex-wrap:first-of-type,
.first\:flex-wrap-wrap:first,
.first\:flex-wrap:first,
.flex-wrap,
.flex-wrap-wrap,
.focus-visible\:flex-wrap-wrap:focus-visible,
.focus-visible\:flex-wrap:focus-visible,
.focus-within\:flex-wrap-wrap:focus-within,
.focus-within\:flex-wrap:focus-within,
.focus\:flex-wrap-wrap:focus,
.focus\:flex-wrap:focus,
.fullscreen\:flex-wrap-wrap:fullscreen,
.fullscreen\:flex-wrap:fullscreen,
.future\:flex-wrap-wrap:future,
.future\:flex-wrap:future,
.host\:flex-wrap-wrap:host,
.host\:flex-wrap:host,
.hover\:flex-wrap-wrap:hover,
.hover\:flex-wrap:hover,
.in-range\:flex-wrap-wrap:in-range,
.in-range\:flex-wrap:in-range,
.indeterminate\:flex-wrap-wrap:indeterminate,
.indeterminate\:flex-wrap:indeterminate,
.invalid\:flex-wrap-wrap:invalid,
.invalid\:flex-wrap:invalid,
.last-child\:flex-wrap-wrap:last-child,
.last-child\:flex-wrap:last-child,
.last-of-type\:flex-wrap-wrap:last-of-type,
.last-of-type\:flex-wrap:last-of-type,
.left\:flex-wrap-wrap:left,
.left\:flex-wrap:left,
.link\:flex-wrap-wrap:link,
.link\:flex-wrap:link,
.local-link\:flex-wrap-wrap:local-link,
.local-link\:flex-wrap:local-link,
.only-child\:flex-wrap-wrap:only-child,
.only-child\:flex-wrap:only-child,
.only-of-type\:flex-wrap-wrap:only-of-type,
.only-of-type\:flex-wrap:only-of-type,
.optional\:flex-wrap-wrap:optional,
.optional\:flex-wrap:optional,
.out-of-range\:flex-wrap-wrap:out-of-range,
.out-of-range\:flex-wrap:out-of-range,
.past\:flex-wrap-wrap:past,
.past\:flex-wrap:past,
.placeholder-shown\:flex-wrap-wrap:placeholder-shown,
.placeholder-shown\:flex-wrap:placeholder-shown,
.read-only\:flex-wrap-wrap:read-only,
.read-only\:flex-wrap:read-only,
.read-write\:flex-wrap-wrap:read-write,
.read-write\:flex-wrap:read-write,
.required\:flex-wrap-wrap:required,
.required\:flex-wrap:required,
.right\:flex-wrap-wrap:right,
.right\:flex-wrap:right,
.root\:flex-wrap-wrap:root,
.root\:flex-wrap:root,
.scope\:flex-wrap-wrap:scope,
.scope\:flex-wrap:scope,
.target-within\:flex-wrap-wrap:target-within,
.target-within\:flex-wrap:target-within,
.target\:flex-wrap-wrap:target,
.target\:flex-wrap:target,
.user-invalid\:flex-wrap-wrap:user-invalid,
.user-invalid\:flex-wrap:user-invalid,
.valid\:flex-wrap-wrap:valid,
.valid\:flex-wrap:valid,
.visited\:flex-wrap-wrap:visited,
.visited\:flex-wrap:visited{flex-wrap: wrap !important;}
@media (min-width: 1024px){
.lg\@flex-inherit,
.lg\@flex-wrap-inherit{flex-wrap: inherit !important;}
.lg\@flex-initial,
.lg\@flex-wrap-initial{flex-wrap: initial !important;}
.lg\@flex-nowrap,
.lg\@flex-wrap-nowrap{flex-wrap: nowrap !important;}
.lg\@flex-wrap,
.lg\@flex-wrap-wrap{flex-wrap: wrap !important;}
.lg\@flex-wrap-reverse,
.lg\@flex-wrap-wrap-reverse{flex-wrap: wrap-reverse !important;}
}
@media (min-width: 1280px){
.xl\@flex-inherit,
.xl\@flex-wrap-inherit{flex-wrap: inherit !important;}
.xl\@flex-initial,
.xl\@flex-wrap-initial{flex-wrap: initial !important;}
.xl\@flex-nowrap,
.xl\@flex-wrap-nowrap{flex-wrap: nowrap !important;}
.xl\@flex-wrap,
.xl\@flex-wrap-wrap{flex-wrap: wrap !important;}
.xl\@flex-wrap-reverse,
.xl\@flex-wrap-wrap-reverse{flex-wrap: wrap-reverse !important;}
}
@media (min-width: 640px){
.sm\@flex-inherit,
.sm\@flex-wrap-inherit{flex-wrap: inherit !important;}
.sm\@flex-initial,
.sm\@flex-wrap-initial{flex-wrap: initial !important;}
.sm\@flex-nowrap,
.sm\@flex-wrap-nowrap{flex-wrap: nowrap !important;}
.sm\@flex-wrap,
.sm\@flex-wrap-wrap{flex-wrap: wrap !important;}
.sm\@flex-wrap-reverse,
.sm\@flex-wrap-wrap-reverse{flex-wrap: wrap-reverse !important;}
}
@media (min-width: 768px){
.md\@flex-inherit,
.md\@flex-wrap-inherit{flex-wrap: inherit !important;}
.md\@flex-initial,
.md\@flex-wrap-initial{flex-wrap: initial !important;}
.md\@flex-nowrap,
.md\@flex-wrap-nowrap{flex-wrap: nowrap !important;}
.md\@flex-wrap,
.md\@flex-wrap-wrap{flex-wrap: wrap !important;}
.md\@flex-wrap-reverse,
.md\@flex-wrap-wrap-reverse{flex-wrap: wrap-reverse !important;}
}
@supports (display: grid){
.supportGrid\@flex-inherit,
.supportGrid\@flex-wrap-inherit{flex-wrap: inherit !important;}
.supportGrid\@flex-initial,
.supportGrid\@flex-wrap-initial{flex-wrap: initial !important;}
.supportGrid\@flex-nowrap,
.supportGrid\@flex-wrap-nowrap{flex-wrap: nowrap !important;}
.supportGrid\@flex-wrap,
.supportGrid\@flex-wrap-wrap{flex-wrap: wrap !important;}
.supportGrid\@flex-wrap-reverse,
.supportGrid\@flex-wrap-wrap-reverse{flex-wrap: wrap-reverse !important;}
}