/* layer: 00230 */
.active\:flex-column-reverse:active,.active\:flex-direction-column-reverse:active,.any-link\:flex-column-reverse:any-link,.any-link\:flex-direction-column-reverse:any-link,.blank\:flex-column-reverse:blank,.blank\:flex-direction-column-reverse:blank,.checked\:flex-column-reverse:checked,.checked\:flex-direction-column-reverse:checked,.current\:flex-column-reverse:current,.current\:flex-direction-column-reverse:current,.default\:flex-column-reverse:default,.default\:flex-direction-column-reverse:default,.defined\:flex-column-reverse:defined,.defined\:flex-direction-column-reverse:defined,.disabled\:flex-column-reverse:disabled,.disabled\:flex-direction-column-reverse:disabled,.drop\:flex-column-reverse:drop,.drop\:flex-direction-column-reverse:drop,.empty\:flex-column-reverse:empty,.empty\:flex-direction-column-reverse:empty,.enabled\:flex-column-reverse:enabled,.enabled\:flex-direction-column-reverse:enabled,.first-child\:flex-column-reverse:first-child,.first-child\:flex-direction-column-reverse:first-child,.first-of-type\:flex-column-reverse:first-of-type,.first-of-type\:flex-direction-column-reverse:first-of-type,.first\:flex-column-reverse:first,.first\:flex-direction-column-reverse:first,.flex-column-reverse,.flex-direction-column-reverse,.focus-visible\:flex-column-reverse:focus-visible,.focus-visible\:flex-direction-column-reverse:focus-visible,.focus-within\:flex-column-reverse:focus-within,.focus-within\:flex-direction-column-reverse:focus-within,.focus\:flex-column-reverse:focus,.focus\:flex-direction-column-reverse:focus,.fullscreen\:flex-column-reverse:fullscreen,.fullscreen\:flex-direction-column-reverse:fullscreen,.future\:flex-column-reverse:future,.future\:flex-direction-column-reverse:future,.host\:flex-column-reverse:host,.host\:flex-direction-column-reverse:host,.hover\:flex-column-reverse:hover,.hover\:flex-direction-column-reverse:hover,.in-range\:flex-column-reverse:in-range,.in-range\:flex-direction-column-reverse:in-range,.indeterminate\:flex-column-reverse:indeterminate,.indeterminate\:flex-direction-column-reverse:indeterminate,.invalid\:flex-column-reverse:invalid,.invalid\:flex-direction-column-reverse:invalid,.last-child\:flex-column-reverse:last-child,.last-child\:flex-direction-column-reverse:last-child,.last-of-type\:flex-column-reverse:last-of-type,.last-of-type\:flex-direction-column-reverse:last-of-type,.left\:flex-column-reverse:left,.left\:flex-direction-column-reverse:left,.link\:flex-column-reverse:link,.link\:flex-direction-column-reverse:link,.local-link\:flex-column-reverse:local-link,.local-link\:flex-direction-column-reverse:local-link,.only-child\:flex-column-reverse:only-child,.only-child\:flex-direction-column-reverse:only-child,.only-of-type\:flex-column-reverse:only-of-type,.only-of-type\:flex-direction-column-reverse:only-of-type,.optional\:flex-column-reverse:optional,.optional\:flex-direction-column-reverse:optional,.out-of-range\:flex-column-reverse:out-of-range,.out-of-range\:flex-direction-column-reverse:out-of-range,.past\:flex-column-reverse:past,.past\:flex-direction-column-reverse:past,.placeholder-shown\:flex-column-reverse:placeholder-shown,.placeholder-shown\:flex-direction-column-reverse:placeholder-shown,.read-only\:flex-column-reverse:read-only,.read-only\:flex-direction-column-reverse:read-only,.read-write\:flex-column-reverse:read-write,.read-write\:flex-direction-column-reverse:read-write,.required\:flex-column-reverse:required,.required\:flex-direction-column-reverse:required,.right\:flex-column-reverse:right,.right\:flex-direction-column-reverse:right,.root\:flex-column-reverse:root,.root\:flex-direction-column-reverse:root,.scope\:flex-column-reverse:scope,.scope\:flex-direction-column-reverse:scope,.target-within\:flex-column-reverse:target-within,.target-within\:flex-direction-column-reverse:target-within,.target\:flex-column-reverse:target,.target\:flex-direction-column-reverse:target,.user-invalid\:flex-column-reverse:user-invalid,.user-invalid\:flex-direction-column-reverse:user-invalid,.valid\:flex-column-reverse:valid,.valid\:flex-direction-column-reverse:valid,.visited\:flex-column-reverse:visited,.visited\:flex-direction-column-reverse:visited{flex-direction: column-reverse !important;}
.active\:flex-column:active,.active\:flex-direction-column:active,.any-link\:flex-column:any-link,.any-link\:flex-direction-column:any-link,.blank\:flex-column:blank,.blank\:flex-direction-column:blank,.checked\:flex-column:checked,.checked\:flex-direction-column:checked,.current\:flex-column:current,.current\:flex-direction-column:current,.default\:flex-column:default,.default\:flex-direction-column:default,.defined\:flex-column:defined,.defined\:flex-direction-column:defined,.disabled\:flex-column:disabled,.disabled\:flex-direction-column:disabled,.drop\:flex-column:drop,.drop\:flex-direction-column:drop,.empty\:flex-column:empty,.empty\:flex-direction-column:empty,.enabled\:flex-column:enabled,.enabled\:flex-direction-column:enabled,.first-child\:flex-column:first-child,.first-child\:flex-direction-column:first-child,.first-of-type\:flex-column:first-of-type,.first-of-type\:flex-direction-column:first-of-type,.first\:flex-column:first,.first\:flex-direction-column:first,.flex-column,.flex-direction-column,.focus-visible\:flex-column:focus-visible,.focus-visible\:flex-direction-column:focus-visible,.focus-within\:flex-column:focus-within,.focus-within\:flex-direction-column:focus-within,.focus\:flex-column:focus,.focus\:flex-direction-column:focus,.fullscreen\:flex-column:fullscreen,.fullscreen\:flex-direction-column:fullscreen,.future\:flex-column:future,.future\:flex-direction-column:future,.host\:flex-column:host,.host\:flex-direction-column:host,.hover\:flex-column:hover,.hover\:flex-direction-column:hover,.in-range\:flex-column:in-range,.in-range\:flex-direction-column:in-range,.indeterminate\:flex-column:indeterminate,.indeterminate\:flex-direction-column:indeterminate,.invalid\:flex-column:invalid,.invalid\:flex-direction-column:invalid,.last-child\:flex-column:last-child,.last-child\:flex-direction-column:last-child,.last-of-type\:flex-column:last-of-type,.last-of-type\:flex-direction-column:last-of-type,.left\:flex-column:left,.left\:flex-direction-column:left,.link\:flex-column:link,.link\:flex-direction-column:link,.local-link\:flex-column:local-link,.local-link\:flex-direction-column:local-link,.only-child\:flex-column:only-child,.only-child\:flex-direction-column:only-child,.only-of-type\:flex-column:only-of-type,.only-of-type\:flex-direction-column:only-of-type,.optional\:flex-column:optional,.optional\:flex-direction-column:optional,.out-of-range\:flex-column:out-of-range,.out-of-range\:flex-direction-column:out-of-range,.past\:flex-column:past,.past\:flex-direction-column:past,.placeholder-shown\:flex-column:placeholder-shown,.placeholder-shown\:flex-direction-column:placeholder-shown,.read-only\:flex-column:read-only,.read-only\:flex-direction-column:read-only,.read-write\:flex-column:read-write,.read-write\:flex-direction-column:read-write,.required\:flex-column:required,.required\:flex-direction-column:required,.right\:flex-column:right,.right\:flex-direction-column:right,.root\:flex-column:root,.root\:flex-direction-column:root,.scope\:flex-column:scope,.scope\:flex-direction-column:scope,.target-within\:flex-column:target-within,.target-within\:flex-direction-column:target-within,.target\:flex-column:target,.target\:flex-direction-column:target,.user-invalid\:flex-column:user-invalid,.user-invalid\:flex-direction-column:user-invalid,.valid\:flex-column:valid,.valid\:flex-direction-column:valid,.visited\:flex-column:visited,.visited\:flex-direction-column:visited{flex-direction: column !important;}
.active\:flex-direction-row-reverse:active,.active\:flex-row-reverse:active,.any-link\:flex-direction-row-reverse:any-link,.any-link\:flex-row-reverse:any-link,.blank\:flex-direction-row-reverse:blank,.blank\:flex-row-reverse:blank,.checked\:flex-direction-row-reverse:checked,.checked\:flex-row-reverse:checked,.current\:flex-direction-row-reverse:current,.current\:flex-row-reverse:current,.default\:flex-direction-row-reverse:default,.default\:flex-row-reverse:default,.defined\:flex-direction-row-reverse:defined,.defined\:flex-row-reverse:defined,.disabled\:flex-direction-row-reverse:disabled,.disabled\:flex-row-reverse:disabled,.drop\:flex-direction-row-reverse:drop,.drop\:flex-row-reverse:drop,.empty\:flex-direction-row-reverse:empty,.empty\:flex-row-reverse:empty,.enabled\:flex-direction-row-reverse:enabled,.enabled\:flex-row-reverse:enabled,.first-child\:flex-direction-row-reverse:first-child,.first-child\:flex-row-reverse:first-child,.first-of-type\:flex-direction-row-reverse:first-of-type,.first-of-type\:flex-row-reverse:first-of-type,.first\:flex-direction-row-reverse:first,.first\:flex-row-reverse:first,.flex-direction-row-reverse,.flex-row-reverse,.focus-visible\:flex-direction-row-reverse:focus-visible,.focus-visible\:flex-row-reverse:focus-visible,.focus-within\:flex-direction-row-reverse:focus-within,.focus-within\:flex-row-reverse:focus-within,.focus\:flex-direction-row-reverse:focus,.focus\:flex-row-reverse:focus,.fullscreen\:flex-direction-row-reverse:fullscreen,.fullscreen\:flex-row-reverse:fullscreen,.future\:flex-direction-row-reverse:future,.future\:flex-row-reverse:future,.host\:flex-direction-row-reverse:host,.host\:flex-row-reverse:host,.hover\:flex-direction-row-reverse:hover,.hover\:flex-row-reverse:hover,.in-range\:flex-direction-row-reverse:in-range,.in-range\:flex-row-reverse:in-range,.indeterminate\:flex-direction-row-reverse:indeterminate,.indeterminate\:flex-row-reverse:indeterminate,.invalid\:flex-direction-row-reverse:invalid,.invalid\:flex-row-reverse:invalid,.last-child\:flex-direction-row-reverse:last-child,.last-child\:flex-row-reverse:last-child,.last-of-type\:flex-direction-row-reverse:last-of-type,.last-of-type\:flex-row-reverse:last-of-type,.left\:flex-direction-row-reverse:left,.left\:flex-row-reverse:left,.link\:flex-direction-row-reverse:link,.link\:flex-row-reverse:link,.local-link\:flex-direction-row-reverse:local-link,.local-link\:flex-row-reverse:local-link,.only-child\:flex-direction-row-reverse:only-child,.only-child\:flex-row-reverse:only-child,.only-of-type\:flex-direction-row-reverse:only-of-type,.only-of-type\:flex-row-reverse:only-of-type,.optional\:flex-direction-row-reverse:optional,.optional\:flex-row-reverse:optional,.out-of-range\:flex-direction-row-reverse:out-of-range,.out-of-range\:flex-row-reverse:out-of-range,.past\:flex-direction-row-reverse:past,.past\:flex-row-reverse:past,.placeholder-shown\:flex-direction-row-reverse:placeholder-shown,.placeholder-shown\:flex-row-reverse:placeholder-shown,.read-only\:flex-direction-row-reverse:read-only,.read-only\:flex-row-reverse:read-only,.read-write\:flex-direction-row-reverse:read-write,.read-write\:flex-row-reverse:read-write,.required\:flex-direction-row-reverse:required,.required\:flex-row-reverse:required,.right\:flex-direction-row-reverse:right,.right\:flex-row-reverse:right,.root\:flex-direction-row-reverse:root,.root\:flex-row-reverse:root,.scope\:flex-direction-row-reverse:scope,.scope\:flex-row-reverse:scope,.target-within\:flex-direction-row-reverse:target-within,.target-within\:flex-row-reverse:target-within,.target\:flex-direction-row-reverse:target,.target\:flex-row-reverse:target,.user-invalid\:flex-direction-row-reverse:user-invalid,.user-invalid\:flex-row-reverse:user-invalid,.valid\:flex-direction-row-reverse:valid,.valid\:flex-row-reverse:valid,.visited\:flex-direction-row-reverse:visited,.visited\:flex-row-reverse:visited{flex-direction: row-reverse !important;}
.active\:flex-direction-row:active,.active\:flex-row:active,.any-link\:flex-direction-row:any-link,.any-link\:flex-row:any-link,.blank\:flex-direction-row:blank,.blank\:flex-row:blank,.checked\:flex-direction-row:checked,.checked\:flex-row:checked,.current\:flex-direction-row:current,.current\:flex-row:current,.default\:flex-direction-row:default,.default\:flex-row:default,.defined\:flex-direction-row:defined,.defined\:flex-row:defined,.disabled\:flex-direction-row:disabled,.disabled\:flex-row:disabled,.drop\:flex-direction-row:drop,.drop\:flex-row:drop,.empty\:flex-direction-row:empty,.empty\:flex-row:empty,.enabled\:flex-direction-row:enabled,.enabled\:flex-row:enabled,.first-child\:flex-direction-row:first-child,.first-child\:flex-row:first-child,.first-of-type\:flex-direction-row:first-of-type,.first-of-type\:flex-row:first-of-type,.first\:flex-direction-row:first,.first\:flex-row:first,.flex-direction-row,.flex-row,.focus-visible\:flex-direction-row:focus-visible,.focus-visible\:flex-row:focus-visible,.focus-within\:flex-direction-row:focus-within,.focus-within\:flex-row:focus-within,.focus\:flex-direction-row:focus,.focus\:flex-row:focus,.fullscreen\:flex-direction-row:fullscreen,.fullscreen\:flex-row:fullscreen,.future\:flex-direction-row:future,.future\:flex-row:future,.host\:flex-direction-row:host,.host\:flex-row:host,.hover\:flex-direction-row:hover,.hover\:flex-row:hover,.in-range\:flex-direction-row:in-range,.in-range\:flex-row:in-range,.indeterminate\:flex-direction-row:indeterminate,.indeterminate\:flex-row:indeterminate,.invalid\:flex-direction-row:invalid,.invalid\:flex-row:invalid,.last-child\:flex-direction-row:last-child,.last-child\:flex-row:last-child,.last-of-type\:flex-direction-row:last-of-type,.last-of-type\:flex-row:last-of-type,.left\:flex-direction-row:left,.left\:flex-row:left,.link\:flex-direction-row:link,.link\:flex-row:link,.local-link\:flex-direction-row:local-link,.local-link\:flex-row:local-link,.only-child\:flex-direction-row:only-child,.only-child\:flex-row:only-child,.only-of-type\:flex-direction-row:only-of-type,.only-of-type\:flex-row:only-of-type,.optional\:flex-direction-row:optional,.optional\:flex-row:optional,.out-of-range\:flex-direction-row:out-of-range,.out-of-range\:flex-row:out-of-range,.past\:flex-direction-row:past,.past\:flex-row:past,.placeholder-shown\:flex-direction-row:placeholder-shown,.placeholder-shown\:flex-row:placeholder-shown,.read-only\:flex-direction-row:read-only,.read-only\:flex-row:read-only,.read-write\:flex-direction-row:read-write,.read-write\:flex-row:read-write,.required\:flex-direction-row:required,.required\:flex-row:required,.right\:flex-direction-row:right,.right\:flex-row:right,.root\:flex-direction-row:root,.root\:flex-row:root,.scope\:flex-direction-row:scope,.scope\:flex-row:scope,.target-within\:flex-direction-row:target-within,.target-within\:flex-row:target-within,.target\:flex-direction-row:target,.target\:flex-row:target,.user-invalid\:flex-direction-row:user-invalid,.user-invalid\:flex-row:user-invalid,.valid\:flex-direction-row:valid,.valid\:flex-row:valid,.visited\:flex-direction-row:visited,.visited\:flex-row:visited{flex-direction: row !important;}
@media (min-width: 640px){
.sm\@flex-column,.sm\@flex-direction-column{flex-direction: column !important;}
.sm\@flex-column-reverse,.sm\@flex-direction-column-reverse{flex-direction: column-reverse !important;}
.sm\@flex-direction-row,.sm\@flex-row{flex-direction: row !important;}
.sm\@flex-direction-row-reverse,.sm\@flex-row-reverse{flex-direction: row-reverse !important;}
}
@media (min-width: 768px){
.md\@flex-column,.md\@flex-direction-column{flex-direction: column !important;}
.md\@flex-column-reverse,.md\@flex-direction-column-reverse{flex-direction: column-reverse !important;}
.md\@flex-direction-row,.md\@flex-row{flex-direction: row !important;}
.md\@flex-direction-row-reverse,.md\@flex-row-reverse{flex-direction: row-reverse !important;}
}
@media (min-width: 1024px){
.lg\@flex-column,.lg\@flex-direction-column{flex-direction: column !important;}
.lg\@flex-column-reverse,.lg\@flex-direction-column-reverse{flex-direction: column-reverse !important;}
.lg\@flex-direction-row,.lg\@flex-row{flex-direction: row !important;}
.lg\@flex-direction-row-reverse,.lg\@flex-row-reverse{flex-direction: row-reverse !important;}
}
@media (min-width: 1280px){
.xl\@flex-column,.xl\@flex-direction-column{flex-direction: column !important;}
.xl\@flex-column-reverse,.xl\@flex-direction-column-reverse{flex-direction: column-reverse !important;}
.xl\@flex-direction-row,.xl\@flex-row{flex-direction: row !important;}
.xl\@flex-direction-row-reverse,.xl\@flex-row-reverse{flex-direction: row-reverse !important;}
}
@supports (display: grid){
.supportGrid\@flex-column,.supportGrid\@flex-direction-column{flex-direction: column !important;}
.supportGrid\@flex-column-reverse,.supportGrid\@flex-direction-column-reverse{flex-direction: column-reverse !important;}
.supportGrid\@flex-direction-row,.supportGrid\@flex-row{flex-direction: row !important;}
.supportGrid\@flex-direction-row-reverse,.supportGrid\@flex-row-reverse{flex-direction: row-reverse !important;}
}