/* layer: 99999 */
.active\:object-fit-contain:active,
.any-link\:object-fit-contain:any-link,
.blank\:object-fit-contain:blank,
.checked\:object-fit-contain:checked,
.current\:object-fit-contain:current,
.default\:object-fit-contain:default,
.defined\:object-fit-contain:defined,
.disabled\:object-fit-contain:disabled,
.drop\:object-fit-contain:drop,
.empty\:object-fit-contain:empty,
.enabled\:object-fit-contain:enabled,
.first-child\:object-fit-contain:first-child,
.first-of-type\:object-fit-contain:first-of-type,
.first\:object-fit-contain:first,
.focus-visible\:object-fit-contain:focus-visible,
.focus-within\:object-fit-contain:focus-within,
.focus\:object-fit-contain:focus,
.fullscreen\:object-fit-contain:fullscreen,
.future\:object-fit-contain:future,
.host\:object-fit-contain:host,
.hover\:object-fit-contain:hover,
.in-range\:object-fit-contain:in-range,
.indeterminate\:object-fit-contain:indeterminate,
.invalid\:object-fit-contain:invalid,
.last-child\:object-fit-contain:last-child,
.last-of-type\:object-fit-contain:last-of-type,
.left\:object-fit-contain:left,
.link\:object-fit-contain:link,
.local-link\:object-fit-contain:local-link,
.object-fit-contain,
.only-child\:object-fit-contain:only-child,
.only-of-type\:object-fit-contain:only-of-type,
.optional\:object-fit-contain:optional,
.out-of-range\:object-fit-contain:out-of-range,
.past\:object-fit-contain:past,
.placeholder-shown\:object-fit-contain:placeholder-shown,
.read-only\:object-fit-contain:read-only,
.read-write\:object-fit-contain:read-write,
.required\:object-fit-contain:required,
.right\:object-fit-contain:right,
.root\:object-fit-contain:root,
.scope\:object-fit-contain:scope,
.target-within\:object-fit-contain:target-within,
.target\:object-fit-contain:target,
.user-invalid\:object-fit-contain:user-invalid,
.valid\:object-fit-contain:valid,
.visited\:object-fit-contain:visited{object-fit: contain !important;}
.active\:object-fit-cover:active,
.any-link\:object-fit-cover:any-link,
.blank\:object-fit-cover:blank,
.checked\:object-fit-cover:checked,
.current\:object-fit-cover:current,
.default\:object-fit-cover:default,
.defined\:object-fit-cover:defined,
.disabled\:object-fit-cover:disabled,
.drop\:object-fit-cover:drop,
.empty\:object-fit-cover:empty,
.enabled\:object-fit-cover:enabled,
.first-child\:object-fit-cover:first-child,
.first-of-type\:object-fit-cover:first-of-type,
.first\:object-fit-cover:first,
.focus-visible\:object-fit-cover:focus-visible,
.focus-within\:object-fit-cover:focus-within,
.focus\:object-fit-cover:focus,
.fullscreen\:object-fit-cover:fullscreen,
.future\:object-fit-cover:future,
.host\:object-fit-cover:host,
.hover\:object-fit-cover:hover,
.in-range\:object-fit-cover:in-range,
.indeterminate\:object-fit-cover:indeterminate,
.invalid\:object-fit-cover:invalid,
.last-child\:object-fit-cover:last-child,
.last-of-type\:object-fit-cover:last-of-type,
.left\:object-fit-cover:left,
.link\:object-fit-cover:link,
.local-link\:object-fit-cover:local-link,
.object-fit-cover,
.only-child\:object-fit-cover:only-child,
.only-of-type\:object-fit-cover:only-of-type,
.optional\:object-fit-cover:optional,
.out-of-range\:object-fit-cover:out-of-range,
.past\:object-fit-cover:past,
.placeholder-shown\:object-fit-cover:placeholder-shown,
.read-only\:object-fit-cover:read-only,
.read-write\:object-fit-cover:read-write,
.required\:object-fit-cover:required,
.right\:object-fit-cover:right,
.root\:object-fit-cover:root,
.scope\:object-fit-cover:scope,
.target-within\:object-fit-cover:target-within,
.target\:object-fit-cover:target,
.user-invalid\:object-fit-cover:user-invalid,
.valid\:object-fit-cover:valid,
.visited\:object-fit-cover:visited{object-fit: cover !important;}
.active\:object-fit-fill:active,
.any-link\:object-fit-fill:any-link,
.blank\:object-fit-fill:blank,
.checked\:object-fit-fill:checked,
.current\:object-fit-fill:current,
.default\:object-fit-fill:default,
.defined\:object-fit-fill:defined,
.disabled\:object-fit-fill:disabled,
.drop\:object-fit-fill:drop,
.empty\:object-fit-fill:empty,
.enabled\:object-fit-fill:enabled,
.first-child\:object-fit-fill:first-child,
.first-of-type\:object-fit-fill:first-of-type,
.first\:object-fit-fill:first,
.focus-visible\:object-fit-fill:focus-visible,
.focus-within\:object-fit-fill:focus-within,
.focus\:object-fit-fill:focus,
.fullscreen\:object-fit-fill:fullscreen,
.future\:object-fit-fill:future,
.host\:object-fit-fill:host,
.hover\:object-fit-fill:hover,
.in-range\:object-fit-fill:in-range,
.indeterminate\:object-fit-fill:indeterminate,
.invalid\:object-fit-fill:invalid,
.last-child\:object-fit-fill:last-child,
.last-of-type\:object-fit-fill:last-of-type,
.left\:object-fit-fill:left,
.link\:object-fit-fill:link,
.local-link\:object-fit-fill:local-link,
.object-fit-fill,
.only-child\:object-fit-fill:only-child,
.only-of-type\:object-fit-fill:only-of-type,
.optional\:object-fit-fill:optional,
.out-of-range\:object-fit-fill:out-of-range,
.past\:object-fit-fill:past,
.placeholder-shown\:object-fit-fill:placeholder-shown,
.read-only\:object-fit-fill:read-only,
.read-write\:object-fit-fill:read-write,
.required\:object-fit-fill:required,
.right\:object-fit-fill:right,
.root\:object-fit-fill:root,
.scope\:object-fit-fill:scope,
.target-within\:object-fit-fill:target-within,
.target\:object-fit-fill:target,
.user-invalid\:object-fit-fill:user-invalid,
.valid\:object-fit-fill:valid,
.visited\:object-fit-fill:visited{object-fit: fill !important;}
.active\:object-fit-inherit:active,
.any-link\:object-fit-inherit:any-link,
.blank\:object-fit-inherit:blank,
.checked\:object-fit-inherit:checked,
.current\:object-fit-inherit:current,
.default\:object-fit-inherit:default,
.defined\:object-fit-inherit:defined,
.disabled\:object-fit-inherit:disabled,
.drop\:object-fit-inherit:drop,
.empty\:object-fit-inherit:empty,
.enabled\:object-fit-inherit:enabled,
.first-child\:object-fit-inherit:first-child,
.first-of-type\:object-fit-inherit:first-of-type,
.first\:object-fit-inherit:first,
.focus-visible\:object-fit-inherit:focus-visible,
.focus-within\:object-fit-inherit:focus-within,
.focus\:object-fit-inherit:focus,
.fullscreen\:object-fit-inherit:fullscreen,
.future\:object-fit-inherit:future,
.host\:object-fit-inherit:host,
.hover\:object-fit-inherit:hover,
.in-range\:object-fit-inherit:in-range,
.indeterminate\:object-fit-inherit:indeterminate,
.invalid\:object-fit-inherit:invalid,
.last-child\:object-fit-inherit:last-child,
.last-of-type\:object-fit-inherit:last-of-type,
.left\:object-fit-inherit:left,
.link\:object-fit-inherit:link,
.local-link\:object-fit-inherit:local-link,
.object-fit-inherit,
.only-child\:object-fit-inherit:only-child,
.only-of-type\:object-fit-inherit:only-of-type,
.optional\:object-fit-inherit:optional,
.out-of-range\:object-fit-inherit:out-of-range,
.past\:object-fit-inherit:past,
.placeholder-shown\:object-fit-inherit:placeholder-shown,
.read-only\:object-fit-inherit:read-only,
.read-write\:object-fit-inherit:read-write,
.required\:object-fit-inherit:required,
.right\:object-fit-inherit:right,
.root\:object-fit-inherit:root,
.scope\:object-fit-inherit:scope,
.target-within\:object-fit-inherit:target-within,
.target\:object-fit-inherit:target,
.user-invalid\:object-fit-inherit:user-invalid,
.valid\:object-fit-inherit:valid,
.visited\:object-fit-inherit:visited{object-fit: inherit !important;}
.active\:object-fit-initial:active,
.any-link\:object-fit-initial:any-link,
.blank\:object-fit-initial:blank,
.checked\:object-fit-initial:checked,
.current\:object-fit-initial:current,
.default\:object-fit-initial:default,
.defined\:object-fit-initial:defined,
.disabled\:object-fit-initial:disabled,
.drop\:object-fit-initial:drop,
.empty\:object-fit-initial:empty,
.enabled\:object-fit-initial:enabled,
.first-child\:object-fit-initial:first-child,
.first-of-type\:object-fit-initial:first-of-type,
.first\:object-fit-initial:first,
.focus-visible\:object-fit-initial:focus-visible,
.focus-within\:object-fit-initial:focus-within,
.focus\:object-fit-initial:focus,
.fullscreen\:object-fit-initial:fullscreen,
.future\:object-fit-initial:future,
.host\:object-fit-initial:host,
.hover\:object-fit-initial:hover,
.in-range\:object-fit-initial:in-range,
.indeterminate\:object-fit-initial:indeterminate,
.invalid\:object-fit-initial:invalid,
.last-child\:object-fit-initial:last-child,
.last-of-type\:object-fit-initial:last-of-type,
.left\:object-fit-initial:left,
.link\:object-fit-initial:link,
.local-link\:object-fit-initial:local-link,
.object-fit-initial,
.only-child\:object-fit-initial:only-child,
.only-of-type\:object-fit-initial:only-of-type,
.optional\:object-fit-initial:optional,
.out-of-range\:object-fit-initial:out-of-range,
.past\:object-fit-initial:past,
.placeholder-shown\:object-fit-initial:placeholder-shown,
.read-only\:object-fit-initial:read-only,
.read-write\:object-fit-initial:read-write,
.required\:object-fit-initial:required,
.right\:object-fit-initial:right,
.root\:object-fit-initial:root,
.scope\:object-fit-initial:scope,
.target-within\:object-fit-initial:target-within,
.target\:object-fit-initial:target,
.user-invalid\:object-fit-initial:user-invalid,
.valid\:object-fit-initial:valid,
.visited\:object-fit-initial:visited{object-fit: initial !important;}
.active\:object-fit-none:active,
.any-link\:object-fit-none:any-link,
.blank\:object-fit-none:blank,
.checked\:object-fit-none:checked,
.current\:object-fit-none:current,
.default\:object-fit-none:default,
.defined\:object-fit-none:defined,
.disabled\:object-fit-none:disabled,
.drop\:object-fit-none:drop,
.empty\:object-fit-none:empty,
.enabled\:object-fit-none:enabled,
.first-child\:object-fit-none:first-child,
.first-of-type\:object-fit-none:first-of-type,
.first\:object-fit-none:first,
.focus-visible\:object-fit-none:focus-visible,
.focus-within\:object-fit-none:focus-within,
.focus\:object-fit-none:focus,
.fullscreen\:object-fit-none:fullscreen,
.future\:object-fit-none:future,
.host\:object-fit-none:host,
.hover\:object-fit-none:hover,
.in-range\:object-fit-none:in-range,
.indeterminate\:object-fit-none:indeterminate,
.invalid\:object-fit-none:invalid,
.last-child\:object-fit-none:last-child,
.last-of-type\:object-fit-none:last-of-type,
.left\:object-fit-none:left,
.link\:object-fit-none:link,
.local-link\:object-fit-none:local-link,
.object-fit-none,
.only-child\:object-fit-none:only-child,
.only-of-type\:object-fit-none:only-of-type,
.optional\:object-fit-none:optional,
.out-of-range\:object-fit-none:out-of-range,
.past\:object-fit-none:past,
.placeholder-shown\:object-fit-none:placeholder-shown,
.read-only\:object-fit-none:read-only,
.read-write\:object-fit-none:read-write,
.required\:object-fit-none:required,
.right\:object-fit-none:right,
.root\:object-fit-none:root,
.scope\:object-fit-none:scope,
.target-within\:object-fit-none:target-within,
.target\:object-fit-none:target,
.user-invalid\:object-fit-none:user-invalid,
.valid\:object-fit-none:valid,
.visited\:object-fit-none:visited{object-fit: none !important;}
.active\:object-fit-revert:active,
.any-link\:object-fit-revert:any-link,
.blank\:object-fit-revert:blank,
.checked\:object-fit-revert:checked,
.current\:object-fit-revert:current,
.default\:object-fit-revert:default,
.defined\:object-fit-revert:defined,
.disabled\:object-fit-revert:disabled,
.drop\:object-fit-revert:drop,
.empty\:object-fit-revert:empty,
.enabled\:object-fit-revert:enabled,
.first-child\:object-fit-revert:first-child,
.first-of-type\:object-fit-revert:first-of-type,
.first\:object-fit-revert:first,
.focus-visible\:object-fit-revert:focus-visible,
.focus-within\:object-fit-revert:focus-within,
.focus\:object-fit-revert:focus,
.fullscreen\:object-fit-revert:fullscreen,
.future\:object-fit-revert:future,
.host\:object-fit-revert:host,
.hover\:object-fit-revert:hover,
.in-range\:object-fit-revert:in-range,
.indeterminate\:object-fit-revert:indeterminate,
.invalid\:object-fit-revert:invalid,
.last-child\:object-fit-revert:last-child,
.last-of-type\:object-fit-revert:last-of-type,
.left\:object-fit-revert:left,
.link\:object-fit-revert:link,
.local-link\:object-fit-revert:local-link,
.object-fit-revert,
.only-child\:object-fit-revert:only-child,
.only-of-type\:object-fit-revert:only-of-type,
.optional\:object-fit-revert:optional,
.out-of-range\:object-fit-revert:out-of-range,
.past\:object-fit-revert:past,
.placeholder-shown\:object-fit-revert:placeholder-shown,
.read-only\:object-fit-revert:read-only,
.read-write\:object-fit-revert:read-write,
.required\:object-fit-revert:required,
.right\:object-fit-revert:right,
.root\:object-fit-revert:root,
.scope\:object-fit-revert:scope,
.target-within\:object-fit-revert:target-within,
.target\:object-fit-revert:target,
.user-invalid\:object-fit-revert:user-invalid,
.valid\:object-fit-revert:valid,
.visited\:object-fit-revert:visited{object-fit: revert !important;}
.active\:object-fit-scale-down:active,
.any-link\:object-fit-scale-down:any-link,
.blank\:object-fit-scale-down:blank,
.checked\:object-fit-scale-down:checked,
.current\:object-fit-scale-down:current,
.default\:object-fit-scale-down:default,
.defined\:object-fit-scale-down:defined,
.disabled\:object-fit-scale-down:disabled,
.drop\:object-fit-scale-down:drop,
.empty\:object-fit-scale-down:empty,
.enabled\:object-fit-scale-down:enabled,
.first-child\:object-fit-scale-down:first-child,
.first-of-type\:object-fit-scale-down:first-of-type,
.first\:object-fit-scale-down:first,
.focus-visible\:object-fit-scale-down:focus-visible,
.focus-within\:object-fit-scale-down:focus-within,
.focus\:object-fit-scale-down:focus,
.fullscreen\:object-fit-scale-down:fullscreen,
.future\:object-fit-scale-down:future,
.host\:object-fit-scale-down:host,
.hover\:object-fit-scale-down:hover,
.in-range\:object-fit-scale-down:in-range,
.indeterminate\:object-fit-scale-down:indeterminate,
.invalid\:object-fit-scale-down:invalid,
.last-child\:object-fit-scale-down:last-child,
.last-of-type\:object-fit-scale-down:last-of-type,
.left\:object-fit-scale-down:left,
.link\:object-fit-scale-down:link,
.local-link\:object-fit-scale-down:local-link,
.object-fit-scale-down,
.only-child\:object-fit-scale-down:only-child,
.only-of-type\:object-fit-scale-down:only-of-type,
.optional\:object-fit-scale-down:optional,
.out-of-range\:object-fit-scale-down:out-of-range,
.past\:object-fit-scale-down:past,
.placeholder-shown\:object-fit-scale-down:placeholder-shown,
.read-only\:object-fit-scale-down:read-only,
.read-write\:object-fit-scale-down:read-write,
.required\:object-fit-scale-down:required,
.right\:object-fit-scale-down:right,
.root\:object-fit-scale-down:root,
.scope\:object-fit-scale-down:scope,
.target-within\:object-fit-scale-down:target-within,
.target\:object-fit-scale-down:target,
.user-invalid\:object-fit-scale-down:user-invalid,
.valid\:object-fit-scale-down:valid,
.visited\:object-fit-scale-down:visited{object-fit: scale-down !important;}
.active\:object-fit-unset:active,
.any-link\:object-fit-unset:any-link,
.blank\:object-fit-unset:blank,
.checked\:object-fit-unset:checked,
.current\:object-fit-unset:current,
.default\:object-fit-unset:default,
.defined\:object-fit-unset:defined,
.disabled\:object-fit-unset:disabled,
.drop\:object-fit-unset:drop,
.empty\:object-fit-unset:empty,
.enabled\:object-fit-unset:enabled,
.first-child\:object-fit-unset:first-child,
.first-of-type\:object-fit-unset:first-of-type,
.first\:object-fit-unset:first,
.focus-visible\:object-fit-unset:focus-visible,
.focus-within\:object-fit-unset:focus-within,
.focus\:object-fit-unset:focus,
.fullscreen\:object-fit-unset:fullscreen,
.future\:object-fit-unset:future,
.host\:object-fit-unset:host,
.hover\:object-fit-unset:hover,
.in-range\:object-fit-unset:in-range,
.indeterminate\:object-fit-unset:indeterminate,
.invalid\:object-fit-unset:invalid,
.last-child\:object-fit-unset:last-child,
.last-of-type\:object-fit-unset:last-of-type,
.left\:object-fit-unset:left,
.link\:object-fit-unset:link,
.local-link\:object-fit-unset:local-link,
.object-fit-unset,
.only-child\:object-fit-unset:only-child,
.only-of-type\:object-fit-unset:only-of-type,
.optional\:object-fit-unset:optional,
.out-of-range\:object-fit-unset:out-of-range,
.past\:object-fit-unset:past,
.placeholder-shown\:object-fit-unset:placeholder-shown,
.read-only\:object-fit-unset:read-only,
.read-write\:object-fit-unset:read-write,
.required\:object-fit-unset:required,
.right\:object-fit-unset:right,
.root\:object-fit-unset:root,
.scope\:object-fit-unset:scope,
.target-within\:object-fit-unset:target-within,
.target\:object-fit-unset:target,
.user-invalid\:object-fit-unset:user-invalid,
.valid\:object-fit-unset:valid,
.visited\:object-fit-unset:visited{object-fit: unset !important;}
@media (min-width: 1024px){
.lg\@object-fit-contain{object-fit: contain !important;}
.lg\@object-fit-cover{object-fit: cover !important;}
.lg\@object-fit-fill{object-fit: fill !important;}
.lg\@object-fit-inherit{object-fit: inherit !important;}
.lg\@object-fit-initial{object-fit: initial !important;}
.lg\@object-fit-none{object-fit: none !important;}
.lg\@object-fit-revert{object-fit: revert !important;}
.lg\@object-fit-scale-down{object-fit: scale-down !important;}
.lg\@object-fit-unset{object-fit: unset !important;}
}
@media (min-width: 1280px){
.xl\@object-fit-contain{object-fit: contain !important;}
.xl\@object-fit-cover{object-fit: cover !important;}
.xl\@object-fit-fill{object-fit: fill !important;}
.xl\@object-fit-inherit{object-fit: inherit !important;}
.xl\@object-fit-initial{object-fit: initial !important;}
.xl\@object-fit-none{object-fit: none !important;}
.xl\@object-fit-revert{object-fit: revert !important;}
.xl\@object-fit-scale-down{object-fit: scale-down !important;}
.xl\@object-fit-unset{object-fit: unset !important;}
}
@media (min-width: 640px){
.sm\@object-fit-contain{object-fit: contain !important;}
.sm\@object-fit-cover{object-fit: cover !important;}
.sm\@object-fit-fill{object-fit: fill !important;}
.sm\@object-fit-inherit{object-fit: inherit !important;}
.sm\@object-fit-initial{object-fit: initial !important;}
.sm\@object-fit-none{object-fit: none !important;}
.sm\@object-fit-revert{object-fit: revert !important;}
.sm\@object-fit-scale-down{object-fit: scale-down !important;}
.sm\@object-fit-unset{object-fit: unset !important;}
}
@media (min-width: 768px){
.md\@object-fit-contain{object-fit: contain !important;}
.md\@object-fit-cover{object-fit: cover !important;}
.md\@object-fit-fill{object-fit: fill !important;}
.md\@object-fit-inherit{object-fit: inherit !important;}
.md\@object-fit-initial{object-fit: initial !important;}
.md\@object-fit-none{object-fit: none !important;}
.md\@object-fit-revert{object-fit: revert !important;}
.md\@object-fit-scale-down{object-fit: scale-down !important;}
.md\@object-fit-unset{object-fit: unset !important;}
}
@supports (display: grid){
.supportGrid\@object-fit-contain{object-fit: contain !important;}
.supportGrid\@object-fit-cover{object-fit: cover !important;}
.supportGrid\@object-fit-fill{object-fit: fill !important;}
.supportGrid\@object-fit-inherit{object-fit: inherit !important;}
.supportGrid\@object-fit-initial{object-fit: initial !important;}
.supportGrid\@object-fit-none{object-fit: none !important;}
.supportGrid\@object-fit-revert{object-fit: revert !important;}
.supportGrid\@object-fit-scale-down{object-fit: scale-down !important;}
.supportGrid\@object-fit-unset{object-fit: unset !important;}
}