/* layer: 99998 */
.active\:opacity-0:active,
.any-link\:opacity-0:any-link,
.blank\:opacity-0:blank,
.checked\:opacity-0:checked,
.current\:opacity-0:current,
.default\:opacity-0:default,
.defined\:opacity-0:defined,
.disabled\:opacity-0:disabled,
.drop\:opacity-0:drop,
.empty\:opacity-0:empty,
.enabled\:opacity-0:enabled,
.first-child\:opacity-0:first-child,
.first-of-type\:opacity-0:first-of-type,
.first\:opacity-0:first,
.focus-visible\:opacity-0:focus-visible,
.focus-within\:opacity-0:focus-within,
.focus\:opacity-0:focus,
.fullscreen\:opacity-0:fullscreen,
.future\:opacity-0:future,
.host\:opacity-0:host,
.hover\:opacity-0:hover,
.in-range\:opacity-0:in-range,
.indeterminate\:opacity-0:indeterminate,
.invalid\:opacity-0:invalid,
.last-child\:opacity-0:last-child,
.last-of-type\:opacity-0:last-of-type,
.left\:opacity-0:left,
.link\:opacity-0:link,
.local-link\:opacity-0:local-link,
.only-child\:opacity-0:only-child,
.only-of-type\:opacity-0:only-of-type,
.opacity-0,
.optional\:opacity-0:optional,
.out-of-range\:opacity-0:out-of-range,
.past\:opacity-0:past,
.placeholder-shown\:opacity-0:placeholder-shown,
.read-only\:opacity-0:read-only,
.read-write\:opacity-0:read-write,
.required\:opacity-0:required,
.right\:opacity-0:right,
.root\:opacity-0:root,
.scope\:opacity-0:scope,
.target-within\:opacity-0:target-within,
.target\:opacity-0:target,
.user-invalid\:opacity-0:user-invalid,
.valid\:opacity-0:valid,
.visited\:opacity-0:visited{opacity: 0 !important;}
.active\:opacity-1:active,
.any-link\:opacity-1:any-link,
.blank\:opacity-1:blank,
.checked\:opacity-1:checked,
.current\:opacity-1:current,
.default\:opacity-1:default,
.defined\:opacity-1:defined,
.disabled\:opacity-1:disabled,
.drop\:opacity-1:drop,
.empty\:opacity-1:empty,
.enabled\:opacity-1:enabled,
.first-child\:opacity-1:first-child,
.first-of-type\:opacity-1:first-of-type,
.first\:opacity-1:first,
.focus-visible\:opacity-1:focus-visible,
.focus-within\:opacity-1:focus-within,
.focus\:opacity-1:focus,
.fullscreen\:opacity-1:fullscreen,
.future\:opacity-1:future,
.host\:opacity-1:host,
.hover\:opacity-1:hover,
.in-range\:opacity-1:in-range,
.indeterminate\:opacity-1:indeterminate,
.invalid\:opacity-1:invalid,
.last-child\:opacity-1:last-child,
.last-of-type\:opacity-1:last-of-type,
.left\:opacity-1:left,
.link\:opacity-1:link,
.local-link\:opacity-1:local-link,
.only-child\:opacity-1:only-child,
.only-of-type\:opacity-1:only-of-type,
.opacity-1,
.optional\:opacity-1:optional,
.out-of-range\:opacity-1:out-of-range,
.past\:opacity-1:past,
.placeholder-shown\:opacity-1:placeholder-shown,
.read-only\:opacity-1:read-only,
.read-write\:opacity-1:read-write,
.required\:opacity-1:required,
.right\:opacity-1:right,
.root\:opacity-1:root,
.scope\:opacity-1:scope,
.target-within\:opacity-1:target-within,
.target\:opacity-1:target,
.user-invalid\:opacity-1:user-invalid,
.valid\:opacity-1:valid,
.visited\:opacity-1:visited{opacity: 0.01 !important;}
.active\:opacity-100:active,
.any-link\:opacity-100:any-link,
.blank\:opacity-100:blank,
.checked\:opacity-100:checked,
.current\:opacity-100:current,
.default\:opacity-100:default,
.defined\:opacity-100:defined,
.disabled\:opacity-100:disabled,
.drop\:opacity-100:drop,
.empty\:opacity-100:empty,
.enabled\:opacity-100:enabled,
.first-child\:opacity-100:first-child,
.first-of-type\:opacity-100:first-of-type,
.first\:opacity-100:first,
.focus-visible\:opacity-100:focus-visible,
.focus-within\:opacity-100:focus-within,
.focus\:opacity-100:focus,
.fullscreen\:opacity-100:fullscreen,
.future\:opacity-100:future,
.host\:opacity-100:host,
.hover\:opacity-100:hover,
.in-range\:opacity-100:in-range,
.indeterminate\:opacity-100:indeterminate,
.invalid\:opacity-100:invalid,
.last-child\:opacity-100:last-child,
.last-of-type\:opacity-100:last-of-type,
.left\:opacity-100:left,
.link\:opacity-100:link,
.local-link\:opacity-100:local-link,
.only-child\:opacity-100:only-child,
.only-of-type\:opacity-100:only-of-type,
.opacity-100,
.optional\:opacity-100:optional,
.out-of-range\:opacity-100:out-of-range,
.past\:opacity-100:past,
.placeholder-shown\:opacity-100:placeholder-shown,
.read-only\:opacity-100:read-only,
.read-write\:opacity-100:read-write,
.required\:opacity-100:required,
.right\:opacity-100:right,
.root\:opacity-100:root,
.scope\:opacity-100:scope,
.target-within\:opacity-100:target-within,
.target\:opacity-100:target,
.user-invalid\:opacity-100:user-invalid,
.valid\:opacity-100:valid,
.visited\:opacity-100:visited{opacity: 1 !important;}
.active\:opacity-20:active,
.any-link\:opacity-20:any-link,
.blank\:opacity-20:blank,
.checked\:opacity-20:checked,
.current\:opacity-20:current,
.default\:opacity-20:default,
.defined\:opacity-20:defined,
.disabled\:opacity-20:disabled,
.drop\:opacity-20:drop,
.empty\:opacity-20:empty,
.enabled\:opacity-20:enabled,
.first-child\:opacity-20:first-child,
.first-of-type\:opacity-20:first-of-type,
.first\:opacity-20:first,
.focus-visible\:opacity-20:focus-visible,
.focus-within\:opacity-20:focus-within,
.focus\:opacity-20:focus,
.fullscreen\:opacity-20:fullscreen,
.future\:opacity-20:future,
.host\:opacity-20:host,
.hover\:opacity-20:hover,
.in-range\:opacity-20:in-range,
.indeterminate\:opacity-20:indeterminate,
.invalid\:opacity-20:invalid,
.last-child\:opacity-20:last-child,
.last-of-type\:opacity-20:last-of-type,
.left\:opacity-20:left,
.link\:opacity-20:link,
.local-link\:opacity-20:local-link,
.only-child\:opacity-20:only-child,
.only-of-type\:opacity-20:only-of-type,
.opacity-20,
.optional\:opacity-20:optional,
.out-of-range\:opacity-20:out-of-range,
.past\:opacity-20:past,
.placeholder-shown\:opacity-20:placeholder-shown,
.read-only\:opacity-20:read-only,
.read-write\:opacity-20:read-write,
.required\:opacity-20:required,
.right\:opacity-20:right,
.root\:opacity-20:root,
.scope\:opacity-20:scope,
.target-within\:opacity-20:target-within,
.target\:opacity-20:target,
.user-invalid\:opacity-20:user-invalid,
.valid\:opacity-20:valid,
.visited\:opacity-20:visited{opacity: 0.2 !important;}
.active\:opacity-80:active,
.any-link\:opacity-80:any-link,
.blank\:opacity-80:blank,
.checked\:opacity-80:checked,
.current\:opacity-80:current,
.default\:opacity-80:default,
.defined\:opacity-80:defined,
.disabled\:opacity-80:disabled,
.drop\:opacity-80:drop,
.empty\:opacity-80:empty,
.enabled\:opacity-80:enabled,
.first-child\:opacity-80:first-child,
.first-of-type\:opacity-80:first-of-type,
.first\:opacity-80:first,
.focus-visible\:opacity-80:focus-visible,
.focus-within\:opacity-80:focus-within,
.focus\:opacity-80:focus,
.fullscreen\:opacity-80:fullscreen,
.future\:opacity-80:future,
.host\:opacity-80:host,
.hover\:opacity-80:hover,
.in-range\:opacity-80:in-range,
.indeterminate\:opacity-80:indeterminate,
.invalid\:opacity-80:invalid,
.last-child\:opacity-80:last-child,
.last-of-type\:opacity-80:last-of-type,
.left\:opacity-80:left,
.link\:opacity-80:link,
.local-link\:opacity-80:local-link,
.only-child\:opacity-80:only-child,
.only-of-type\:opacity-80:only-of-type,
.opacity-80,
.optional\:opacity-80:optional,
.out-of-range\:opacity-80:out-of-range,
.past\:opacity-80:past,
.placeholder-shown\:opacity-80:placeholder-shown,
.read-only\:opacity-80:read-only,
.read-write\:opacity-80:read-write,
.required\:opacity-80:required,
.right\:opacity-80:right,
.root\:opacity-80:root,
.scope\:opacity-80:scope,
.target-within\:opacity-80:target-within,
.target\:opacity-80:target,
.user-invalid\:opacity-80:user-invalid,
.valid\:opacity-80:valid,
.visited\:opacity-80:visited{opacity: 0.8 !important;}
@media (min-width: 1024px){
.lg\@opacity-0{opacity: 0 !important;}
.lg\@opacity-1{opacity: 0.01 !important;}
.lg\@opacity-100{opacity: 1 !important;}
.lg\@opacity-20{opacity: 0.2 !important;}
.lg\@opacity-80{opacity: 0.8 !important;}
}
@media (min-width: 1280px){
.xl\@opacity-0{opacity: 0 !important;}
.xl\@opacity-1{opacity: 0.01 !important;}
.xl\@opacity-100{opacity: 1 !important;}
.xl\@opacity-20{opacity: 0.2 !important;}
.xl\@opacity-80{opacity: 0.8 !important;}
}
@media (min-width: 640px){
.sm\@opacity-0{opacity: 0 !important;}
.sm\@opacity-1{opacity: 0.01 !important;}
.sm\@opacity-100{opacity: 1 !important;}
.sm\@opacity-20{opacity: 0.2 !important;}
.sm\@opacity-80{opacity: 0.8 !important;}
}
@media (min-width: 768px){
.md\@opacity-0{opacity: 0 !important;}
.md\@opacity-1{opacity: 0.01 !important;}
.md\@opacity-100{opacity: 1 !important;}
.md\@opacity-20{opacity: 0.2 !important;}
.md\@opacity-80{opacity: 0.8 !important;}
}
@supports (display: grid){
.supportGrid\@opacity-0{opacity: 0 !important;}
.supportGrid\@opacity-1{opacity: 0.01 !important;}
.supportGrid\@opacity-100{opacity: 1 !important;}
.supportGrid\@opacity-20{opacity: 0.2 !important;}
.supportGrid\@opacity-80{opacity: 0.8 !important;}
}