/* layer: 00300 */
.active\:position-absolute:active,
.any-link\:position-absolute:any-link,
.blank\:position-absolute:blank,
.checked\:position-absolute:checked,
.current\:position-absolute:current,
.default\:position-absolute:default,
.defined\:position-absolute:defined,
.disabled\:position-absolute:disabled,
.drop\:position-absolute:drop,
.empty\:position-absolute:empty,
.enabled\:position-absolute:enabled,
.first-child\:position-absolute:first-child,
.first-of-type\:position-absolute:first-of-type,
.first\:position-absolute:first,
.focus-visible\:position-absolute:focus-visible,
.focus-within\:position-absolute:focus-within,
.focus\:position-absolute:focus,
.fullscreen\:position-absolute:fullscreen,
.future\:position-absolute:future,
.host\:position-absolute:host,
.hover\:position-absolute:hover,
.in-range\:position-absolute:in-range,
.indeterminate\:position-absolute:indeterminate,
.invalid\:position-absolute:invalid,
.last-child\:position-absolute:last-child,
.last-of-type\:position-absolute:last-of-type,
.left\:position-absolute:left,
.link\:position-absolute:link,
.local-link\:position-absolute:local-link,
.only-child\:position-absolute:only-child,
.only-of-type\:position-absolute:only-of-type,
.optional\:position-absolute:optional,
.out-of-range\:position-absolute:out-of-range,
.past\:position-absolute:past,
.placeholder-shown\:position-absolute:placeholder-shown,
.position-absolute,
.read-only\:position-absolute:read-only,
.read-write\:position-absolute:read-write,
.required\:position-absolute:required,
.right\:position-absolute:right,
.root\:position-absolute:root,
.scope\:position-absolute:scope,
.target-within\:position-absolute:target-within,
.target\:position-absolute:target,
.user-invalid\:position-absolute:user-invalid,
.valid\:position-absolute:valid,
.visited\:position-absolute:visited{position: absolute !important;}
.active\:position-fixed:active,
.any-link\:position-fixed:any-link,
.blank\:position-fixed:blank,
.checked\:position-fixed:checked,
.current\:position-fixed:current,
.default\:position-fixed:default,
.defined\:position-fixed:defined,
.disabled\:position-fixed:disabled,
.drop\:position-fixed:drop,
.empty\:position-fixed:empty,
.enabled\:position-fixed:enabled,
.first-child\:position-fixed:first-child,
.first-of-type\:position-fixed:first-of-type,
.first\:position-fixed:first,
.focus-visible\:position-fixed:focus-visible,
.focus-within\:position-fixed:focus-within,
.focus\:position-fixed:focus,
.fullscreen\:position-fixed:fullscreen,
.future\:position-fixed:future,
.host\:position-fixed:host,
.hover\:position-fixed:hover,
.in-range\:position-fixed:in-range,
.indeterminate\:position-fixed:indeterminate,
.invalid\:position-fixed:invalid,
.last-child\:position-fixed:last-child,
.last-of-type\:position-fixed:last-of-type,
.left\:position-fixed:left,
.link\:position-fixed:link,
.local-link\:position-fixed:local-link,
.only-child\:position-fixed:only-child,
.only-of-type\:position-fixed:only-of-type,
.optional\:position-fixed:optional,
.out-of-range\:position-fixed:out-of-range,
.past\:position-fixed:past,
.placeholder-shown\:position-fixed:placeholder-shown,
.position-fixed,
.read-only\:position-fixed:read-only,
.read-write\:position-fixed:read-write,
.required\:position-fixed:required,
.right\:position-fixed:right,
.root\:position-fixed:root,
.scope\:position-fixed:scope,
.target-within\:position-fixed:target-within,
.target\:position-fixed:target,
.user-invalid\:position-fixed:user-invalid,
.valid\:position-fixed:valid,
.visited\:position-fixed:visited{position: fixed !important;}
.active\:position-inherit:active,
.any-link\:position-inherit:any-link,
.blank\:position-inherit:blank,
.checked\:position-inherit:checked,
.current\:position-inherit:current,
.default\:position-inherit:default,
.defined\:position-inherit:defined,
.disabled\:position-inherit:disabled,
.drop\:position-inherit:drop,
.empty\:position-inherit:empty,
.enabled\:position-inherit:enabled,
.first-child\:position-inherit:first-child,
.first-of-type\:position-inherit:first-of-type,
.first\:position-inherit:first,
.focus-visible\:position-inherit:focus-visible,
.focus-within\:position-inherit:focus-within,
.focus\:position-inherit:focus,
.fullscreen\:position-inherit:fullscreen,
.future\:position-inherit:future,
.host\:position-inherit:host,
.hover\:position-inherit:hover,
.in-range\:position-inherit:in-range,
.indeterminate\:position-inherit:indeterminate,
.invalid\:position-inherit:invalid,
.last-child\:position-inherit:last-child,
.last-of-type\:position-inherit:last-of-type,
.left\:position-inherit:left,
.link\:position-inherit:link,
.local-link\:position-inherit:local-link,
.only-child\:position-inherit:only-child,
.only-of-type\:position-inherit:only-of-type,
.optional\:position-inherit:optional,
.out-of-range\:position-inherit:out-of-range,
.past\:position-inherit:past,
.placeholder-shown\:position-inherit:placeholder-shown,
.position-inherit,
.read-only\:position-inherit:read-only,
.read-write\:position-inherit:read-write,
.required\:position-inherit:required,
.right\:position-inherit:right,
.root\:position-inherit:root,
.scope\:position-inherit:scope,
.target-within\:position-inherit:target-within,
.target\:position-inherit:target,
.user-invalid\:position-inherit:user-invalid,
.valid\:position-inherit:valid,
.visited\:position-inherit:visited{position: inherit !important;}
.active\:position-initial:active,
.any-link\:position-initial:any-link,
.blank\:position-initial:blank,
.checked\:position-initial:checked,
.current\:position-initial:current,
.default\:position-initial:default,
.defined\:position-initial:defined,
.disabled\:position-initial:disabled,
.drop\:position-initial:drop,
.empty\:position-initial:empty,
.enabled\:position-initial:enabled,
.first-child\:position-initial:first-child,
.first-of-type\:position-initial:first-of-type,
.first\:position-initial:first,
.focus-visible\:position-initial:focus-visible,
.focus-within\:position-initial:focus-within,
.focus\:position-initial:focus,
.fullscreen\:position-initial:fullscreen,
.future\:position-initial:future,
.host\:position-initial:host,
.hover\:position-initial:hover,
.in-range\:position-initial:in-range,
.indeterminate\:position-initial:indeterminate,
.invalid\:position-initial:invalid,
.last-child\:position-initial:last-child,
.last-of-type\:position-initial:last-of-type,
.left\:position-initial:left,
.link\:position-initial:link,
.local-link\:position-initial:local-link,
.only-child\:position-initial:only-child,
.only-of-type\:position-initial:only-of-type,
.optional\:position-initial:optional,
.out-of-range\:position-initial:out-of-range,
.past\:position-initial:past,
.placeholder-shown\:position-initial:placeholder-shown,
.position-initial,
.read-only\:position-initial:read-only,
.read-write\:position-initial:read-write,
.required\:position-initial:required,
.right\:position-initial:right,
.root\:position-initial:root,
.scope\:position-initial:scope,
.target-within\:position-initial:target-within,
.target\:position-initial:target,
.user-invalid\:position-initial:user-invalid,
.valid\:position-initial:valid,
.visited\:position-initial:visited{position: initial !important;}
.active\:position-relative:active,
.any-link\:position-relative:any-link,
.blank\:position-relative:blank,
.checked\:position-relative:checked,
.current\:position-relative:current,
.default\:position-relative:default,
.defined\:position-relative:defined,
.disabled\:position-relative:disabled,
.drop\:position-relative:drop,
.empty\:position-relative:empty,
.enabled\:position-relative:enabled,
.first-child\:position-relative:first-child,
.first-of-type\:position-relative:first-of-type,
.first\:position-relative:first,
.focus-visible\:position-relative:focus-visible,
.focus-within\:position-relative:focus-within,
.focus\:position-relative:focus,
.fullscreen\:position-relative:fullscreen,
.future\:position-relative:future,
.host\:position-relative:host,
.hover\:position-relative:hover,
.in-range\:position-relative:in-range,
.indeterminate\:position-relative:indeterminate,
.invalid\:position-relative:invalid,
.last-child\:position-relative:last-child,
.last-of-type\:position-relative:last-of-type,
.left\:position-relative:left,
.link\:position-relative:link,
.local-link\:position-relative:local-link,
.only-child\:position-relative:only-child,
.only-of-type\:position-relative:only-of-type,
.optional\:position-relative:optional,
.out-of-range\:position-relative:out-of-range,
.past\:position-relative:past,
.placeholder-shown\:position-relative:placeholder-shown,
.position-relative,
.read-only\:position-relative:read-only,
.read-write\:position-relative:read-write,
.required\:position-relative:required,
.right\:position-relative:right,
.root\:position-relative:root,
.scope\:position-relative:scope,
.target-within\:position-relative:target-within,
.target\:position-relative:target,
.user-invalid\:position-relative:user-invalid,
.valid\:position-relative:valid,
.visited\:position-relative:visited{position: relative !important;}
.active\:position-static:active,
.any-link\:position-static:any-link,
.blank\:position-static:blank,
.checked\:position-static:checked,
.current\:position-static:current,
.default\:position-static:default,
.defined\:position-static:defined,
.disabled\:position-static:disabled,
.drop\:position-static:drop,
.empty\:position-static:empty,
.enabled\:position-static:enabled,
.first-child\:position-static:first-child,
.first-of-type\:position-static:first-of-type,
.first\:position-static:first,
.focus-visible\:position-static:focus-visible,
.focus-within\:position-static:focus-within,
.focus\:position-static:focus,
.fullscreen\:position-static:fullscreen,
.future\:position-static:future,
.host\:position-static:host,
.hover\:position-static:hover,
.in-range\:position-static:in-range,
.indeterminate\:position-static:indeterminate,
.invalid\:position-static:invalid,
.last-child\:position-static:last-child,
.last-of-type\:position-static:last-of-type,
.left\:position-static:left,
.link\:position-static:link,
.local-link\:position-static:local-link,
.only-child\:position-static:only-child,
.only-of-type\:position-static:only-of-type,
.optional\:position-static:optional,
.out-of-range\:position-static:out-of-range,
.past\:position-static:past,
.placeholder-shown\:position-static:placeholder-shown,
.position-static,
.read-only\:position-static:read-only,
.read-write\:position-static:read-write,
.required\:position-static:required,
.right\:position-static:right,
.root\:position-static:root,
.scope\:position-static:scope,
.target-within\:position-static:target-within,
.target\:position-static:target,
.user-invalid\:position-static:user-invalid,
.valid\:position-static:valid,
.visited\:position-static:visited{position: static !important;}
.active\:position-sticky:active,
.any-link\:position-sticky:any-link,
.blank\:position-sticky:blank,
.checked\:position-sticky:checked,
.current\:position-sticky:current,
.default\:position-sticky:default,
.defined\:position-sticky:defined,
.disabled\:position-sticky:disabled,
.drop\:position-sticky:drop,
.empty\:position-sticky:empty,
.enabled\:position-sticky:enabled,
.first-child\:position-sticky:first-child,
.first-of-type\:position-sticky:first-of-type,
.first\:position-sticky:first,
.focus-visible\:position-sticky:focus-visible,
.focus-within\:position-sticky:focus-within,
.focus\:position-sticky:focus,
.fullscreen\:position-sticky:fullscreen,
.future\:position-sticky:future,
.host\:position-sticky:host,
.hover\:position-sticky:hover,
.in-range\:position-sticky:in-range,
.indeterminate\:position-sticky:indeterminate,
.invalid\:position-sticky:invalid,
.last-child\:position-sticky:last-child,
.last-of-type\:position-sticky:last-of-type,
.left\:position-sticky:left,
.link\:position-sticky:link,
.local-link\:position-sticky:local-link,
.only-child\:position-sticky:only-child,
.only-of-type\:position-sticky:only-of-type,
.optional\:position-sticky:optional,
.out-of-range\:position-sticky:out-of-range,
.past\:position-sticky:past,
.placeholder-shown\:position-sticky:placeholder-shown,
.position-sticky,
.read-only\:position-sticky:read-only,
.read-write\:position-sticky:read-write,
.required\:position-sticky:required,
.right\:position-sticky:right,
.root\:position-sticky:root,
.scope\:position-sticky:scope,
.target-within\:position-sticky:target-within,
.target\:position-sticky:target,
.user-invalid\:position-sticky:user-invalid,
.valid\:position-sticky:valid,
.visited\:position-sticky:visited{position: sticky !important;}
.active\:position-unset:active,
.any-link\:position-unset:any-link,
.blank\:position-unset:blank,
.checked\:position-unset:checked,
.current\:position-unset:current,
.default\:position-unset:default,
.defined\:position-unset:defined,
.disabled\:position-unset:disabled,
.drop\:position-unset:drop,
.empty\:position-unset:empty,
.enabled\:position-unset:enabled,
.first-child\:position-unset:first-child,
.first-of-type\:position-unset:first-of-type,
.first\:position-unset:first,
.focus-visible\:position-unset:focus-visible,
.focus-within\:position-unset:focus-within,
.focus\:position-unset:focus,
.fullscreen\:position-unset:fullscreen,
.future\:position-unset:future,
.host\:position-unset:host,
.hover\:position-unset:hover,
.in-range\:position-unset:in-range,
.indeterminate\:position-unset:indeterminate,
.invalid\:position-unset:invalid,
.last-child\:position-unset:last-child,
.last-of-type\:position-unset:last-of-type,
.left\:position-unset:left,
.link\:position-unset:link,
.local-link\:position-unset:local-link,
.only-child\:position-unset:only-child,
.only-of-type\:position-unset:only-of-type,
.optional\:position-unset:optional,
.out-of-range\:position-unset:out-of-range,
.past\:position-unset:past,
.placeholder-shown\:position-unset:placeholder-shown,
.position-unset,
.read-only\:position-unset:read-only,
.read-write\:position-unset:read-write,
.required\:position-unset:required,
.right\:position-unset:right,
.root\:position-unset:root,
.scope\:position-unset:scope,
.target-within\:position-unset:target-within,
.target\:position-unset:target,
.user-invalid\:position-unset:user-invalid,
.valid\:position-unset:valid,
.visited\:position-unset:visited{position: unset !important;}
@media (min-width: 1024px){
.lg\@position-absolute{position: absolute !important;}
.lg\@position-fixed{position: fixed !important;}
.lg\@position-inherit{position: inherit !important;}
.lg\@position-initial{position: initial !important;}
.lg\@position-relative{position: relative !important;}
.lg\@position-static{position: static !important;}
.lg\@position-sticky{position: sticky !important;}
.lg\@position-unset{position: unset !important;}
}
@media (min-width: 1280px){
.xl\@position-absolute{position: absolute !important;}
.xl\@position-fixed{position: fixed !important;}
.xl\@position-inherit{position: inherit !important;}
.xl\@position-initial{position: initial !important;}
.xl\@position-relative{position: relative !important;}
.xl\@position-static{position: static !important;}
.xl\@position-sticky{position: sticky !important;}
.xl\@position-unset{position: unset !important;}
}
@media (min-width: 640px){
.sm\@position-absolute{position: absolute !important;}
.sm\@position-fixed{position: fixed !important;}
.sm\@position-inherit{position: inherit !important;}
.sm\@position-initial{position: initial !important;}
.sm\@position-relative{position: relative !important;}
.sm\@position-static{position: static !important;}
.sm\@position-sticky{position: sticky !important;}
.sm\@position-unset{position: unset !important;}
}
@media (min-width: 768px){
.md\@position-absolute{position: absolute !important;}
.md\@position-fixed{position: fixed !important;}
.md\@position-inherit{position: inherit !important;}
.md\@position-initial{position: initial !important;}
.md\@position-relative{position: relative !important;}
.md\@position-static{position: static !important;}
.md\@position-sticky{position: sticky !important;}
.md\@position-unset{position: unset !important;}
}
@supports (display: grid){
.supportGrid\@position-absolute{position: absolute !important;}
.supportGrid\@position-fixed{position: fixed !important;}
.supportGrid\@position-inherit{position: inherit !important;}
.supportGrid\@position-initial{position: initial !important;}
.supportGrid\@position-relative{position: relative !important;}
.supportGrid\@position-static{position: static !important;}
.supportGrid\@position-sticky{position: sticky !important;}
.supportGrid\@position-unset{position: unset !important;}
}