/* layer: 00440 */
.active\:text-align-last-auto:active,.active\:text-last-auto:active,.any-link\:text-align-last-auto:any-link,.any-link\:text-last-auto:any-link,.blank\:text-align-last-auto:blank,.blank\:text-last-auto:blank,.checked\:text-align-last-auto:checked,.checked\:text-last-auto:checked,.current\:text-align-last-auto:current,.current\:text-last-auto:current,.default\:text-align-last-auto:default,.default\:text-last-auto:default,.defined\:text-align-last-auto:defined,.defined\:text-last-auto:defined,.disabled\:text-align-last-auto:disabled,.disabled\:text-last-auto:disabled,.drop\:text-align-last-auto:drop,.drop\:text-last-auto:drop,.empty\:text-align-last-auto:empty,.empty\:text-last-auto:empty,.enabled\:text-align-last-auto:enabled,.enabled\:text-last-auto:enabled,.first-child\:text-align-last-auto:first-child,.first-child\:text-last-auto:first-child,.first-of-type\:text-align-last-auto:first-of-type,.first-of-type\:text-last-auto:first-of-type,.first\:text-align-last-auto:first,.first\:text-last-auto:first,.focus-visible\:text-align-last-auto:focus-visible,.focus-visible\:text-last-auto:focus-visible,.focus-within\:text-align-last-auto:focus-within,.focus-within\:text-last-auto:focus-within,.focus\:text-align-last-auto:focus,.focus\:text-last-auto:focus,.fullscreen\:text-align-last-auto:fullscreen,.fullscreen\:text-last-auto:fullscreen,.future\:text-align-last-auto:future,.future\:text-last-auto:future,.host\:text-align-last-auto:host,.host\:text-last-auto:host,.hover\:text-align-last-auto:hover,.hover\:text-last-auto:hover,.in-range\:text-align-last-auto:in-range,.in-range\:text-last-auto:in-range,.indeterminate\:text-align-last-auto:indeterminate,.indeterminate\:text-last-auto:indeterminate,.invalid\:text-align-last-auto:invalid,.invalid\:text-last-auto:invalid,.last-child\:text-align-last-auto:last-child,.last-child\:text-last-auto:last-child,.last-of-type\:text-align-last-auto:last-of-type,.last-of-type\:text-last-auto:last-of-type,.left\:text-align-last-auto:left,.left\:text-last-auto:left,.link\:text-align-last-auto:link,.link\:text-last-auto:link,.local-link\:text-align-last-auto:local-link,.local-link\:text-last-auto:local-link,.only-child\:text-align-last-auto:only-child,.only-child\:text-last-auto:only-child,.only-of-type\:text-align-last-auto:only-of-type,.only-of-type\:text-last-auto:only-of-type,.optional\:text-align-last-auto:optional,.optional\:text-last-auto:optional,.out-of-range\:text-align-last-auto:out-of-range,.out-of-range\:text-last-auto:out-of-range,.past\:text-align-last-auto:past,.past\:text-last-auto:past,.placeholder-shown\:text-align-last-auto:placeholder-shown,.placeholder-shown\:text-last-auto:placeholder-shown,.read-only\:text-align-last-auto:read-only,.read-only\:text-last-auto:read-only,.read-write\:text-align-last-auto:read-write,.read-write\:text-last-auto:read-write,.required\:text-align-last-auto:required,.required\:text-last-auto:required,.right\:text-align-last-auto:right,.right\:text-last-auto:right,.root\:text-align-last-auto:root,.root\:text-last-auto:root,.scope\:text-align-last-auto:scope,.scope\:text-last-auto:scope,.target-within\:text-align-last-auto:target-within,.target-within\:text-last-auto:target-within,.target\:text-align-last-auto:target,.target\:text-last-auto:target,.text-align-last-auto,.text-last-auto,.user-invalid\:text-align-last-auto:user-invalid,.user-invalid\:text-last-auto:user-invalid,.valid\:text-align-last-auto:valid,.valid\:text-last-auto:valid,.visited\:text-align-last-auto:visited,.visited\:text-last-auto:visited{text-align-last: auto !important;}
.active\:text-align-last-center:active,.active\:text-last-center:active,.any-link\:text-align-last-center:any-link,.any-link\:text-last-center:any-link,.blank\:text-align-last-center:blank,.blank\:text-last-center:blank,.checked\:text-align-last-center:checked,.checked\:text-last-center:checked,.current\:text-align-last-center:current,.current\:text-last-center:current,.default\:text-align-last-center:default,.default\:text-last-center:default,.defined\:text-align-last-center:defined,.defined\:text-last-center:defined,.disabled\:text-align-last-center:disabled,.disabled\:text-last-center:disabled,.drop\:text-align-last-center:drop,.drop\:text-last-center:drop,.empty\:text-align-last-center:empty,.empty\:text-last-center:empty,.enabled\:text-align-last-center:enabled,.enabled\:text-last-center:enabled,.first-child\:text-align-last-center:first-child,.first-child\:text-last-center:first-child,.first-of-type\:text-align-last-center:first-of-type,.first-of-type\:text-last-center:first-of-type,.first\:text-align-last-center:first,.first\:text-last-center:first,.focus-visible\:text-align-last-center:focus-visible,.focus-visible\:text-last-center:focus-visible,.focus-within\:text-align-last-center:focus-within,.focus-within\:text-last-center:focus-within,.focus\:text-align-last-center:focus,.focus\:text-last-center:focus,.fullscreen\:text-align-last-center:fullscreen,.fullscreen\:text-last-center:fullscreen,.future\:text-align-last-center:future,.future\:text-last-center:future,.host\:text-align-last-center:host,.host\:text-last-center:host,.hover\:text-align-last-center:hover,.hover\:text-last-center:hover,.in-range\:text-align-last-center:in-range,.in-range\:text-last-center:in-range,.indeterminate\:text-align-last-center:indeterminate,.indeterminate\:text-last-center:indeterminate,.invalid\:text-align-last-center:invalid,.invalid\:text-last-center:invalid,.last-child\:text-align-last-center:last-child,.last-child\:text-last-center:last-child,.last-of-type\:text-align-last-center:last-of-type,.last-of-type\:text-last-center:last-of-type,.left\:text-align-last-center:left,.left\:text-last-center:left,.link\:text-align-last-center:link,.link\:text-last-center:link,.local-link\:text-align-last-center:local-link,.local-link\:text-last-center:local-link,.only-child\:text-align-last-center:only-child,.only-child\:text-last-center:only-child,.only-of-type\:text-align-last-center:only-of-type,.only-of-type\:text-last-center:only-of-type,.optional\:text-align-last-center:optional,.optional\:text-last-center:optional,.out-of-range\:text-align-last-center:out-of-range,.out-of-range\:text-last-center:out-of-range,.past\:text-align-last-center:past,.past\:text-last-center:past,.placeholder-shown\:text-align-last-center:placeholder-shown,.placeholder-shown\:text-last-center:placeholder-shown,.read-only\:text-align-last-center:read-only,.read-only\:text-last-center:read-only,.read-write\:text-align-last-center:read-write,.read-write\:text-last-center:read-write,.required\:text-align-last-center:required,.required\:text-last-center:required,.right\:text-align-last-center:right,.right\:text-last-center:right,.root\:text-align-last-center:root,.root\:text-last-center:root,.scope\:text-align-last-center:scope,.scope\:text-last-center:scope,.target-within\:text-align-last-center:target-within,.target-within\:text-last-center:target-within,.target\:text-align-last-center:target,.target\:text-last-center:target,.text-align-last-center,.text-last-center,.user-invalid\:text-align-last-center:user-invalid,.user-invalid\:text-last-center:user-invalid,.valid\:text-align-last-center:valid,.valid\:text-last-center:valid,.visited\:text-align-last-center:visited,.visited\:text-last-center:visited{text-align-last: center !important;}
.active\:text-align-last-end:active,.active\:text-last-end:active,.any-link\:text-align-last-end:any-link,.any-link\:text-last-end:any-link,.blank\:text-align-last-end:blank,.blank\:text-last-end:blank,.checked\:text-align-last-end:checked,.checked\:text-last-end:checked,.current\:text-align-last-end:current,.current\:text-last-end:current,.default\:text-align-last-end:default,.default\:text-last-end:default,.defined\:text-align-last-end:defined,.defined\:text-last-end:defined,.disabled\:text-align-last-end:disabled,.disabled\:text-last-end:disabled,.drop\:text-align-last-end:drop,.drop\:text-last-end:drop,.empty\:text-align-last-end:empty,.empty\:text-last-end:empty,.enabled\:text-align-last-end:enabled,.enabled\:text-last-end:enabled,.first-child\:text-align-last-end:first-child,.first-child\:text-last-end:first-child,.first-of-type\:text-align-last-end:first-of-type,.first-of-type\:text-last-end:first-of-type,.first\:text-align-last-end:first,.first\:text-last-end:first,.focus-visible\:text-align-last-end:focus-visible,.focus-visible\:text-last-end:focus-visible,.focus-within\:text-align-last-end:focus-within,.focus-within\:text-last-end:focus-within,.focus\:text-align-last-end:focus,.focus\:text-last-end:focus,.fullscreen\:text-align-last-end:fullscreen,.fullscreen\:text-last-end:fullscreen,.future\:text-align-last-end:future,.future\:text-last-end:future,.host\:text-align-last-end:host,.host\:text-last-end:host,.hover\:text-align-last-end:hover,.hover\:text-last-end:hover,.in-range\:text-align-last-end:in-range,.in-range\:text-last-end:in-range,.indeterminate\:text-align-last-end:indeterminate,.indeterminate\:text-last-end:indeterminate,.invalid\:text-align-last-end:invalid,.invalid\:text-last-end:invalid,.last-child\:text-align-last-end:last-child,.last-child\:text-last-end:last-child,.last-of-type\:text-align-last-end:last-of-type,.last-of-type\:text-last-end:last-of-type,.left\:text-align-last-end:left,.left\:text-last-end:left,.link\:text-align-last-end:link,.link\:text-last-end:link,.local-link\:text-align-last-end:local-link,.local-link\:text-last-end:local-link,.only-child\:text-align-last-end:only-child,.only-child\:text-last-end:only-child,.only-of-type\:text-align-last-end:only-of-type,.only-of-type\:text-last-end:only-of-type,.optional\:text-align-last-end:optional,.optional\:text-last-end:optional,.out-of-range\:text-align-last-end:out-of-range,.out-of-range\:text-last-end:out-of-range,.past\:text-align-last-end:past,.past\:text-last-end:past,.placeholder-shown\:text-align-last-end:placeholder-shown,.placeholder-shown\:text-last-end:placeholder-shown,.read-only\:text-align-last-end:read-only,.read-only\:text-last-end:read-only,.read-write\:text-align-last-end:read-write,.read-write\:text-last-end:read-write,.required\:text-align-last-end:required,.required\:text-last-end:required,.right\:text-align-last-end:right,.right\:text-last-end:right,.root\:text-align-last-end:root,.root\:text-last-end:root,.scope\:text-align-last-end:scope,.scope\:text-last-end:scope,.target-within\:text-align-last-end:target-within,.target-within\:text-last-end:target-within,.target\:text-align-last-end:target,.target\:text-last-end:target,.text-align-last-end,.text-last-end,.user-invalid\:text-align-last-end:user-invalid,.user-invalid\:text-last-end:user-invalid,.valid\:text-align-last-end:valid,.valid\:text-last-end:valid,.visited\:text-align-last-end:visited,.visited\:text-last-end:visited{text-align-last: end !important;}
.active\:text-align-last-inherit:active,.active\:text-last-inherit:active,.any-link\:text-align-last-inherit:any-link,.any-link\:text-last-inherit:any-link,.blank\:text-align-last-inherit:blank,.blank\:text-last-inherit:blank,.checked\:text-align-last-inherit:checked,.checked\:text-last-inherit:checked,.current\:text-align-last-inherit:current,.current\:text-last-inherit:current,.default\:text-align-last-inherit:default,.default\:text-last-inherit:default,.defined\:text-align-last-inherit:defined,.defined\:text-last-inherit:defined,.disabled\:text-align-last-inherit:disabled,.disabled\:text-last-inherit:disabled,.drop\:text-align-last-inherit:drop,.drop\:text-last-inherit:drop,.empty\:text-align-last-inherit:empty,.empty\:text-last-inherit:empty,.enabled\:text-align-last-inherit:enabled,.enabled\:text-last-inherit:enabled,.first-child\:text-align-last-inherit:first-child,.first-child\:text-last-inherit:first-child,.first-of-type\:text-align-last-inherit:first-of-type,.first-of-type\:text-last-inherit:first-of-type,.first\:text-align-last-inherit:first,.first\:text-last-inherit:first,.focus-visible\:text-align-last-inherit:focus-visible,.focus-visible\:text-last-inherit:focus-visible,.focus-within\:text-align-last-inherit:focus-within,.focus-within\:text-last-inherit:focus-within,.focus\:text-align-last-inherit:focus,.focus\:text-last-inherit:focus,.fullscreen\:text-align-last-inherit:fullscreen,.fullscreen\:text-last-inherit:fullscreen,.future\:text-align-last-inherit:future,.future\:text-last-inherit:future,.host\:text-align-last-inherit:host,.host\:text-last-inherit:host,.hover\:text-align-last-inherit:hover,.hover\:text-last-inherit:hover,.in-range\:text-align-last-inherit:in-range,.in-range\:text-last-inherit:in-range,.indeterminate\:text-align-last-inherit:indeterminate,.indeterminate\:text-last-inherit:indeterminate,.invalid\:text-align-last-inherit:invalid,.invalid\:text-last-inherit:invalid,.last-child\:text-align-last-inherit:last-child,.last-child\:text-last-inherit:last-child,.last-of-type\:text-align-last-inherit:last-of-type,.last-of-type\:text-last-inherit:last-of-type,.left\:text-align-last-inherit:left,.left\:text-last-inherit:left,.link\:text-align-last-inherit:link,.link\:text-last-inherit:link,.local-link\:text-align-last-inherit:local-link,.local-link\:text-last-inherit:local-link,.only-child\:text-align-last-inherit:only-child,.only-child\:text-last-inherit:only-child,.only-of-type\:text-align-last-inherit:only-of-type,.only-of-type\:text-last-inherit:only-of-type,.optional\:text-align-last-inherit:optional,.optional\:text-last-inherit:optional,.out-of-range\:text-align-last-inherit:out-of-range,.out-of-range\:text-last-inherit:out-of-range,.past\:text-align-last-inherit:past,.past\:text-last-inherit:past,.placeholder-shown\:text-align-last-inherit:placeholder-shown,.placeholder-shown\:text-last-inherit:placeholder-shown,.read-only\:text-align-last-inherit:read-only,.read-only\:text-last-inherit:read-only,.read-write\:text-align-last-inherit:read-write,.read-write\:text-last-inherit:read-write,.required\:text-align-last-inherit:required,.required\:text-last-inherit:required,.right\:text-align-last-inherit:right,.right\:text-last-inherit:right,.root\:text-align-last-inherit:root,.root\:text-last-inherit:root,.scope\:text-align-last-inherit:scope,.scope\:text-last-inherit:scope,.target-within\:text-align-last-inherit:target-within,.target-within\:text-last-inherit:target-within,.target\:text-align-last-inherit:target,.target\:text-last-inherit:target,.text-align-last-inherit,.text-last-inherit,.user-invalid\:text-align-last-inherit:user-invalid,.user-invalid\:text-last-inherit:user-invalid,.valid\:text-align-last-inherit:valid,.valid\:text-last-inherit:valid,.visited\:text-align-last-inherit:visited,.visited\:text-last-inherit:visited{text-align-last: inherit !important;}
.active\:text-align-last-initial:active,.active\:text-last-initial:active,.any-link\:text-align-last-initial:any-link,.any-link\:text-last-initial:any-link,.blank\:text-align-last-initial:blank,.blank\:text-last-initial:blank,.checked\:text-align-last-initial:checked,.checked\:text-last-initial:checked,.current\:text-align-last-initial:current,.current\:text-last-initial:current,.default\:text-align-last-initial:default,.default\:text-last-initial:default,.defined\:text-align-last-initial:defined,.defined\:text-last-initial:defined,.disabled\:text-align-last-initial:disabled,.disabled\:text-last-initial:disabled,.drop\:text-align-last-initial:drop,.drop\:text-last-initial:drop,.empty\:text-align-last-initial:empty,.empty\:text-last-initial:empty,.enabled\:text-align-last-initial:enabled,.enabled\:text-last-initial:enabled,.first-child\:text-align-last-initial:first-child,.first-child\:text-last-initial:first-child,.first-of-type\:text-align-last-initial:first-of-type,.first-of-type\:text-last-initial:first-of-type,.first\:text-align-last-initial:first,.first\:text-last-initial:first,.focus-visible\:text-align-last-initial:focus-visible,.focus-visible\:text-last-initial:focus-visible,.focus-within\:text-align-last-initial:focus-within,.focus-within\:text-last-initial:focus-within,.focus\:text-align-last-initial:focus,.focus\:text-last-initial:focus,.fullscreen\:text-align-last-initial:fullscreen,.fullscreen\:text-last-initial:fullscreen,.future\:text-align-last-initial:future,.future\:text-last-initial:future,.host\:text-align-last-initial:host,.host\:text-last-initial:host,.hover\:text-align-last-initial:hover,.hover\:text-last-initial:hover,.in-range\:text-align-last-initial:in-range,.in-range\:text-last-initial:in-range,.indeterminate\:text-align-last-initial:indeterminate,.indeterminate\:text-last-initial:indeterminate,.invalid\:text-align-last-initial:invalid,.invalid\:text-last-initial:invalid,.last-child\:text-align-last-initial:last-child,.last-child\:text-last-initial:last-child,.last-of-type\:text-align-last-initial:last-of-type,.last-of-type\:text-last-initial:last-of-type,.left\:text-align-last-initial:left,.left\:text-last-initial:left,.link\:text-align-last-initial:link,.link\:text-last-initial:link,.local-link\:text-align-last-initial:local-link,.local-link\:text-last-initial:local-link,.only-child\:text-align-last-initial:only-child,.only-child\:text-last-initial:only-child,.only-of-type\:text-align-last-initial:only-of-type,.only-of-type\:text-last-initial:only-of-type,.optional\:text-align-last-initial:optional,.optional\:text-last-initial:optional,.out-of-range\:text-align-last-initial:out-of-range,.out-of-range\:text-last-initial:out-of-range,.past\:text-align-last-initial:past,.past\:text-last-initial:past,.placeholder-shown\:text-align-last-initial:placeholder-shown,.placeholder-shown\:text-last-initial:placeholder-shown,.read-only\:text-align-last-initial:read-only,.read-only\:text-last-initial:read-only,.read-write\:text-align-last-initial:read-write,.read-write\:text-last-initial:read-write,.required\:text-align-last-initial:required,.required\:text-last-initial:required,.right\:text-align-last-initial:right,.right\:text-last-initial:right,.root\:text-align-last-initial:root,.root\:text-last-initial:root,.scope\:text-align-last-initial:scope,.scope\:text-last-initial:scope,.target-within\:text-align-last-initial:target-within,.target-within\:text-last-initial:target-within,.target\:text-align-last-initial:target,.target\:text-last-initial:target,.text-align-last-initial,.text-last-initial,.user-invalid\:text-align-last-initial:user-invalid,.user-invalid\:text-last-initial:user-invalid,.valid\:text-align-last-initial:valid,.valid\:text-last-initial:valid,.visited\:text-align-last-initial:visited,.visited\:text-last-initial:visited{text-align-last: initial !important;}
.active\:text-align-last-justify:active,.active\:text-last-justify:active,.any-link\:text-align-last-justify:any-link,.any-link\:text-last-justify:any-link,.blank\:text-align-last-justify:blank,.blank\:text-last-justify:blank,.checked\:text-align-last-justify:checked,.checked\:text-last-justify:checked,.current\:text-align-last-justify:current,.current\:text-last-justify:current,.default\:text-align-last-justify:default,.default\:text-last-justify:default,.defined\:text-align-last-justify:defined,.defined\:text-last-justify:defined,.disabled\:text-align-last-justify:disabled,.disabled\:text-last-justify:disabled,.drop\:text-align-last-justify:drop,.drop\:text-last-justify:drop,.empty\:text-align-last-justify:empty,.empty\:text-last-justify:empty,.enabled\:text-align-last-justify:enabled,.enabled\:text-last-justify:enabled,.first-child\:text-align-last-justify:first-child,.first-child\:text-last-justify:first-child,.first-of-type\:text-align-last-justify:first-of-type,.first-of-type\:text-last-justify:first-of-type,.first\:text-align-last-justify:first,.first\:text-last-justify:first,.focus-visible\:text-align-last-justify:focus-visible,.focus-visible\:text-last-justify:focus-visible,.focus-within\:text-align-last-justify:focus-within,.focus-within\:text-last-justify:focus-within,.focus\:text-align-last-justify:focus,.focus\:text-last-justify:focus,.fullscreen\:text-align-last-justify:fullscreen,.fullscreen\:text-last-justify:fullscreen,.future\:text-align-last-justify:future,.future\:text-last-justify:future,.host\:text-align-last-justify:host,.host\:text-last-justify:host,.hover\:text-align-last-justify:hover,.hover\:text-last-justify:hover,.in-range\:text-align-last-justify:in-range,.in-range\:text-last-justify:in-range,.indeterminate\:text-align-last-justify:indeterminate,.indeterminate\:text-last-justify:indeterminate,.invalid\:text-align-last-justify:invalid,.invalid\:text-last-justify:invalid,.last-child\:text-align-last-justify:last-child,.last-child\:text-last-justify:last-child,.last-of-type\:text-align-last-justify:last-of-type,.last-of-type\:text-last-justify:last-of-type,.left\:text-align-last-justify:left,.left\:text-last-justify:left,.link\:text-align-last-justify:link,.link\:text-last-justify:link,.local-link\:text-align-last-justify:local-link,.local-link\:text-last-justify:local-link,.only-child\:text-align-last-justify:only-child,.only-child\:text-last-justify:only-child,.only-of-type\:text-align-last-justify:only-of-type,.only-of-type\:text-last-justify:only-of-type,.optional\:text-align-last-justify:optional,.optional\:text-last-justify:optional,.out-of-range\:text-align-last-justify:out-of-range,.out-of-range\:text-last-justify:out-of-range,.past\:text-align-last-justify:past,.past\:text-last-justify:past,.placeholder-shown\:text-align-last-justify:placeholder-shown,.placeholder-shown\:text-last-justify:placeholder-shown,.read-only\:text-align-last-justify:read-only,.read-only\:text-last-justify:read-only,.read-write\:text-align-last-justify:read-write,.read-write\:text-last-justify:read-write,.required\:text-align-last-justify:required,.required\:text-last-justify:required,.right\:text-align-last-justify:right,.right\:text-last-justify:right,.root\:text-align-last-justify:root,.root\:text-last-justify:root,.scope\:text-align-last-justify:scope,.scope\:text-last-justify:scope,.target-within\:text-align-last-justify:target-within,.target-within\:text-last-justify:target-within,.target\:text-align-last-justify:target,.target\:text-last-justify:target,.text-align-last-justify,.text-last-justify,.user-invalid\:text-align-last-justify:user-invalid,.user-invalid\:text-last-justify:user-invalid,.valid\:text-align-last-justify:valid,.valid\:text-last-justify:valid,.visited\:text-align-last-justify:visited,.visited\:text-last-justify:visited{text-align-last: justify !important;}
.active\:text-align-last-left:active,.active\:text-last-left:active,.any-link\:text-align-last-left:any-link,.any-link\:text-last-left:any-link,.blank\:text-align-last-left:blank,.blank\:text-last-left:blank,.checked\:text-align-last-left:checked,.checked\:text-last-left:checked,.current\:text-align-last-left:current,.current\:text-last-left:current,.default\:text-align-last-left:default,.default\:text-last-left:default,.defined\:text-align-last-left:defined,.defined\:text-last-left:defined,.disabled\:text-align-last-left:disabled,.disabled\:text-last-left:disabled,.drop\:text-align-last-left:drop,.drop\:text-last-left:drop,.empty\:text-align-last-left:empty,.empty\:text-last-left:empty,.enabled\:text-align-last-left:enabled,.enabled\:text-last-left:enabled,.first-child\:text-align-last-left:first-child,.first-child\:text-last-left:first-child,.first-of-type\:text-align-last-left:first-of-type,.first-of-type\:text-last-left:first-of-type,.first\:text-align-last-left:first,.first\:text-last-left:first,.focus-visible\:text-align-last-left:focus-visible,.focus-visible\:text-last-left:focus-visible,.focus-within\:text-align-last-left:focus-within,.focus-within\:text-last-left:focus-within,.focus\:text-align-last-left:focus,.focus\:text-last-left:focus,.fullscreen\:text-align-last-left:fullscreen,.fullscreen\:text-last-left:fullscreen,.future\:text-align-last-left:future,.future\:text-last-left:future,.host\:text-align-last-left:host,.host\:text-last-left:host,.hover\:text-align-last-left:hover,.hover\:text-last-left:hover,.in-range\:text-align-last-left:in-range,.in-range\:text-last-left:in-range,.indeterminate\:text-align-last-left:indeterminate,.indeterminate\:text-last-left:indeterminate,.invalid\:text-align-last-left:invalid,.invalid\:text-last-left:invalid,.last-child\:text-align-last-left:last-child,.last-child\:text-last-left:last-child,.last-of-type\:text-align-last-left:last-of-type,.last-of-type\:text-last-left:last-of-type,.left\:text-align-last-left:left,.left\:text-last-left:left,.link\:text-align-last-left:link,.link\:text-last-left:link,.local-link\:text-align-last-left:local-link,.local-link\:text-last-left:local-link,.only-child\:text-align-last-left:only-child,.only-child\:text-last-left:only-child,.only-of-type\:text-align-last-left:only-of-type,.only-of-type\:text-last-left:only-of-type,.optional\:text-align-last-left:optional,.optional\:text-last-left:optional,.out-of-range\:text-align-last-left:out-of-range,.out-of-range\:text-last-left:out-of-range,.past\:text-align-last-left:past,.past\:text-last-left:past,.placeholder-shown\:text-align-last-left:placeholder-shown,.placeholder-shown\:text-last-left:placeholder-shown,.read-only\:text-align-last-left:read-only,.read-only\:text-last-left:read-only,.read-write\:text-align-last-left:read-write,.read-write\:text-last-left:read-write,.required\:text-align-last-left:required,.required\:text-last-left:required,.right\:text-align-last-left:right,.right\:text-last-left:right,.root\:text-align-last-left:root,.root\:text-last-left:root,.scope\:text-align-last-left:scope,.scope\:text-last-left:scope,.target-within\:text-align-last-left:target-within,.target-within\:text-last-left:target-within,.target\:text-align-last-left:target,.target\:text-last-left:target,.text-align-last-left,.text-last-left,.user-invalid\:text-align-last-left:user-invalid,.user-invalid\:text-last-left:user-invalid,.valid\:text-align-last-left:valid,.valid\:text-last-left:valid,.visited\:text-align-last-left:visited,.visited\:text-last-left:visited{text-align-last: left !important;}
.active\:text-align-last-right:active,.active\:text-last-right:active,.any-link\:text-align-last-right:any-link,.any-link\:text-last-right:any-link,.blank\:text-align-last-right:blank,.blank\:text-last-right:blank,.checked\:text-align-last-right:checked,.checked\:text-last-right:checked,.current\:text-align-last-right:current,.current\:text-last-right:current,.default\:text-align-last-right:default,.default\:text-last-right:default,.defined\:text-align-last-right:defined,.defined\:text-last-right:defined,.disabled\:text-align-last-right:disabled,.disabled\:text-last-right:disabled,.drop\:text-align-last-right:drop,.drop\:text-last-right:drop,.empty\:text-align-last-right:empty,.empty\:text-last-right:empty,.enabled\:text-align-last-right:enabled,.enabled\:text-last-right:enabled,.first-child\:text-align-last-right:first-child,.first-child\:text-last-right:first-child,.first-of-type\:text-align-last-right:first-of-type,.first-of-type\:text-last-right:first-of-type,.first\:text-align-last-right:first,.first\:text-last-right:first,.focus-visible\:text-align-last-right:focus-visible,.focus-visible\:text-last-right:focus-visible,.focus-within\:text-align-last-right:focus-within,.focus-within\:text-last-right:focus-within,.focus\:text-align-last-right:focus,.focus\:text-last-right:focus,.fullscreen\:text-align-last-right:fullscreen,.fullscreen\:text-last-right:fullscreen,.future\:text-align-last-right:future,.future\:text-last-right:future,.host\:text-align-last-right:host,.host\:text-last-right:host,.hover\:text-align-last-right:hover,.hover\:text-last-right:hover,.in-range\:text-align-last-right:in-range,.in-range\:text-last-right:in-range,.indeterminate\:text-align-last-right:indeterminate,.indeterminate\:text-last-right:indeterminate,.invalid\:text-align-last-right:invalid,.invalid\:text-last-right:invalid,.last-child\:text-align-last-right:last-child,.last-child\:text-last-right:last-child,.last-of-type\:text-align-last-right:last-of-type,.last-of-type\:text-last-right:last-of-type,.left\:text-align-last-right:left,.left\:text-last-right:left,.link\:text-align-last-right:link,.link\:text-last-right:link,.local-link\:text-align-last-right:local-link,.local-link\:text-last-right:local-link,.only-child\:text-align-last-right:only-child,.only-child\:text-last-right:only-child,.only-of-type\:text-align-last-right:only-of-type,.only-of-type\:text-last-right:only-of-type,.optional\:text-align-last-right:optional,.optional\:text-last-right:optional,.out-of-range\:text-align-last-right:out-of-range,.out-of-range\:text-last-right:out-of-range,.past\:text-align-last-right:past,.past\:text-last-right:past,.placeholder-shown\:text-align-last-right:placeholder-shown,.placeholder-shown\:text-last-right:placeholder-shown,.read-only\:text-align-last-right:read-only,.read-only\:text-last-right:read-only,.read-write\:text-align-last-right:read-write,.read-write\:text-last-right:read-write,.required\:text-align-last-right:required,.required\:text-last-right:required,.right\:text-align-last-right:right,.right\:text-last-right:right,.root\:text-align-last-right:root,.root\:text-last-right:root,.scope\:text-align-last-right:scope,.scope\:text-last-right:scope,.target-within\:text-align-last-right:target-within,.target-within\:text-last-right:target-within,.target\:text-align-last-right:target,.target\:text-last-right:target,.text-align-last-right,.text-last-right,.user-invalid\:text-align-last-right:user-invalid,.user-invalid\:text-last-right:user-invalid,.valid\:text-align-last-right:valid,.valid\:text-last-right:valid,.visited\:text-align-last-right:visited,.visited\:text-last-right:visited{text-align-last: right !important;}
.active\:text-align-last-start:active,.active\:text-last-start:active,.any-link\:text-align-last-start:any-link,.any-link\:text-last-start:any-link,.blank\:text-align-last-start:blank,.blank\:text-last-start:blank,.checked\:text-align-last-start:checked,.checked\:text-last-start:checked,.current\:text-align-last-start:current,.current\:text-last-start:current,.default\:text-align-last-start:default,.default\:text-last-start:default,.defined\:text-align-last-start:defined,.defined\:text-last-start:defined,.disabled\:text-align-last-start:disabled,.disabled\:text-last-start:disabled,.drop\:text-align-last-start:drop,.drop\:text-last-start:drop,.empty\:text-align-last-start:empty,.empty\:text-last-start:empty,.enabled\:text-align-last-start:enabled,.enabled\:text-last-start:enabled,.first-child\:text-align-last-start:first-child,.first-child\:text-last-start:first-child,.first-of-type\:text-align-last-start:first-of-type,.first-of-type\:text-last-start:first-of-type,.first\:text-align-last-start:first,.first\:text-last-start:first,.focus-visible\:text-align-last-start:focus-visible,.focus-visible\:text-last-start:focus-visible,.focus-within\:text-align-last-start:focus-within,.focus-within\:text-last-start:focus-within,.focus\:text-align-last-start:focus,.focus\:text-last-start:focus,.fullscreen\:text-align-last-start:fullscreen,.fullscreen\:text-last-start:fullscreen,.future\:text-align-last-start:future,.future\:text-last-start:future,.host\:text-align-last-start:host,.host\:text-last-start:host,.hover\:text-align-last-start:hover,.hover\:text-last-start:hover,.in-range\:text-align-last-start:in-range,.in-range\:text-last-start:in-range,.indeterminate\:text-align-last-start:indeterminate,.indeterminate\:text-last-start:indeterminate,.invalid\:text-align-last-start:invalid,.invalid\:text-last-start:invalid,.last-child\:text-align-last-start:last-child,.last-child\:text-last-start:last-child,.last-of-type\:text-align-last-start:last-of-type,.last-of-type\:text-last-start:last-of-type,.left\:text-align-last-start:left,.left\:text-last-start:left,.link\:text-align-last-start:link,.link\:text-last-start:link,.local-link\:text-align-last-start:local-link,.local-link\:text-last-start:local-link,.only-child\:text-align-last-start:only-child,.only-child\:text-last-start:only-child,.only-of-type\:text-align-last-start:only-of-type,.only-of-type\:text-last-start:only-of-type,.optional\:text-align-last-start:optional,.optional\:text-last-start:optional,.out-of-range\:text-align-last-start:out-of-range,.out-of-range\:text-last-start:out-of-range,.past\:text-align-last-start:past,.past\:text-last-start:past,.placeholder-shown\:text-align-last-start:placeholder-shown,.placeholder-shown\:text-last-start:placeholder-shown,.read-only\:text-align-last-start:read-only,.read-only\:text-last-start:read-only,.read-write\:text-align-last-start:read-write,.read-write\:text-last-start:read-write,.required\:text-align-last-start:required,.required\:text-last-start:required,.right\:text-align-last-start:right,.right\:text-last-start:right,.root\:text-align-last-start:root,.root\:text-last-start:root,.scope\:text-align-last-start:scope,.scope\:text-last-start:scope,.target-within\:text-align-last-start:target-within,.target-within\:text-last-start:target-within,.target\:text-align-last-start:target,.target\:text-last-start:target,.text-align-last-start,.text-last-start,.user-invalid\:text-align-last-start:user-invalid,.user-invalid\:text-last-start:user-invalid,.valid\:text-align-last-start:valid,.valid\:text-last-start:valid,.visited\:text-align-last-start:visited,.visited\:text-last-start:visited{text-align-last: start !important;}
@media (min-width: 640px){
.sm\@text-align-last-auto,.sm\@text-last-auto{text-align-last: auto !important;}
.sm\@text-align-last-center,.sm\@text-last-center{text-align-last: center !important;}
.sm\@text-align-last-end,.sm\@text-last-end{text-align-last: end !important;}
.sm\@text-align-last-inherit,.sm\@text-last-inherit{text-align-last: inherit !important;}
.sm\@text-align-last-initial,.sm\@text-last-initial{text-align-last: initial !important;}
.sm\@text-align-last-justify,.sm\@text-last-justify{text-align-last: justify !important;}
.sm\@text-align-last-left,.sm\@text-last-left{text-align-last: left !important;}
.sm\@text-align-last-right,.sm\@text-last-right{text-align-last: right !important;}
.sm\@text-align-last-start,.sm\@text-last-start{text-align-last: start !important;}
}
@media (min-width: 768px){
.md\@text-align-last-auto,.md\@text-last-auto{text-align-last: auto !important;}
.md\@text-align-last-center,.md\@text-last-center{text-align-last: center !important;}
.md\@text-align-last-end,.md\@text-last-end{text-align-last: end !important;}
.md\@text-align-last-inherit,.md\@text-last-inherit{text-align-last: inherit !important;}
.md\@text-align-last-initial,.md\@text-last-initial{text-align-last: initial !important;}
.md\@text-align-last-justify,.md\@text-last-justify{text-align-last: justify !important;}
.md\@text-align-last-left,.md\@text-last-left{text-align-last: left !important;}
.md\@text-align-last-right,.md\@text-last-right{text-align-last: right !important;}
.md\@text-align-last-start,.md\@text-last-start{text-align-last: start !important;}
}
@media (min-width: 1024px){
.lg\@text-align-last-auto,.lg\@text-last-auto{text-align-last: auto !important;}
.lg\@text-align-last-center,.lg\@text-last-center{text-align-last: center !important;}
.lg\@text-align-last-end,.lg\@text-last-end{text-align-last: end !important;}
.lg\@text-align-last-inherit,.lg\@text-last-inherit{text-align-last: inherit !important;}
.lg\@text-align-last-initial,.lg\@text-last-initial{text-align-last: initial !important;}
.lg\@text-align-last-justify,.lg\@text-last-justify{text-align-last: justify !important;}
.lg\@text-align-last-left,.lg\@text-last-left{text-align-last: left !important;}
.lg\@text-align-last-right,.lg\@text-last-right{text-align-last: right !important;}
.lg\@text-align-last-start,.lg\@text-last-start{text-align-last: start !important;}
}
@media (min-width: 1280px){
.xl\@text-align-last-auto,.xl\@text-last-auto{text-align-last: auto !important;}
.xl\@text-align-last-center,.xl\@text-last-center{text-align-last: center !important;}
.xl\@text-align-last-end,.xl\@text-last-end{text-align-last: end !important;}
.xl\@text-align-last-inherit,.xl\@text-last-inherit{text-align-last: inherit !important;}
.xl\@text-align-last-initial,.xl\@text-last-initial{text-align-last: initial !important;}
.xl\@text-align-last-justify,.xl\@text-last-justify{text-align-last: justify !important;}
.xl\@text-align-last-left,.xl\@text-last-left{text-align-last: left !important;}
.xl\@text-align-last-right,.xl\@text-last-right{text-align-last: right !important;}
.xl\@text-align-last-start,.xl\@text-last-start{text-align-last: start !important;}
}
@supports (display: grid){
.supportGrid\@text-align-last-auto,.supportGrid\@text-last-auto{text-align-last: auto !important;}
.supportGrid\@text-align-last-center,.supportGrid\@text-last-center{text-align-last: center !important;}
.supportGrid\@text-align-last-end,.supportGrid\@text-last-end{text-align-last: end !important;}
.supportGrid\@text-align-last-inherit,.supportGrid\@text-last-inherit{text-align-last: inherit !important;}
.supportGrid\@text-align-last-initial,.supportGrid\@text-last-initial{text-align-last: initial !important;}
.supportGrid\@text-align-last-justify,.supportGrid\@text-last-justify{text-align-last: justify !important;}
.supportGrid\@text-align-last-left,.supportGrid\@text-last-left{text-align-last: left !important;}
.supportGrid\@text-align-last-right,.supportGrid\@text-last-right{text-align-last: right !important;}
.supportGrid\@text-align-last-start,.supportGrid\@text-last-start{text-align-last: start !important;}
}