/* layer: 00320 */
.active\:text-align-center:active,.active\:text-center:active,.any-link\:text-align-center:any-link,.any-link\:text-center:any-link,.blank\:text-align-center:blank,.blank\:text-center:blank,.checked\:text-align-center:checked,.checked\:text-center:checked,.current\:text-align-center:current,.current\:text-center:current,.default\:text-align-center:default,.default\:text-center:default,.defined\:text-align-center:defined,.defined\:text-center:defined,.disabled\:text-align-center:disabled,.disabled\:text-center:disabled,.drop\:text-align-center:drop,.drop\:text-center:drop,.empty\:text-align-center:empty,.empty\:text-center:empty,.enabled\:text-align-center:enabled,.enabled\:text-center:enabled,.first-child\:text-align-center:first-child,.first-child\:text-center:first-child,.first-of-type\:text-align-center:first-of-type,.first-of-type\:text-center:first-of-type,.first\:text-align-center:first,.first\:text-center:first,.focus-visible\:text-align-center:focus-visible,.focus-visible\:text-center:focus-visible,.focus-within\:text-align-center:focus-within,.focus-within\:text-center:focus-within,.focus\:text-align-center:focus,.focus\:text-center:focus,.fullscreen\:text-align-center:fullscreen,.fullscreen\:text-center:fullscreen,.future\:text-align-center:future,.future\:text-center:future,.host\:text-align-center:host,.host\:text-center:host,.hover\:text-align-center:hover,.hover\:text-center:hover,.in-range\:text-align-center:in-range,.in-range\:text-center:in-range,.indeterminate\:text-align-center:indeterminate,.indeterminate\:text-center:indeterminate,.invalid\:text-align-center:invalid,.invalid\:text-center:invalid,.last-child\:text-align-center:last-child,.last-child\:text-center:last-child,.last-of-type\:text-align-center:last-of-type,.last-of-type\:text-center:last-of-type,.left\:text-align-center:left,.left\:text-center:left,.link\:text-align-center:link,.link\:text-center:link,.local-link\:text-align-center:local-link,.local-link\:text-center:local-link,.only-child\:text-align-center:only-child,.only-child\:text-center:only-child,.only-of-type\:text-align-center:only-of-type,.only-of-type\:text-center:only-of-type,.optional\:text-align-center:optional,.optional\:text-center:optional,.out-of-range\:text-align-center:out-of-range,.out-of-range\:text-center:out-of-range,.past\:text-align-center:past,.past\:text-center:past,.placeholder-shown\:text-align-center:placeholder-shown,.placeholder-shown\:text-center:placeholder-shown,.read-only\:text-align-center:read-only,.read-only\:text-center:read-only,.read-write\:text-align-center:read-write,.read-write\:text-center:read-write,.required\:text-align-center:required,.required\:text-center:required,.right\:text-align-center:right,.right\:text-center:right,.root\:text-align-center:root,.root\:text-center:root,.scope\:text-align-center:scope,.scope\:text-center:scope,.target-within\:text-align-center:target-within,.target-within\:text-center:target-within,.target\:text-align-center:target,.target\:text-center:target,.text-align-center,.text-center,.user-invalid\:text-align-center:user-invalid,.user-invalid\:text-center:user-invalid,.valid\:text-align-center:valid,.valid\:text-center:valid,.visited\:text-align-center:visited,.visited\:text-center:visited{text-align: center !important;}
.active\:text-align-end:active,.active\:text-end:active,.any-link\:text-align-end:any-link,.any-link\:text-end:any-link,.blank\:text-align-end:blank,.blank\:text-end:blank,.checked\:text-align-end:checked,.checked\:text-end:checked,.current\:text-align-end:current,.current\:text-end:current,.default\:text-align-end:default,.default\:text-end:default,.defined\:text-align-end:defined,.defined\:text-end:defined,.disabled\:text-align-end:disabled,.disabled\:text-end:disabled,.drop\:text-align-end:drop,.drop\:text-end:drop,.empty\:text-align-end:empty,.empty\:text-end:empty,.enabled\:text-align-end:enabled,.enabled\:text-end:enabled,.first-child\:text-align-end:first-child,.first-child\:text-end:first-child,.first-of-type\:text-align-end:first-of-type,.first-of-type\:text-end:first-of-type,.first\:text-align-end:first,.first\:text-end:first,.focus-visible\:text-align-end:focus-visible,.focus-visible\:text-end:focus-visible,.focus-within\:text-align-end:focus-within,.focus-within\:text-end:focus-within,.focus\:text-align-end:focus,.focus\:text-end:focus,.fullscreen\:text-align-end:fullscreen,.fullscreen\:text-end:fullscreen,.future\:text-align-end:future,.future\:text-end:future,.host\:text-align-end:host,.host\:text-end:host,.hover\:text-align-end:hover,.hover\:text-end:hover,.in-range\:text-align-end:in-range,.in-range\:text-end:in-range,.indeterminate\:text-align-end:indeterminate,.indeterminate\:text-end:indeterminate,.invalid\:text-align-end:invalid,.invalid\:text-end:invalid,.last-child\:text-align-end:last-child,.last-child\:text-end:last-child,.last-of-type\:text-align-end:last-of-type,.last-of-type\:text-end:last-of-type,.left\:text-align-end:left,.left\:text-end:left,.link\:text-align-end:link,.link\:text-end:link,.local-link\:text-align-end:local-link,.local-link\:text-end:local-link,.only-child\:text-align-end:only-child,.only-child\:text-end:only-child,.only-of-type\:text-align-end:only-of-type,.only-of-type\:text-end:only-of-type,.optional\:text-align-end:optional,.optional\:text-end:optional,.out-of-range\:text-align-end:out-of-range,.out-of-range\:text-end:out-of-range,.past\:text-align-end:past,.past\:text-end:past,.placeholder-shown\:text-align-end:placeholder-shown,.placeholder-shown\:text-end:placeholder-shown,.read-only\:text-align-end:read-only,.read-only\:text-end:read-only,.read-write\:text-align-end:read-write,.read-write\:text-end:read-write,.required\:text-align-end:required,.required\:text-end:required,.right\:text-align-end:right,.right\:text-end:right,.root\:text-align-end:root,.root\:text-end:root,.scope\:text-align-end:scope,.scope\:text-end:scope,.target-within\:text-align-end:target-within,.target-within\:text-end:target-within,.target\:text-align-end:target,.target\:text-end:target,.text-align-end,.text-end,.user-invalid\:text-align-end:user-invalid,.user-invalid\:text-end:user-invalid,.valid\:text-align-end:valid,.valid\:text-end:valid,.visited\:text-align-end:visited,.visited\:text-end:visited{text-align: end !important;}
.active\:text-align-justify:active,.active\:text-justify:active,.any-link\:text-align-justify:any-link,.any-link\:text-justify:any-link,.blank\:text-align-justify:blank,.blank\:text-justify:blank,.checked\:text-align-justify:checked,.checked\:text-justify:checked,.current\:text-align-justify:current,.current\:text-justify:current,.default\:text-align-justify:default,.default\:text-justify:default,.defined\:text-align-justify:defined,.defined\:text-justify:defined,.disabled\:text-align-justify:disabled,.disabled\:text-justify:disabled,.drop\:text-align-justify:drop,.drop\:text-justify:drop,.empty\:text-align-justify:empty,.empty\:text-justify:empty,.enabled\:text-align-justify:enabled,.enabled\:text-justify:enabled,.first-child\:text-align-justify:first-child,.first-child\:text-justify:first-child,.first-of-type\:text-align-justify:first-of-type,.first-of-type\:text-justify:first-of-type,.first\:text-align-justify:first,.first\:text-justify:first,.focus-visible\:text-align-justify:focus-visible,.focus-visible\:text-justify:focus-visible,.focus-within\:text-align-justify:focus-within,.focus-within\:text-justify:focus-within,.focus\:text-align-justify:focus,.focus\:text-justify:focus,.fullscreen\:text-align-justify:fullscreen,.fullscreen\:text-justify:fullscreen,.future\:text-align-justify:future,.future\:text-justify:future,.host\:text-align-justify:host,.host\:text-justify:host,.hover\:text-align-justify:hover,.hover\:text-justify:hover,.in-range\:text-align-justify:in-range,.in-range\:text-justify:in-range,.indeterminate\:text-align-justify:indeterminate,.indeterminate\:text-justify:indeterminate,.invalid\:text-align-justify:invalid,.invalid\:text-justify:invalid,.last-child\:text-align-justify:last-child,.last-child\:text-justify:last-child,.last-of-type\:text-align-justify:last-of-type,.last-of-type\:text-justify:last-of-type,.left\:text-align-justify:left,.left\:text-justify:left,.link\:text-align-justify:link,.link\:text-justify:link,.local-link\:text-align-justify:local-link,.local-link\:text-justify:local-link,.only-child\:text-align-justify:only-child,.only-child\:text-justify:only-child,.only-of-type\:text-align-justify:only-of-type,.only-of-type\:text-justify:only-of-type,.optional\:text-align-justify:optional,.optional\:text-justify:optional,.out-of-range\:text-align-justify:out-of-range,.out-of-range\:text-justify:out-of-range,.past\:text-align-justify:past,.past\:text-justify:past,.placeholder-shown\:text-align-justify:placeholder-shown,.placeholder-shown\:text-justify:placeholder-shown,.read-only\:text-align-justify:read-only,.read-only\:text-justify:read-only,.read-write\:text-align-justify:read-write,.read-write\:text-justify:read-write,.required\:text-align-justify:required,.required\:text-justify:required,.right\:text-align-justify:right,.right\:text-justify:right,.root\:text-align-justify:root,.root\:text-justify:root,.scope\:text-align-justify:scope,.scope\:text-justify:scope,.target-within\:text-align-justify:target-within,.target-within\:text-justify:target-within,.target\:text-align-justify:target,.target\:text-justify:target,.text-align-justify,.text-justify,.user-invalid\:text-align-justify:user-invalid,.user-invalid\:text-justify:user-invalid,.valid\:text-align-justify:valid,.valid\:text-justify:valid,.visited\:text-align-justify:visited,.visited\:text-justify:visited{text-align: justify !important;}
.active\:text-align-left:active,.active\:text-left:active,.any-link\:text-align-left:any-link,.any-link\:text-left:any-link,.blank\:text-align-left:blank,.blank\:text-left:blank,.checked\:text-align-left:checked,.checked\:text-left:checked,.current\:text-align-left:current,.current\:text-left:current,.default\:text-align-left:default,.default\:text-left:default,.defined\:text-align-left:defined,.defined\:text-left:defined,.disabled\:text-align-left:disabled,.disabled\:text-left:disabled,.drop\:text-align-left:drop,.drop\:text-left:drop,.empty\:text-align-left:empty,.empty\:text-left:empty,.enabled\:text-align-left:enabled,.enabled\:text-left:enabled,.first-child\:text-align-left:first-child,.first-child\:text-left:first-child,.first-of-type\:text-align-left:first-of-type,.first-of-type\:text-left:first-of-type,.first\:text-align-left:first,.first\:text-left:first,.focus-visible\:text-align-left:focus-visible,.focus-visible\:text-left:focus-visible,.focus-within\:text-align-left:focus-within,.focus-within\:text-left:focus-within,.focus\:text-align-left:focus,.focus\:text-left:focus,.fullscreen\:text-align-left:fullscreen,.fullscreen\:text-left:fullscreen,.future\:text-align-left:future,.future\:text-left:future,.host\:text-align-left:host,.host\:text-left:host,.hover\:text-align-left:hover,.hover\:text-left:hover,.in-range\:text-align-left:in-range,.in-range\:text-left:in-range,.indeterminate\:text-align-left:indeterminate,.indeterminate\:text-left:indeterminate,.invalid\:text-align-left:invalid,.invalid\:text-left:invalid,.last-child\:text-align-left:last-child,.last-child\:text-left:last-child,.last-of-type\:text-align-left:last-of-type,.last-of-type\:text-left:last-of-type,.left\:text-align-left:left,.left\:text-left:left,.link\:text-align-left:link,.link\:text-left:link,.local-link\:text-align-left:local-link,.local-link\:text-left:local-link,.only-child\:text-align-left:only-child,.only-child\:text-left:only-child,.only-of-type\:text-align-left:only-of-type,.only-of-type\:text-left:only-of-type,.optional\:text-align-left:optional,.optional\:text-left:optional,.out-of-range\:text-align-left:out-of-range,.out-of-range\:text-left:out-of-range,.past\:text-align-left:past,.past\:text-left:past,.placeholder-shown\:text-align-left:placeholder-shown,.placeholder-shown\:text-left:placeholder-shown,.read-only\:text-align-left:read-only,.read-only\:text-left:read-only,.read-write\:text-align-left:read-write,.read-write\:text-left:read-write,.required\:text-align-left:required,.required\:text-left:required,.right\:text-align-left:right,.right\:text-left:right,.root\:text-align-left:root,.root\:text-left:root,.scope\:text-align-left:scope,.scope\:text-left:scope,.target-within\:text-align-left:target-within,.target-within\:text-left:target-within,.target\:text-align-left:target,.target\:text-left:target,.text-align-left,.text-left,.user-invalid\:text-align-left:user-invalid,.user-invalid\:text-left:user-invalid,.valid\:text-align-left:valid,.valid\:text-left:valid,.visited\:text-align-left:visited,.visited\:text-left:visited{text-align: left !important;}
.active\:text-align-match-parent:active,.active\:text-match-parent:active,.any-link\:text-align-match-parent:any-link,.any-link\:text-match-parent:any-link,.blank\:text-align-match-parent:blank,.blank\:text-match-parent:blank,.checked\:text-align-match-parent:checked,.checked\:text-match-parent:checked,.current\:text-align-match-parent:current,.current\:text-match-parent:current,.default\:text-align-match-parent:default,.default\:text-match-parent:default,.defined\:text-align-match-parent:defined,.defined\:text-match-parent:defined,.disabled\:text-align-match-parent:disabled,.disabled\:text-match-parent:disabled,.drop\:text-align-match-parent:drop,.drop\:text-match-parent:drop,.empty\:text-align-match-parent:empty,.empty\:text-match-parent:empty,.enabled\:text-align-match-parent:enabled,.enabled\:text-match-parent:enabled,.first-child\:text-align-match-parent:first-child,.first-child\:text-match-parent:first-child,.first-of-type\:text-align-match-parent:first-of-type,.first-of-type\:text-match-parent:first-of-type,.first\:text-align-match-parent:first,.first\:text-match-parent:first,.focus-visible\:text-align-match-parent:focus-visible,.focus-visible\:text-match-parent:focus-visible,.focus-within\:text-align-match-parent:focus-within,.focus-within\:text-match-parent:focus-within,.focus\:text-align-match-parent:focus,.focus\:text-match-parent:focus,.fullscreen\:text-align-match-parent:fullscreen,.fullscreen\:text-match-parent:fullscreen,.future\:text-align-match-parent:future,.future\:text-match-parent:future,.host\:text-align-match-parent:host,.host\:text-match-parent:host,.hover\:text-align-match-parent:hover,.hover\:text-match-parent:hover,.in-range\:text-align-match-parent:in-range,.in-range\:text-match-parent:in-range,.indeterminate\:text-align-match-parent:indeterminate,.indeterminate\:text-match-parent:indeterminate,.invalid\:text-align-match-parent:invalid,.invalid\:text-match-parent:invalid,.last-child\:text-align-match-parent:last-child,.last-child\:text-match-parent:last-child,.last-of-type\:text-align-match-parent:last-of-type,.last-of-type\:text-match-parent:last-of-type,.left\:text-align-match-parent:left,.left\:text-match-parent:left,.link\:text-align-match-parent:link,.link\:text-match-parent:link,.local-link\:text-align-match-parent:local-link,.local-link\:text-match-parent:local-link,.only-child\:text-align-match-parent:only-child,.only-child\:text-match-parent:only-child,.only-of-type\:text-align-match-parent:only-of-type,.only-of-type\:text-match-parent:only-of-type,.optional\:text-align-match-parent:optional,.optional\:text-match-parent:optional,.out-of-range\:text-align-match-parent:out-of-range,.out-of-range\:text-match-parent:out-of-range,.past\:text-align-match-parent:past,.past\:text-match-parent:past,.placeholder-shown\:text-align-match-parent:placeholder-shown,.placeholder-shown\:text-match-parent:placeholder-shown,.read-only\:text-align-match-parent:read-only,.read-only\:text-match-parent:read-only,.read-write\:text-align-match-parent:read-write,.read-write\:text-match-parent:read-write,.required\:text-align-match-parent:required,.required\:text-match-parent:required,.right\:text-align-match-parent:right,.right\:text-match-parent:right,.root\:text-align-match-parent:root,.root\:text-match-parent:root,.scope\:text-align-match-parent:scope,.scope\:text-match-parent:scope,.target-within\:text-align-match-parent:target-within,.target-within\:text-match-parent:target-within,.target\:text-align-match-parent:target,.target\:text-match-parent:target,.text-align-match-parent,.text-match-parent,.user-invalid\:text-align-match-parent:user-invalid,.user-invalid\:text-match-parent:user-invalid,.valid\:text-align-match-parent:valid,.valid\:text-match-parent:valid,.visited\:text-align-match-parent:visited,.visited\:text-match-parent:visited{text-align: match-parent !important;}
.active\:text-align-right:active,.active\:text-right:active,.any-link\:text-align-right:any-link,.any-link\:text-right:any-link,.blank\:text-align-right:blank,.blank\:text-right:blank,.checked\:text-align-right:checked,.checked\:text-right:checked,.current\:text-align-right:current,.current\:text-right:current,.default\:text-align-right:default,.default\:text-right:default,.defined\:text-align-right:defined,.defined\:text-right:defined,.disabled\:text-align-right:disabled,.disabled\:text-right:disabled,.drop\:text-align-right:drop,.drop\:text-right:drop,.empty\:text-align-right:empty,.empty\:text-right:empty,.enabled\:text-align-right:enabled,.enabled\:text-right:enabled,.first-child\:text-align-right:first-child,.first-child\:text-right:first-child,.first-of-type\:text-align-right:first-of-type,.first-of-type\:text-right:first-of-type,.first\:text-align-right:first,.first\:text-right:first,.focus-visible\:text-align-right:focus-visible,.focus-visible\:text-right:focus-visible,.focus-within\:text-align-right:focus-within,.focus-within\:text-right:focus-within,.focus\:text-align-right:focus,.focus\:text-right:focus,.fullscreen\:text-align-right:fullscreen,.fullscreen\:text-right:fullscreen,.future\:text-align-right:future,.future\:text-right:future,.host\:text-align-right:host,.host\:text-right:host,.hover\:text-align-right:hover,.hover\:text-right:hover,.in-range\:text-align-right:in-range,.in-range\:text-right:in-range,.indeterminate\:text-align-right:indeterminate,.indeterminate\:text-right:indeterminate,.invalid\:text-align-right:invalid,.invalid\:text-right:invalid,.last-child\:text-align-right:last-child,.last-child\:text-right:last-child,.last-of-type\:text-align-right:last-of-type,.last-of-type\:text-right:last-of-type,.left\:text-align-right:left,.left\:text-right:left,.link\:text-align-right:link,.link\:text-right:link,.local-link\:text-align-right:local-link,.local-link\:text-right:local-link,.only-child\:text-align-right:only-child,.only-child\:text-right:only-child,.only-of-type\:text-align-right:only-of-type,.only-of-type\:text-right:only-of-type,.optional\:text-align-right:optional,.optional\:text-right:optional,.out-of-range\:text-align-right:out-of-range,.out-of-range\:text-right:out-of-range,.past\:text-align-right:past,.past\:text-right:past,.placeholder-shown\:text-align-right:placeholder-shown,.placeholder-shown\:text-right:placeholder-shown,.read-only\:text-align-right:read-only,.read-only\:text-right:read-only,.read-write\:text-align-right:read-write,.read-write\:text-right:read-write,.required\:text-align-right:required,.required\:text-right:required,.right\:text-align-right:right,.right\:text-right:right,.root\:text-align-right:root,.root\:text-right:root,.scope\:text-align-right:scope,.scope\:text-right:scope,.target-within\:text-align-right:target-within,.target-within\:text-right:target-within,.target\:text-align-right:target,.target\:text-right:target,.text-align-right,.text-right,.user-invalid\:text-align-right:user-invalid,.user-invalid\:text-right:user-invalid,.valid\:text-align-right:valid,.valid\:text-right:valid,.visited\:text-align-right:visited,.visited\:text-right:visited{text-align: right !important;}
.active\:text-align-start:active,.active\:text-start:active,.any-link\:text-align-start:any-link,.any-link\:text-start:any-link,.blank\:text-align-start:blank,.blank\:text-start:blank,.checked\:text-align-start:checked,.checked\:text-start:checked,.current\:text-align-start:current,.current\:text-start:current,.default\:text-align-start:default,.default\:text-start:default,.defined\:text-align-start:defined,.defined\:text-start:defined,.disabled\:text-align-start:disabled,.disabled\:text-start:disabled,.drop\:text-align-start:drop,.drop\:text-start:drop,.empty\:text-align-start:empty,.empty\:text-start:empty,.enabled\:text-align-start:enabled,.enabled\:text-start:enabled,.first-child\:text-align-start:first-child,.first-child\:text-start:first-child,.first-of-type\:text-align-start:first-of-type,.first-of-type\:text-start:first-of-type,.first\:text-align-start:first,.first\:text-start:first,.focus-visible\:text-align-start:focus-visible,.focus-visible\:text-start:focus-visible,.focus-within\:text-align-start:focus-within,.focus-within\:text-start:focus-within,.focus\:text-align-start:focus,.focus\:text-start:focus,.fullscreen\:text-align-start:fullscreen,.fullscreen\:text-start:fullscreen,.future\:text-align-start:future,.future\:text-start:future,.host\:text-align-start:host,.host\:text-start:host,.hover\:text-align-start:hover,.hover\:text-start:hover,.in-range\:text-align-start:in-range,.in-range\:text-start:in-range,.indeterminate\:text-align-start:indeterminate,.indeterminate\:text-start:indeterminate,.invalid\:text-align-start:invalid,.invalid\:text-start:invalid,.last-child\:text-align-start:last-child,.last-child\:text-start:last-child,.last-of-type\:text-align-start:last-of-type,.last-of-type\:text-start:last-of-type,.left\:text-align-start:left,.left\:text-start:left,.link\:text-align-start:link,.link\:text-start:link,.local-link\:text-align-start:local-link,.local-link\:text-start:local-link,.only-child\:text-align-start:only-child,.only-child\:text-start:only-child,.only-of-type\:text-align-start:only-of-type,.only-of-type\:text-start:only-of-type,.optional\:text-align-start:optional,.optional\:text-start:optional,.out-of-range\:text-align-start:out-of-range,.out-of-range\:text-start:out-of-range,.past\:text-align-start:past,.past\:text-start:past,.placeholder-shown\:text-align-start:placeholder-shown,.placeholder-shown\:text-start:placeholder-shown,.read-only\:text-align-start:read-only,.read-only\:text-start:read-only,.read-write\:text-align-start:read-write,.read-write\:text-start:read-write,.required\:text-align-start:required,.required\:text-start:required,.right\:text-align-start:right,.right\:text-start:right,.root\:text-align-start:root,.root\:text-start:root,.scope\:text-align-start:scope,.scope\:text-start:scope,.target-within\:text-align-start:target-within,.target-within\:text-start:target-within,.target\:text-align-start:target,.target\:text-start:target,.text-align-start,.text-start,.user-invalid\:text-align-start:user-invalid,.user-invalid\:text-start:user-invalid,.valid\:text-align-start:valid,.valid\:text-start:valid,.visited\:text-align-start:visited,.visited\:text-start:visited{text-align: start !important;}
@media (min-width: 640px){
.sm\@text-align-center,.sm\@text-center{text-align: center !important;}
.sm\@text-align-end,.sm\@text-end{text-align: end !important;}
.sm\@text-align-justify,.sm\@text-justify{text-align: justify !important;}
.sm\@text-align-left,.sm\@text-left{text-align: left !important;}
.sm\@text-align-match-parent,.sm\@text-match-parent{text-align: match-parent !important;}
.sm\@text-align-right,.sm\@text-right{text-align: right !important;}
.sm\@text-align-start,.sm\@text-start{text-align: start !important;}
}
@media (min-width: 768px){
.md\@text-align-center,.md\@text-center{text-align: center !important;}
.md\@text-align-end,.md\@text-end{text-align: end !important;}
.md\@text-align-justify,.md\@text-justify{text-align: justify !important;}
.md\@text-align-left,.md\@text-left{text-align: left !important;}
.md\@text-align-match-parent,.md\@text-match-parent{text-align: match-parent !important;}
.md\@text-align-right,.md\@text-right{text-align: right !important;}
.md\@text-align-start,.md\@text-start{text-align: start !important;}
}
@media (min-width: 1024px){
.lg\@text-align-center,.lg\@text-center{text-align: center !important;}
.lg\@text-align-end,.lg\@text-end{text-align: end !important;}
.lg\@text-align-justify,.lg\@text-justify{text-align: justify !important;}
.lg\@text-align-left,.lg\@text-left{text-align: left !important;}
.lg\@text-align-match-parent,.lg\@text-match-parent{text-align: match-parent !important;}
.lg\@text-align-right,.lg\@text-right{text-align: right !important;}
.lg\@text-align-start,.lg\@text-start{text-align: start !important;}
}
@media (min-width: 1280px){
.xl\@text-align-center,.xl\@text-center{text-align: center !important;}
.xl\@text-align-end,.xl\@text-end{text-align: end !important;}
.xl\@text-align-justify,.xl\@text-justify{text-align: justify !important;}
.xl\@text-align-left,.xl\@text-left{text-align: left !important;}
.xl\@text-align-match-parent,.xl\@text-match-parent{text-align: match-parent !important;}
.xl\@text-align-right,.xl\@text-right{text-align: right !important;}
.xl\@text-align-start,.xl\@text-start{text-align: start !important;}
}
@supports (display: grid){
.supportGrid\@text-align-center,.supportGrid\@text-center{text-align: center !important;}
.supportGrid\@text-align-end,.supportGrid\@text-end{text-align: end !important;}
.supportGrid\@text-align-justify,.supportGrid\@text-justify{text-align: justify !important;}
.supportGrid\@text-align-left,.supportGrid\@text-left{text-align: left !important;}
.supportGrid\@text-align-match-parent,.supportGrid\@text-match-parent{text-align: match-parent !important;}
.supportGrid\@text-align-right,.supportGrid\@text-right{text-align: right !important;}
.supportGrid\@text-align-start,.supportGrid\@text-start{text-align: start !important;}
}