/* layer: 00430 */
.active\:select-all:active,.active\:user-select-all:active,.any-link\:select-all:any-link,.any-link\:user-select-all:any-link,.blank\:select-all:blank,.blank\:user-select-all:blank,.checked\:select-all:checked,.checked\:user-select-all:checked,.current\:select-all:current,.current\:user-select-all:current,.default\:select-all:default,.default\:user-select-all:default,.defined\:select-all:defined,.defined\:user-select-all:defined,.disabled\:select-all:disabled,.disabled\:user-select-all:disabled,.drop\:select-all:drop,.drop\:user-select-all:drop,.empty\:select-all:empty,.empty\:user-select-all:empty,.enabled\:select-all:enabled,.enabled\:user-select-all:enabled,.first-child\:select-all:first-child,.first-child\:user-select-all:first-child,.first-of-type\:select-all:first-of-type,.first-of-type\:user-select-all:first-of-type,.first\:select-all:first,.first\:user-select-all:first,.focus-visible\:select-all:focus-visible,.focus-visible\:user-select-all:focus-visible,.focus-within\:select-all:focus-within,.focus-within\:user-select-all:focus-within,.focus\:select-all:focus,.focus\:user-select-all:focus,.fullscreen\:select-all:fullscreen,.fullscreen\:user-select-all:fullscreen,.future\:select-all:future,.future\:user-select-all:future,.host\:select-all:host,.host\:user-select-all:host,.hover\:select-all:hover,.hover\:user-select-all:hover,.in-range\:select-all:in-range,.in-range\:user-select-all:in-range,.indeterminate\:select-all:indeterminate,.indeterminate\:user-select-all:indeterminate,.invalid\:select-all:invalid,.invalid\:user-select-all:invalid,.last-child\:select-all:last-child,.last-child\:user-select-all:last-child,.last-of-type\:select-all:last-of-type,.last-of-type\:user-select-all:last-of-type,.left\:select-all:left,.left\:user-select-all:left,.link\:select-all:link,.link\:user-select-all:link,.local-link\:select-all:local-link,.local-link\:user-select-all:local-link,.only-child\:select-all:only-child,.only-child\:user-select-all:only-child,.only-of-type\:select-all:only-of-type,.only-of-type\:user-select-all:only-of-type,.optional\:select-all:optional,.optional\:user-select-all:optional,.out-of-range\:select-all:out-of-range,.out-of-range\:user-select-all:out-of-range,.past\:select-all:past,.past\:user-select-all:past,.placeholder-shown\:select-all:placeholder-shown,.placeholder-shown\:user-select-all:placeholder-shown,.read-only\:select-all:read-only,.read-only\:user-select-all:read-only,.read-write\:select-all:read-write,.read-write\:user-select-all:read-write,.required\:select-all:required,.required\:user-select-all:required,.right\:select-all:right,.right\:user-select-all:right,.root\:select-all:root,.root\:user-select-all:root,.scope\:select-all:scope,.scope\:user-select-all:scope,.select-all,.target-within\:select-all:target-within,.target-within\:user-select-all:target-within,.target\:select-all:target,.target\:user-select-all:target,.user-invalid\:select-all:user-invalid,.user-invalid\:user-select-all:user-invalid,.user-select-all,.valid\:select-all:valid,.valid\:user-select-all:valid,.visited\:select-all:visited,.visited\:user-select-all:visited{user-select: all !important;}
.active\:select-auto:active,.active\:user-select-auto:active,.any-link\:select-auto:any-link,.any-link\:user-select-auto:any-link,.blank\:select-auto:blank,.blank\:user-select-auto:blank,.checked\:select-auto:checked,.checked\:user-select-auto:checked,.current\:select-auto:current,.current\:user-select-auto:current,.default\:select-auto:default,.default\:user-select-auto:default,.defined\:select-auto:defined,.defined\:user-select-auto:defined,.disabled\:select-auto:disabled,.disabled\:user-select-auto:disabled,.drop\:select-auto:drop,.drop\:user-select-auto:drop,.empty\:select-auto:empty,.empty\:user-select-auto:empty,.enabled\:select-auto:enabled,.enabled\:user-select-auto:enabled,.first-child\:select-auto:first-child,.first-child\:user-select-auto:first-child,.first-of-type\:select-auto:first-of-type,.first-of-type\:user-select-auto:first-of-type,.first\:select-auto:first,.first\:user-select-auto:first,.focus-visible\:select-auto:focus-visible,.focus-visible\:user-select-auto:focus-visible,.focus-within\:select-auto:focus-within,.focus-within\:user-select-auto:focus-within,.focus\:select-auto:focus,.focus\:user-select-auto:focus,.fullscreen\:select-auto:fullscreen,.fullscreen\:user-select-auto:fullscreen,.future\:select-auto:future,.future\:user-select-auto:future,.host\:select-auto:host,.host\:user-select-auto:host,.hover\:select-auto:hover,.hover\:user-select-auto:hover,.in-range\:select-auto:in-range,.in-range\:user-select-auto:in-range,.indeterminate\:select-auto:indeterminate,.indeterminate\:user-select-auto:indeterminate,.invalid\:select-auto:invalid,.invalid\:user-select-auto:invalid,.last-child\:select-auto:last-child,.last-child\:user-select-auto:last-child,.last-of-type\:select-auto:last-of-type,.last-of-type\:user-select-auto:last-of-type,.left\:select-auto:left,.left\:user-select-auto:left,.link\:select-auto:link,.link\:user-select-auto:link,.local-link\:select-auto:local-link,.local-link\:user-select-auto:local-link,.only-child\:select-auto:only-child,.only-child\:user-select-auto:only-child,.only-of-type\:select-auto:only-of-type,.only-of-type\:user-select-auto:only-of-type,.optional\:select-auto:optional,.optional\:user-select-auto:optional,.out-of-range\:select-auto:out-of-range,.out-of-range\:user-select-auto:out-of-range,.past\:select-auto:past,.past\:user-select-auto:past,.placeholder-shown\:select-auto:placeholder-shown,.placeholder-shown\:user-select-auto:placeholder-shown,.read-only\:select-auto:read-only,.read-only\:user-select-auto:read-only,.read-write\:select-auto:read-write,.read-write\:user-select-auto:read-write,.required\:select-auto:required,.required\:user-select-auto:required,.right\:select-auto:right,.right\:user-select-auto:right,.root\:select-auto:root,.root\:user-select-auto:root,.scope\:select-auto:scope,.scope\:user-select-auto:scope,.select-auto,.target-within\:select-auto:target-within,.target-within\:user-select-auto:target-within,.target\:select-auto:target,.target\:user-select-auto:target,.user-invalid\:select-auto:user-invalid,.user-invalid\:user-select-auto:user-invalid,.user-select-auto,.valid\:select-auto:valid,.valid\:user-select-auto:valid,.visited\:select-auto:visited,.visited\:user-select-auto:visited{user-select: auto !important;}
.active\:select-contain:active,.active\:user-select-contain:active,.any-link\:select-contain:any-link,.any-link\:user-select-contain:any-link,.blank\:select-contain:blank,.blank\:user-select-contain:blank,.checked\:select-contain:checked,.checked\:user-select-contain:checked,.current\:select-contain:current,.current\:user-select-contain:current,.default\:select-contain:default,.default\:user-select-contain:default,.defined\:select-contain:defined,.defined\:user-select-contain:defined,.disabled\:select-contain:disabled,.disabled\:user-select-contain:disabled,.drop\:select-contain:drop,.drop\:user-select-contain:drop,.empty\:select-contain:empty,.empty\:user-select-contain:empty,.enabled\:select-contain:enabled,.enabled\:user-select-contain:enabled,.first-child\:select-contain:first-child,.first-child\:user-select-contain:first-child,.first-of-type\:select-contain:first-of-type,.first-of-type\:user-select-contain:first-of-type,.first\:select-contain:first,.first\:user-select-contain:first,.focus-visible\:select-contain:focus-visible,.focus-visible\:user-select-contain:focus-visible,.focus-within\:select-contain:focus-within,.focus-within\:user-select-contain:focus-within,.focus\:select-contain:focus,.focus\:user-select-contain:focus,.fullscreen\:select-contain:fullscreen,.fullscreen\:user-select-contain:fullscreen,.future\:select-contain:future,.future\:user-select-contain:future,.host\:select-contain:host,.host\:user-select-contain:host,.hover\:select-contain:hover,.hover\:user-select-contain:hover,.in-range\:select-contain:in-range,.in-range\:user-select-contain:in-range,.indeterminate\:select-contain:indeterminate,.indeterminate\:user-select-contain:indeterminate,.invalid\:select-contain:invalid,.invalid\:user-select-contain:invalid,.last-child\:select-contain:last-child,.last-child\:user-select-contain:last-child,.last-of-type\:select-contain:last-of-type,.last-of-type\:user-select-contain:last-of-type,.left\:select-contain:left,.left\:user-select-contain:left,.link\:select-contain:link,.link\:user-select-contain:link,.local-link\:select-contain:local-link,.local-link\:user-select-contain:local-link,.only-child\:select-contain:only-child,.only-child\:user-select-contain:only-child,.only-of-type\:select-contain:only-of-type,.only-of-type\:user-select-contain:only-of-type,.optional\:select-contain:optional,.optional\:user-select-contain:optional,.out-of-range\:select-contain:out-of-range,.out-of-range\:user-select-contain:out-of-range,.past\:select-contain:past,.past\:user-select-contain:past,.placeholder-shown\:select-contain:placeholder-shown,.placeholder-shown\:user-select-contain:placeholder-shown,.read-only\:select-contain:read-only,.read-only\:user-select-contain:read-only,.read-write\:select-contain:read-write,.read-write\:user-select-contain:read-write,.required\:select-contain:required,.required\:user-select-contain:required,.right\:select-contain:right,.right\:user-select-contain:right,.root\:select-contain:root,.root\:user-select-contain:root,.scope\:select-contain:scope,.scope\:user-select-contain:scope,.select-contain,.target-within\:select-contain:target-within,.target-within\:user-select-contain:target-within,.target\:select-contain:target,.target\:user-select-contain:target,.user-invalid\:select-contain:user-invalid,.user-invalid\:user-select-contain:user-invalid,.user-select-contain,.valid\:select-contain:valid,.valid\:user-select-contain:valid,.visited\:select-contain:visited,.visited\:user-select-contain:visited{user-select: contain !important;}
.active\:select-element:active,.active\:user-select-element:active,.any-link\:select-element:any-link,.any-link\:user-select-element:any-link,.blank\:select-element:blank,.blank\:user-select-element:blank,.checked\:select-element:checked,.checked\:user-select-element:checked,.current\:select-element:current,.current\:user-select-element:current,.default\:select-element:default,.default\:user-select-element:default,.defined\:select-element:defined,.defined\:user-select-element:defined,.disabled\:select-element:disabled,.disabled\:user-select-element:disabled,.drop\:select-element:drop,.drop\:user-select-element:drop,.empty\:select-element:empty,.empty\:user-select-element:empty,.enabled\:select-element:enabled,.enabled\:user-select-element:enabled,.first-child\:select-element:first-child,.first-child\:user-select-element:first-child,.first-of-type\:select-element:first-of-type,.first-of-type\:user-select-element:first-of-type,.first\:select-element:first,.first\:user-select-element:first,.focus-visible\:select-element:focus-visible,.focus-visible\:user-select-element:focus-visible,.focus-within\:select-element:focus-within,.focus-within\:user-select-element:focus-within,.focus\:select-element:focus,.focus\:user-select-element:focus,.fullscreen\:select-element:fullscreen,.fullscreen\:user-select-element:fullscreen,.future\:select-element:future,.future\:user-select-element:future,.host\:select-element:host,.host\:user-select-element:host,.hover\:select-element:hover,.hover\:user-select-element:hover,.in-range\:select-element:in-range,.in-range\:user-select-element:in-range,.indeterminate\:select-element:indeterminate,.indeterminate\:user-select-element:indeterminate,.invalid\:select-element:invalid,.invalid\:user-select-element:invalid,.last-child\:select-element:last-child,.last-child\:user-select-element:last-child,.last-of-type\:select-element:last-of-type,.last-of-type\:user-select-element:last-of-type,.left\:select-element:left,.left\:user-select-element:left,.link\:select-element:link,.link\:user-select-element:link,.local-link\:select-element:local-link,.local-link\:user-select-element:local-link,.only-child\:select-element:only-child,.only-child\:user-select-element:only-child,.only-of-type\:select-element:only-of-type,.only-of-type\:user-select-element:only-of-type,.optional\:select-element:optional,.optional\:user-select-element:optional,.out-of-range\:select-element:out-of-range,.out-of-range\:user-select-element:out-of-range,.past\:select-element:past,.past\:user-select-element:past,.placeholder-shown\:select-element:placeholder-shown,.placeholder-shown\:user-select-element:placeholder-shown,.read-only\:select-element:read-only,.read-only\:user-select-element:read-only,.read-write\:select-element:read-write,.read-write\:user-select-element:read-write,.required\:select-element:required,.required\:user-select-element:required,.right\:select-element:right,.right\:user-select-element:right,.root\:select-element:root,.root\:user-select-element:root,.scope\:select-element:scope,.scope\:user-select-element:scope,.select-element,.target-within\:select-element:target-within,.target-within\:user-select-element:target-within,.target\:select-element:target,.target\:user-select-element:target,.user-invalid\:select-element:user-invalid,.user-invalid\:user-select-element:user-invalid,.user-select-element,.valid\:select-element:valid,.valid\:user-select-element:valid,.visited\:select-element:visited,.visited\:user-select-element:visited{user-select: element !important;}
.active\:select-none:active,.active\:user-select-none:active,.any-link\:select-none:any-link,.any-link\:user-select-none:any-link,.blank\:select-none:blank,.blank\:user-select-none:blank,.checked\:select-none:checked,.checked\:user-select-none:checked,.current\:select-none:current,.current\:user-select-none:current,.default\:select-none:default,.default\:user-select-none:default,.defined\:select-none:defined,.defined\:user-select-none:defined,.disabled\:select-none:disabled,.disabled\:user-select-none:disabled,.drop\:select-none:drop,.drop\:user-select-none:drop,.empty\:select-none:empty,.empty\:user-select-none:empty,.enabled\:select-none:enabled,.enabled\:user-select-none:enabled,.first-child\:select-none:first-child,.first-child\:user-select-none:first-child,.first-of-type\:select-none:first-of-type,.first-of-type\:user-select-none:first-of-type,.first\:select-none:first,.first\:user-select-none:first,.focus-visible\:select-none:focus-visible,.focus-visible\:user-select-none:focus-visible,.focus-within\:select-none:focus-within,.focus-within\:user-select-none:focus-within,.focus\:select-none:focus,.focus\:user-select-none:focus,.fullscreen\:select-none:fullscreen,.fullscreen\:user-select-none:fullscreen,.future\:select-none:future,.future\:user-select-none:future,.host\:select-none:host,.host\:user-select-none:host,.hover\:select-none:hover,.hover\:user-select-none:hover,.in-range\:select-none:in-range,.in-range\:user-select-none:in-range,.indeterminate\:select-none:indeterminate,.indeterminate\:user-select-none:indeterminate,.invalid\:select-none:invalid,.invalid\:user-select-none:invalid,.last-child\:select-none:last-child,.last-child\:user-select-none:last-child,.last-of-type\:select-none:last-of-type,.last-of-type\:user-select-none:last-of-type,.left\:select-none:left,.left\:user-select-none:left,.link\:select-none:link,.link\:user-select-none:link,.local-link\:select-none:local-link,.local-link\:user-select-none:local-link,.only-child\:select-none:only-child,.only-child\:user-select-none:only-child,.only-of-type\:select-none:only-of-type,.only-of-type\:user-select-none:only-of-type,.optional\:select-none:optional,.optional\:user-select-none:optional,.out-of-range\:select-none:out-of-range,.out-of-range\:user-select-none:out-of-range,.past\:select-none:past,.past\:user-select-none:past,.placeholder-shown\:select-none:placeholder-shown,.placeholder-shown\:user-select-none:placeholder-shown,.read-only\:select-none:read-only,.read-only\:user-select-none:read-only,.read-write\:select-none:read-write,.read-write\:user-select-none:read-write,.required\:select-none:required,.required\:user-select-none:required,.right\:select-none:right,.right\:user-select-none:right,.root\:select-none:root,.root\:user-select-none:root,.scope\:select-none:scope,.scope\:user-select-none:scope,.select-none,.target-within\:select-none:target-within,.target-within\:user-select-none:target-within,.target\:select-none:target,.target\:user-select-none:target,.user-invalid\:select-none:user-invalid,.user-invalid\:user-select-none:user-invalid,.user-select-none,.valid\:select-none:valid,.valid\:user-select-none:valid,.visited\:select-none:visited,.visited\:user-select-none:visited{user-select: none !important;}
.active\:select-text:active,.active\:user-select-text:active,.any-link\:select-text:any-link,.any-link\:user-select-text:any-link,.blank\:select-text:blank,.blank\:user-select-text:blank,.checked\:select-text:checked,.checked\:user-select-text:checked,.current\:select-text:current,.current\:user-select-text:current,.default\:select-text:default,.default\:user-select-text:default,.defined\:select-text:defined,.defined\:user-select-text:defined,.disabled\:select-text:disabled,.disabled\:user-select-text:disabled,.drop\:select-text:drop,.drop\:user-select-text:drop,.empty\:select-text:empty,.empty\:user-select-text:empty,.enabled\:select-text:enabled,.enabled\:user-select-text:enabled,.first-child\:select-text:first-child,.first-child\:user-select-text:first-child,.first-of-type\:select-text:first-of-type,.first-of-type\:user-select-text:first-of-type,.first\:select-text:first,.first\:user-select-text:first,.focus-visible\:select-text:focus-visible,.focus-visible\:user-select-text:focus-visible,.focus-within\:select-text:focus-within,.focus-within\:user-select-text:focus-within,.focus\:select-text:focus,.focus\:user-select-text:focus,.fullscreen\:select-text:fullscreen,.fullscreen\:user-select-text:fullscreen,.future\:select-text:future,.future\:user-select-text:future,.host\:select-text:host,.host\:user-select-text:host,.hover\:select-text:hover,.hover\:user-select-text:hover,.in-range\:select-text:in-range,.in-range\:user-select-text:in-range,.indeterminate\:select-text:indeterminate,.indeterminate\:user-select-text:indeterminate,.invalid\:select-text:invalid,.invalid\:user-select-text:invalid,.last-child\:select-text:last-child,.last-child\:user-select-text:last-child,.last-of-type\:select-text:last-of-type,.last-of-type\:user-select-text:last-of-type,.left\:select-text:left,.left\:user-select-text:left,.link\:select-text:link,.link\:user-select-text:link,.local-link\:select-text:local-link,.local-link\:user-select-text:local-link,.only-child\:select-text:only-child,.only-child\:user-select-text:only-child,.only-of-type\:select-text:only-of-type,.only-of-type\:user-select-text:only-of-type,.optional\:select-text:optional,.optional\:user-select-text:optional,.out-of-range\:select-text:out-of-range,.out-of-range\:user-select-text:out-of-range,.past\:select-text:past,.past\:user-select-text:past,.placeholder-shown\:select-text:placeholder-shown,.placeholder-shown\:user-select-text:placeholder-shown,.read-only\:select-text:read-only,.read-only\:user-select-text:read-only,.read-write\:select-text:read-write,.read-write\:user-select-text:read-write,.required\:select-text:required,.required\:user-select-text:required,.right\:select-text:right,.right\:user-select-text:right,.root\:select-text:root,.root\:user-select-text:root,.scope\:select-text:scope,.scope\:user-select-text:scope,.select-text,.target-within\:select-text:target-within,.target-within\:user-select-text:target-within,.target\:select-text:target,.target\:user-select-text:target,.user-invalid\:select-text:user-invalid,.user-invalid\:user-select-text:user-invalid,.user-select-text,.valid\:select-text:valid,.valid\:user-select-text:valid,.visited\:select-text:visited,.visited\:user-select-text:visited{user-select: text !important;}
@media (min-width: 640px){
.sm\@select-all,.sm\@user-select-all{user-select: all !important;}
.sm\@select-auto,.sm\@user-select-auto{user-select: auto !important;}
.sm\@select-contain,.sm\@user-select-contain{user-select: contain !important;}
.sm\@select-element,.sm\@user-select-element{user-select: element !important;}
.sm\@select-none,.sm\@user-select-none{user-select: none !important;}
.sm\@select-text,.sm\@user-select-text{user-select: text !important;}
}
@media (min-width: 768px){
.md\@select-all,.md\@user-select-all{user-select: all !important;}
.md\@select-auto,.md\@user-select-auto{user-select: auto !important;}
.md\@select-contain,.md\@user-select-contain{user-select: contain !important;}
.md\@select-element,.md\@user-select-element{user-select: element !important;}
.md\@select-none,.md\@user-select-none{user-select: none !important;}
.md\@select-text,.md\@user-select-text{user-select: text !important;}
}
@media (min-width: 1024px){
.lg\@select-all,.lg\@user-select-all{user-select: all !important;}
.lg\@select-auto,.lg\@user-select-auto{user-select: auto !important;}
.lg\@select-contain,.lg\@user-select-contain{user-select: contain !important;}
.lg\@select-element,.lg\@user-select-element{user-select: element !important;}
.lg\@select-none,.lg\@user-select-none{user-select: none !important;}
.lg\@select-text,.lg\@user-select-text{user-select: text !important;}
}
@media (min-width: 1280px){
.xl\@select-all,.xl\@user-select-all{user-select: all !important;}
.xl\@select-auto,.xl\@user-select-auto{user-select: auto !important;}
.xl\@select-contain,.xl\@user-select-contain{user-select: contain !important;}
.xl\@select-element,.xl\@user-select-element{user-select: element !important;}
.xl\@select-none,.xl\@user-select-none{user-select: none !important;}
.xl\@select-text,.xl\@user-select-text{user-select: text !important;}
}
@supports (display: grid){
.supportGrid\@select-all,.supportGrid\@user-select-all{user-select: all !important;}
.supportGrid\@select-auto,.supportGrid\@user-select-auto{user-select: auto !important;}
.supportGrid\@select-contain,.supportGrid\@user-select-contain{user-select: contain !important;}
.supportGrid\@select-element,.supportGrid\@user-select-element{user-select: element !important;}
.supportGrid\@select-none,.supportGrid\@user-select-none{user-select: none !important;}
.supportGrid\@select-text,.supportGrid\@user-select-text{user-select: text !important;}
}