/* layer: 00590 */
.active\:visibility-collapse:active,.any-link\:visibility-collapse:any-link,.blank\:visibility-collapse:blank,.checked\:visibility-collapse:checked,.current\:visibility-collapse:current,.default\:visibility-collapse:default,.defined\:visibility-collapse:defined,.disabled\:visibility-collapse:disabled,.drop\:visibility-collapse:drop,.empty\:visibility-collapse:empty,.enabled\:visibility-collapse:enabled,.first-child\:visibility-collapse:first-child,.first-of-type\:visibility-collapse:first-of-type,.first\:visibility-collapse:first,.focus-visible\:visibility-collapse:focus-visible,.focus-within\:visibility-collapse:focus-within,.focus\:visibility-collapse:focus,.fullscreen\:visibility-collapse:fullscreen,.future\:visibility-collapse:future,.host\:visibility-collapse:host,.hover\:visibility-collapse:hover,.in-range\:visibility-collapse:in-range,.indeterminate\:visibility-collapse:indeterminate,.invalid\:visibility-collapse:invalid,.last-child\:visibility-collapse:last-child,.last-of-type\:visibility-collapse:last-of-type,.left\:visibility-collapse:left,.link\:visibility-collapse:link,.local-link\:visibility-collapse:local-link,.only-child\:visibility-collapse:only-child,.only-of-type\:visibility-collapse:only-of-type,.optional\:visibility-collapse:optional,.out-of-range\:visibility-collapse:out-of-range,.past\:visibility-collapse:past,.placeholder-shown\:visibility-collapse:placeholder-shown,.read-only\:visibility-collapse:read-only,.read-write\:visibility-collapse:read-write,.required\:visibility-collapse:required,.right\:visibility-collapse:right,.root\:visibility-collapse:root,.scope\:visibility-collapse:scope,.target-within\:visibility-collapse:target-within,.target\:visibility-collapse:target,.user-invalid\:visibility-collapse:user-invalid,.valid\:visibility-collapse:valid,.visibility-collapse,.visited\:visibility-collapse:visited{visibility: collapse !important;}
.active\:visibility-hidden:active,.any-link\:visibility-hidden:any-link,.blank\:visibility-hidden:blank,.checked\:visibility-hidden:checked,.current\:visibility-hidden:current,.default\:visibility-hidden:default,.defined\:visibility-hidden:defined,.disabled\:visibility-hidden:disabled,.drop\:visibility-hidden:drop,.empty\:visibility-hidden:empty,.enabled\:visibility-hidden:enabled,.first-child\:visibility-hidden:first-child,.first-of-type\:visibility-hidden:first-of-type,.first\:visibility-hidden:first,.focus-visible\:visibility-hidden:focus-visible,.focus-within\:visibility-hidden:focus-within,.focus\:visibility-hidden:focus,.fullscreen\:visibility-hidden:fullscreen,.future\:visibility-hidden:future,.host\:visibility-hidden:host,.hover\:visibility-hidden:hover,.in-range\:visibility-hidden:in-range,.indeterminate\:visibility-hidden:indeterminate,.invalid\:visibility-hidden:invalid,.last-child\:visibility-hidden:last-child,.last-of-type\:visibility-hidden:last-of-type,.left\:visibility-hidden:left,.link\:visibility-hidden:link,.local-link\:visibility-hidden:local-link,.only-child\:visibility-hidden:only-child,.only-of-type\:visibility-hidden:only-of-type,.optional\:visibility-hidden:optional,.out-of-range\:visibility-hidden:out-of-range,.past\:visibility-hidden:past,.placeholder-shown\:visibility-hidden:placeholder-shown,.read-only\:visibility-hidden:read-only,.read-write\:visibility-hidden:read-write,.required\:visibility-hidden:required,.right\:visibility-hidden:right,.root\:visibility-hidden:root,.scope\:visibility-hidden:scope,.target-within\:visibility-hidden:target-within,.target\:visibility-hidden:target,.user-invalid\:visibility-hidden:user-invalid,.valid\:visibility-hidden:valid,.visibility-hidden,.visited\:visibility-hidden:visited{visibility: hidden !important;}
.active\:visibility-inherit:active,.any-link\:visibility-inherit:any-link,.blank\:visibility-inherit:blank,.checked\:visibility-inherit:checked,.current\:visibility-inherit:current,.default\:visibility-inherit:default,.defined\:visibility-inherit:defined,.disabled\:visibility-inherit:disabled,.drop\:visibility-inherit:drop,.empty\:visibility-inherit:empty,.enabled\:visibility-inherit:enabled,.first-child\:visibility-inherit:first-child,.first-of-type\:visibility-inherit:first-of-type,.first\:visibility-inherit:first,.focus-visible\:visibility-inherit:focus-visible,.focus-within\:visibility-inherit:focus-within,.focus\:visibility-inherit:focus,.fullscreen\:visibility-inherit:fullscreen,.future\:visibility-inherit:future,.host\:visibility-inherit:host,.hover\:visibility-inherit:hover,.in-range\:visibility-inherit:in-range,.indeterminate\:visibility-inherit:indeterminate,.invalid\:visibility-inherit:invalid,.last-child\:visibility-inherit:last-child,.last-of-type\:visibility-inherit:last-of-type,.left\:visibility-inherit:left,.link\:visibility-inherit:link,.local-link\:visibility-inherit:local-link,.only-child\:visibility-inherit:only-child,.only-of-type\:visibility-inherit:only-of-type,.optional\:visibility-inherit:optional,.out-of-range\:visibility-inherit:out-of-range,.past\:visibility-inherit:past,.placeholder-shown\:visibility-inherit:placeholder-shown,.read-only\:visibility-inherit:read-only,.read-write\:visibility-inherit:read-write,.required\:visibility-inherit:required,.right\:visibility-inherit:right,.root\:visibility-inherit:root,.scope\:visibility-inherit:scope,.target-within\:visibility-inherit:target-within,.target\:visibility-inherit:target,.user-invalid\:visibility-inherit:user-invalid,.valid\:visibility-inherit:valid,.visibility-inherit,.visited\:visibility-inherit:visited{visibility: inherit !important;}
.active\:visibility-initial:active,.any-link\:visibility-initial:any-link,.blank\:visibility-initial:blank,.checked\:visibility-initial:checked,.current\:visibility-initial:current,.default\:visibility-initial:default,.defined\:visibility-initial:defined,.disabled\:visibility-initial:disabled,.drop\:visibility-initial:drop,.empty\:visibility-initial:empty,.enabled\:visibility-initial:enabled,.first-child\:visibility-initial:first-child,.first-of-type\:visibility-initial:first-of-type,.first\:visibility-initial:first,.focus-visible\:visibility-initial:focus-visible,.focus-within\:visibility-initial:focus-within,.focus\:visibility-initial:focus,.fullscreen\:visibility-initial:fullscreen,.future\:visibility-initial:future,.host\:visibility-initial:host,.hover\:visibility-initial:hover,.in-range\:visibility-initial:in-range,.indeterminate\:visibility-initial:indeterminate,.invalid\:visibility-initial:invalid,.last-child\:visibility-initial:last-child,.last-of-type\:visibility-initial:last-of-type,.left\:visibility-initial:left,.link\:visibility-initial:link,.local-link\:visibility-initial:local-link,.only-child\:visibility-initial:only-child,.only-of-type\:visibility-initial:only-of-type,.optional\:visibility-initial:optional,.out-of-range\:visibility-initial:out-of-range,.past\:visibility-initial:past,.placeholder-shown\:visibility-initial:placeholder-shown,.read-only\:visibility-initial:read-only,.read-write\:visibility-initial:read-write,.required\:visibility-initial:required,.right\:visibility-initial:right,.root\:visibility-initial:root,.scope\:visibility-initial:scope,.target-within\:visibility-initial:target-within,.target\:visibility-initial:target,.user-invalid\:visibility-initial:user-invalid,.valid\:visibility-initial:valid,.visibility-initial,.visited\:visibility-initial:visited{visibility: initial !important;}
.active\:visibility-revert:active,.any-link\:visibility-revert:any-link,.blank\:visibility-revert:blank,.checked\:visibility-revert:checked,.current\:visibility-revert:current,.default\:visibility-revert:default,.defined\:visibility-revert:defined,.disabled\:visibility-revert:disabled,.drop\:visibility-revert:drop,.empty\:visibility-revert:empty,.enabled\:visibility-revert:enabled,.first-child\:visibility-revert:first-child,.first-of-type\:visibility-revert:first-of-type,.first\:visibility-revert:first,.focus-visible\:visibility-revert:focus-visible,.focus-within\:visibility-revert:focus-within,.focus\:visibility-revert:focus,.fullscreen\:visibility-revert:fullscreen,.future\:visibility-revert:future,.host\:visibility-revert:host,.hover\:visibility-revert:hover,.in-range\:visibility-revert:in-range,.indeterminate\:visibility-revert:indeterminate,.invalid\:visibility-revert:invalid,.last-child\:visibility-revert:last-child,.last-of-type\:visibility-revert:last-of-type,.left\:visibility-revert:left,.link\:visibility-revert:link,.local-link\:visibility-revert:local-link,.only-child\:visibility-revert:only-child,.only-of-type\:visibility-revert:only-of-type,.optional\:visibility-revert:optional,.out-of-range\:visibility-revert:out-of-range,.past\:visibility-revert:past,.placeholder-shown\:visibility-revert:placeholder-shown,.read-only\:visibility-revert:read-only,.read-write\:visibility-revert:read-write,.required\:visibility-revert:required,.right\:visibility-revert:right,.root\:visibility-revert:root,.scope\:visibility-revert:scope,.target-within\:visibility-revert:target-within,.target\:visibility-revert:target,.user-invalid\:visibility-revert:user-invalid,.valid\:visibility-revert:valid,.visibility-revert,.visited\:visibility-revert:visited{visibility: revert !important;}
.active\:visibility-unset:active,.any-link\:visibility-unset:any-link,.blank\:visibility-unset:blank,.checked\:visibility-unset:checked,.current\:visibility-unset:current,.default\:visibility-unset:default,.defined\:visibility-unset:defined,.disabled\:visibility-unset:disabled,.drop\:visibility-unset:drop,.empty\:visibility-unset:empty,.enabled\:visibility-unset:enabled,.first-child\:visibility-unset:first-child,.first-of-type\:visibility-unset:first-of-type,.first\:visibility-unset:first,.focus-visible\:visibility-unset:focus-visible,.focus-within\:visibility-unset:focus-within,.focus\:visibility-unset:focus,.fullscreen\:visibility-unset:fullscreen,.future\:visibility-unset:future,.host\:visibility-unset:host,.hover\:visibility-unset:hover,.in-range\:visibility-unset:in-range,.indeterminate\:visibility-unset:indeterminate,.invalid\:visibility-unset:invalid,.last-child\:visibility-unset:last-child,.last-of-type\:visibility-unset:last-of-type,.left\:visibility-unset:left,.link\:visibility-unset:link,.local-link\:visibility-unset:local-link,.only-child\:visibility-unset:only-child,.only-of-type\:visibility-unset:only-of-type,.optional\:visibility-unset:optional,.out-of-range\:visibility-unset:out-of-range,.past\:visibility-unset:past,.placeholder-shown\:visibility-unset:placeholder-shown,.read-only\:visibility-unset:read-only,.read-write\:visibility-unset:read-write,.required\:visibility-unset:required,.right\:visibility-unset:right,.root\:visibility-unset:root,.scope\:visibility-unset:scope,.target-within\:visibility-unset:target-within,.target\:visibility-unset:target,.user-invalid\:visibility-unset:user-invalid,.valid\:visibility-unset:valid,.visibility-unset,.visited\:visibility-unset:visited{visibility: unset !important;}
.active\:visibility-visible:active,.any-link\:visibility-visible:any-link,.blank\:visibility-visible:blank,.checked\:visibility-visible:checked,.current\:visibility-visible:current,.default\:visibility-visible:default,.defined\:visibility-visible:defined,.disabled\:visibility-visible:disabled,.drop\:visibility-visible:drop,.empty\:visibility-visible:empty,.enabled\:visibility-visible:enabled,.first-child\:visibility-visible:first-child,.first-of-type\:visibility-visible:first-of-type,.first\:visibility-visible:first,.focus-visible\:visibility-visible:focus-visible,.focus-within\:visibility-visible:focus-within,.focus\:visibility-visible:focus,.fullscreen\:visibility-visible:fullscreen,.future\:visibility-visible:future,.host\:visibility-visible:host,.hover\:visibility-visible:hover,.in-range\:visibility-visible:in-range,.indeterminate\:visibility-visible:indeterminate,.invalid\:visibility-visible:invalid,.last-child\:visibility-visible:last-child,.last-of-type\:visibility-visible:last-of-type,.left\:visibility-visible:left,.link\:visibility-visible:link,.local-link\:visibility-visible:local-link,.only-child\:visibility-visible:only-child,.only-of-type\:visibility-visible:only-of-type,.optional\:visibility-visible:optional,.out-of-range\:visibility-visible:out-of-range,.past\:visibility-visible:past,.placeholder-shown\:visibility-visible:placeholder-shown,.read-only\:visibility-visible:read-only,.read-write\:visibility-visible:read-write,.required\:visibility-visible:required,.right\:visibility-visible:right,.root\:visibility-visible:root,.scope\:visibility-visible:scope,.target-within\:visibility-visible:target-within,.target\:visibility-visible:target,.user-invalid\:visibility-visible:user-invalid,.valid\:visibility-visible:valid,.visibility-visible,.visited\:visibility-visible:visited{visibility: visible !important;}
@media (min-width: 640px){
.sm\@visibility-collapse{visibility: collapse !important;}
.sm\@visibility-hidden{visibility: hidden !important;}
.sm\@visibility-inherit{visibility: inherit !important;}
.sm\@visibility-initial{visibility: initial !important;}
.sm\@visibility-revert{visibility: revert !important;}
.sm\@visibility-unset{visibility: unset !important;}
.sm\@visibility-visible{visibility: visible !important;}
}
@media (min-width: 768px){
.md\@visibility-collapse{visibility: collapse !important;}
.md\@visibility-hidden{visibility: hidden !important;}
.md\@visibility-inherit{visibility: inherit !important;}
.md\@visibility-initial{visibility: initial !important;}
.md\@visibility-revert{visibility: revert !important;}
.md\@visibility-unset{visibility: unset !important;}
.md\@visibility-visible{visibility: visible !important;}
}
@media (min-width: 1024px){
.lg\@visibility-collapse{visibility: collapse !important;}
.lg\@visibility-hidden{visibility: hidden !important;}
.lg\@visibility-inherit{visibility: inherit !important;}
.lg\@visibility-initial{visibility: initial !important;}
.lg\@visibility-revert{visibility: revert !important;}
.lg\@visibility-unset{visibility: unset !important;}
.lg\@visibility-visible{visibility: visible !important;}
}
@media (min-width: 1280px){
.xl\@visibility-collapse{visibility: collapse !important;}
.xl\@visibility-hidden{visibility: hidden !important;}
.xl\@visibility-inherit{visibility: inherit !important;}
.xl\@visibility-initial{visibility: initial !important;}
.xl\@visibility-revert{visibility: revert !important;}
.xl\@visibility-unset{visibility: unset !important;}
.xl\@visibility-visible{visibility: visible !important;}
}
@supports (display: grid){
.supportGrid\@visibility-collapse{visibility: collapse !important;}
.supportGrid\@visibility-hidden{visibility: hidden !important;}
.supportGrid\@visibility-inherit{visibility: inherit !important;}
.supportGrid\@visibility-initial{visibility: initial !important;}
.supportGrid\@visibility-revert{visibility: revert !important;}
.supportGrid\@visibility-unset{visibility: unset !important;}
.supportGrid\@visibility-visible{visibility: visible !important;}
}