/* layer: 00350 */
.active\:word-break-break-all:active,
.any-link\:word-break-break-all:any-link,
.blank\:word-break-break-all:blank,
.checked\:word-break-break-all:checked,
.current\:word-break-break-all:current,
.default\:word-break-break-all:default,
.defined\:word-break-break-all:defined,
.disabled\:word-break-break-all:disabled,
.drop\:word-break-break-all:drop,
.empty\:word-break-break-all:empty,
.enabled\:word-break-break-all:enabled,
.first-child\:word-break-break-all:first-child,
.first-of-type\:word-break-break-all:first-of-type,
.first\:word-break-break-all:first,
.focus-visible\:word-break-break-all:focus-visible,
.focus-within\:word-break-break-all:focus-within,
.focus\:word-break-break-all:focus,
.fullscreen\:word-break-break-all:fullscreen,
.future\:word-break-break-all:future,
.host\:word-break-break-all:host,
.hover\:word-break-break-all:hover,
.in-range\:word-break-break-all:in-range,
.indeterminate\:word-break-break-all:indeterminate,
.invalid\:word-break-break-all:invalid,
.last-child\:word-break-break-all:last-child,
.last-of-type\:word-break-break-all:last-of-type,
.left\:word-break-break-all:left,
.link\:word-break-break-all:link,
.local-link\:word-break-break-all:local-link,
.only-child\:word-break-break-all:only-child,
.only-of-type\:word-break-break-all:only-of-type,
.optional\:word-break-break-all:optional,
.out-of-range\:word-break-break-all:out-of-range,
.past\:word-break-break-all:past,
.placeholder-shown\:word-break-break-all:placeholder-shown,
.read-only\:word-break-break-all:read-only,
.read-write\:word-break-break-all:read-write,
.required\:word-break-break-all:required,
.right\:word-break-break-all:right,
.root\:word-break-break-all:root,
.scope\:word-break-break-all:scope,
.target-within\:word-break-break-all:target-within,
.target\:word-break-break-all:target,
.user-invalid\:word-break-break-all:user-invalid,
.valid\:word-break-break-all:valid,
.visited\:word-break-break-all:visited,
.word-break-break-all{word-break: break-all !important;}
.active\:word-break-break-word:active,
.any-link\:word-break-break-word:any-link,
.blank\:word-break-break-word:blank,
.checked\:word-break-break-word:checked,
.current\:word-break-break-word:current,
.default\:word-break-break-word:default,
.defined\:word-break-break-word:defined,
.disabled\:word-break-break-word:disabled,
.drop\:word-break-break-word:drop,
.empty\:word-break-break-word:empty,
.enabled\:word-break-break-word:enabled,
.first-child\:word-break-break-word:first-child,
.first-of-type\:word-break-break-word:first-of-type,
.first\:word-break-break-word:first,
.focus-visible\:word-break-break-word:focus-visible,
.focus-within\:word-break-break-word:focus-within,
.focus\:word-break-break-word:focus,
.fullscreen\:word-break-break-word:fullscreen,
.future\:word-break-break-word:future,
.host\:word-break-break-word:host,
.hover\:word-break-break-word:hover,
.in-range\:word-break-break-word:in-range,
.indeterminate\:word-break-break-word:indeterminate,
.invalid\:word-break-break-word:invalid,
.last-child\:word-break-break-word:last-child,
.last-of-type\:word-break-break-word:last-of-type,
.left\:word-break-break-word:left,
.link\:word-break-break-word:link,
.local-link\:word-break-break-word:local-link,
.only-child\:word-break-break-word:only-child,
.only-of-type\:word-break-break-word:only-of-type,
.optional\:word-break-break-word:optional,
.out-of-range\:word-break-break-word:out-of-range,
.past\:word-break-break-word:past,
.placeholder-shown\:word-break-break-word:placeholder-shown,
.read-only\:word-break-break-word:read-only,
.read-write\:word-break-break-word:read-write,
.required\:word-break-break-word:required,
.right\:word-break-break-word:right,
.root\:word-break-break-word:root,
.scope\:word-break-break-word:scope,
.target-within\:word-break-break-word:target-within,
.target\:word-break-break-word:target,
.user-invalid\:word-break-break-word:user-invalid,
.valid\:word-break-break-word:valid,
.visited\:word-break-break-word:visited,
.word-break-break-word{word-break: break-word !important;}
.active\:word-break-inherit:active,
.any-link\:word-break-inherit:any-link,
.blank\:word-break-inherit:blank,
.checked\:word-break-inherit:checked,
.current\:word-break-inherit:current,
.default\:word-break-inherit:default,
.defined\:word-break-inherit:defined,
.disabled\:word-break-inherit:disabled,
.drop\:word-break-inherit:drop,
.empty\:word-break-inherit:empty,
.enabled\:word-break-inherit:enabled,
.first-child\:word-break-inherit:first-child,
.first-of-type\:word-break-inherit:first-of-type,
.first\:word-break-inherit:first,
.focus-visible\:word-break-inherit:focus-visible,
.focus-within\:word-break-inherit:focus-within,
.focus\:word-break-inherit:focus,
.fullscreen\:word-break-inherit:fullscreen,
.future\:word-break-inherit:future,
.host\:word-break-inherit:host,
.hover\:word-break-inherit:hover,
.in-range\:word-break-inherit:in-range,
.indeterminate\:word-break-inherit:indeterminate,
.invalid\:word-break-inherit:invalid,
.last-child\:word-break-inherit:last-child,
.last-of-type\:word-break-inherit:last-of-type,
.left\:word-break-inherit:left,
.link\:word-break-inherit:link,
.local-link\:word-break-inherit:local-link,
.only-child\:word-break-inherit:only-child,
.only-of-type\:word-break-inherit:only-of-type,
.optional\:word-break-inherit:optional,
.out-of-range\:word-break-inherit:out-of-range,
.past\:word-break-inherit:past,
.placeholder-shown\:word-break-inherit:placeholder-shown,
.read-only\:word-break-inherit:read-only,
.read-write\:word-break-inherit:read-write,
.required\:word-break-inherit:required,
.right\:word-break-inherit:right,
.root\:word-break-inherit:root,
.scope\:word-break-inherit:scope,
.target-within\:word-break-inherit:target-within,
.target\:word-break-inherit:target,
.user-invalid\:word-break-inherit:user-invalid,
.valid\:word-break-inherit:valid,
.visited\:word-break-inherit:visited,
.word-break-inherit{word-break: inherit !important;}
.active\:word-break-initial:active,
.any-link\:word-break-initial:any-link,
.blank\:word-break-initial:blank,
.checked\:word-break-initial:checked,
.current\:word-break-initial:current,
.default\:word-break-initial:default,
.defined\:word-break-initial:defined,
.disabled\:word-break-initial:disabled,
.drop\:word-break-initial:drop,
.empty\:word-break-initial:empty,
.enabled\:word-break-initial:enabled,
.first-child\:word-break-initial:first-child,
.first-of-type\:word-break-initial:first-of-type,
.first\:word-break-initial:first,
.focus-visible\:word-break-initial:focus-visible,
.focus-within\:word-break-initial:focus-within,
.focus\:word-break-initial:focus,
.fullscreen\:word-break-initial:fullscreen,
.future\:word-break-initial:future,
.host\:word-break-initial:host,
.hover\:word-break-initial:hover,
.in-range\:word-break-initial:in-range,
.indeterminate\:word-break-initial:indeterminate,
.invalid\:word-break-initial:invalid,
.last-child\:word-break-initial:last-child,
.last-of-type\:word-break-initial:last-of-type,
.left\:word-break-initial:left,
.link\:word-break-initial:link,
.local-link\:word-break-initial:local-link,
.only-child\:word-break-initial:only-child,
.only-of-type\:word-break-initial:only-of-type,
.optional\:word-break-initial:optional,
.out-of-range\:word-break-initial:out-of-range,
.past\:word-break-initial:past,
.placeholder-shown\:word-break-initial:placeholder-shown,
.read-only\:word-break-initial:read-only,
.read-write\:word-break-initial:read-write,
.required\:word-break-initial:required,
.right\:word-break-initial:right,
.root\:word-break-initial:root,
.scope\:word-break-initial:scope,
.target-within\:word-break-initial:target-within,
.target\:word-break-initial:target,
.user-invalid\:word-break-initial:user-invalid,
.valid\:word-break-initial:valid,
.visited\:word-break-initial:visited,
.word-break-initial{word-break: initial !important;}
.active\:word-break-keep-all:active,
.any-link\:word-break-keep-all:any-link,
.blank\:word-break-keep-all:blank,
.checked\:word-break-keep-all:checked,
.current\:word-break-keep-all:current,
.default\:word-break-keep-all:default,
.defined\:word-break-keep-all:defined,
.disabled\:word-break-keep-all:disabled,
.drop\:word-break-keep-all:drop,
.empty\:word-break-keep-all:empty,
.enabled\:word-break-keep-all:enabled,
.first-child\:word-break-keep-all:first-child,
.first-of-type\:word-break-keep-all:first-of-type,
.first\:word-break-keep-all:first,
.focus-visible\:word-break-keep-all:focus-visible,
.focus-within\:word-break-keep-all:focus-within,
.focus\:word-break-keep-all:focus,
.fullscreen\:word-break-keep-all:fullscreen,
.future\:word-break-keep-all:future,
.host\:word-break-keep-all:host,
.hover\:word-break-keep-all:hover,
.in-range\:word-break-keep-all:in-range,
.indeterminate\:word-break-keep-all:indeterminate,
.invalid\:word-break-keep-all:invalid,
.last-child\:word-break-keep-all:last-child,
.last-of-type\:word-break-keep-all:last-of-type,
.left\:word-break-keep-all:left,
.link\:word-break-keep-all:link,
.local-link\:word-break-keep-all:local-link,
.only-child\:word-break-keep-all:only-child,
.only-of-type\:word-break-keep-all:only-of-type,
.optional\:word-break-keep-all:optional,
.out-of-range\:word-break-keep-all:out-of-range,
.past\:word-break-keep-all:past,
.placeholder-shown\:word-break-keep-all:placeholder-shown,
.read-only\:word-break-keep-all:read-only,
.read-write\:word-break-keep-all:read-write,
.required\:word-break-keep-all:required,
.right\:word-break-keep-all:right,
.root\:word-break-keep-all:root,
.scope\:word-break-keep-all:scope,
.target-within\:word-break-keep-all:target-within,
.target\:word-break-keep-all:target,
.user-invalid\:word-break-keep-all:user-invalid,
.valid\:word-break-keep-all:valid,
.visited\:word-break-keep-all:visited,
.word-break-keep-all{word-break: keep-all !important;}
.active\:word-break-normal:active,
.any-link\:word-break-normal:any-link,
.blank\:word-break-normal:blank,
.checked\:word-break-normal:checked,
.current\:word-break-normal:current,
.default\:word-break-normal:default,
.defined\:word-break-normal:defined,
.disabled\:word-break-normal:disabled,
.drop\:word-break-normal:drop,
.empty\:word-break-normal:empty,
.enabled\:word-break-normal:enabled,
.first-child\:word-break-normal:first-child,
.first-of-type\:word-break-normal:first-of-type,
.first\:word-break-normal:first,
.focus-visible\:word-break-normal:focus-visible,
.focus-within\:word-break-normal:focus-within,
.focus\:word-break-normal:focus,
.fullscreen\:word-break-normal:fullscreen,
.future\:word-break-normal:future,
.host\:word-break-normal:host,
.hover\:word-break-normal:hover,
.in-range\:word-break-normal:in-range,
.indeterminate\:word-break-normal:indeterminate,
.invalid\:word-break-normal:invalid,
.last-child\:word-break-normal:last-child,
.last-of-type\:word-break-normal:last-of-type,
.left\:word-break-normal:left,
.link\:word-break-normal:link,
.local-link\:word-break-normal:local-link,
.only-child\:word-break-normal:only-child,
.only-of-type\:word-break-normal:only-of-type,
.optional\:word-break-normal:optional,
.out-of-range\:word-break-normal:out-of-range,
.past\:word-break-normal:past,
.placeholder-shown\:word-break-normal:placeholder-shown,
.read-only\:word-break-normal:read-only,
.read-write\:word-break-normal:read-write,
.required\:word-break-normal:required,
.right\:word-break-normal:right,
.root\:word-break-normal:root,
.scope\:word-break-normal:scope,
.target-within\:word-break-normal:target-within,
.target\:word-break-normal:target,
.user-invalid\:word-break-normal:user-invalid,
.valid\:word-break-normal:valid,
.visited\:word-break-normal:visited,
.word-break-normal{word-break: normal !important;}
.active\:word-break-unset:active,
.any-link\:word-break-unset:any-link,
.blank\:word-break-unset:blank,
.checked\:word-break-unset:checked,
.current\:word-break-unset:current,
.default\:word-break-unset:default,
.defined\:word-break-unset:defined,
.disabled\:word-break-unset:disabled,
.drop\:word-break-unset:drop,
.empty\:word-break-unset:empty,
.enabled\:word-break-unset:enabled,
.first-child\:word-break-unset:first-child,
.first-of-type\:word-break-unset:first-of-type,
.first\:word-break-unset:first,
.focus-visible\:word-break-unset:focus-visible,
.focus-within\:word-break-unset:focus-within,
.focus\:word-break-unset:focus,
.fullscreen\:word-break-unset:fullscreen,
.future\:word-break-unset:future,
.host\:word-break-unset:host,
.hover\:word-break-unset:hover,
.in-range\:word-break-unset:in-range,
.indeterminate\:word-break-unset:indeterminate,
.invalid\:word-break-unset:invalid,
.last-child\:word-break-unset:last-child,
.last-of-type\:word-break-unset:last-of-type,
.left\:word-break-unset:left,
.link\:word-break-unset:link,
.local-link\:word-break-unset:local-link,
.only-child\:word-break-unset:only-child,
.only-of-type\:word-break-unset:only-of-type,
.optional\:word-break-unset:optional,
.out-of-range\:word-break-unset:out-of-range,
.past\:word-break-unset:past,
.placeholder-shown\:word-break-unset:placeholder-shown,
.read-only\:word-break-unset:read-only,
.read-write\:word-break-unset:read-write,
.required\:word-break-unset:required,
.right\:word-break-unset:right,
.root\:word-break-unset:root,
.scope\:word-break-unset:scope,
.target-within\:word-break-unset:target-within,
.target\:word-break-unset:target,
.user-invalid\:word-break-unset:user-invalid,
.valid\:word-break-unset:valid,
.visited\:word-break-unset:visited,
.word-break-unset{word-break: unset !important;}
@media (min-width: 1024px){
.lg\@word-break-break-all{word-break: break-all !important;}
.lg\@word-break-break-word{word-break: break-word !important;}
.lg\@word-break-inherit{word-break: inherit !important;}
.lg\@word-break-initial{word-break: initial !important;}
.lg\@word-break-keep-all{word-break: keep-all !important;}
.lg\@word-break-normal{word-break: normal !important;}
.lg\@word-break-unset{word-break: unset !important;}
}
@media (min-width: 1280px){
.xl\@word-break-break-all{word-break: break-all !important;}
.xl\@word-break-break-word{word-break: break-word !important;}
.xl\@word-break-inherit{word-break: inherit !important;}
.xl\@word-break-initial{word-break: initial !important;}
.xl\@word-break-keep-all{word-break: keep-all !important;}
.xl\@word-break-normal{word-break: normal !important;}
.xl\@word-break-unset{word-break: unset !important;}
}
@media (min-width: 640px){
.sm\@word-break-break-all{word-break: break-all !important;}
.sm\@word-break-break-word{word-break: break-word !important;}
.sm\@word-break-inherit{word-break: inherit !important;}
.sm\@word-break-initial{word-break: initial !important;}
.sm\@word-break-keep-all{word-break: keep-all !important;}
.sm\@word-break-normal{word-break: normal !important;}
.sm\@word-break-unset{word-break: unset !important;}
}
@media (min-width: 768px){
.md\@word-break-break-all{word-break: break-all !important;}
.md\@word-break-break-word{word-break: break-word !important;}
.md\@word-break-inherit{word-break: inherit !important;}
.md\@word-break-initial{word-break: initial !important;}
.md\@word-break-keep-all{word-break: keep-all !important;}
.md\@word-break-normal{word-break: normal !important;}
.md\@word-break-unset{word-break: unset !important;}
}
@supports (display: grid){
.supportGrid\@word-break-break-all{word-break: break-all !important;}
.supportGrid\@word-break-break-word{word-break: break-word !important;}
.supportGrid\@word-break-inherit{word-break: inherit !important;}
.supportGrid\@word-break-initial{word-break: initial !important;}
.supportGrid\@word-break-keep-all{word-break: keep-all !important;}
.supportGrid\@word-break-normal{word-break: normal !important;}
.supportGrid\@word-break-unset{word-break: unset !important;}
}