/* layer: 00190 */
.active\:z-index-0:active,
.any-link\:z-index-0:any-link,
.blank\:z-index-0:blank,
.checked\:z-index-0:checked,
.current\:z-index-0:current,
.default\:z-index-0:default,
.defined\:z-index-0:defined,
.disabled\:z-index-0:disabled,
.drop\:z-index-0:drop,
.empty\:z-index-0:empty,
.enabled\:z-index-0:enabled,
.first-child\:z-index-0:first-child,
.first-of-type\:z-index-0:first-of-type,
.first\:z-index-0:first,
.focus-visible\:z-index-0:focus-visible,
.focus-within\:z-index-0:focus-within,
.focus\:z-index-0:focus,
.fullscreen\:z-index-0:fullscreen,
.future\:z-index-0:future,
.host\:z-index-0:host,
.hover\:z-index-0:hover,
.in-range\:z-index-0:in-range,
.indeterminate\:z-index-0:indeterminate,
.invalid\:z-index-0:invalid,
.last-child\:z-index-0:last-child,
.last-of-type\:z-index-0:last-of-type,
.left\:z-index-0:left,
.link\:z-index-0:link,
.local-link\:z-index-0:local-link,
.only-child\:z-index-0:only-child,
.only-of-type\:z-index-0:only-of-type,
.optional\:z-index-0:optional,
.out-of-range\:z-index-0:out-of-range,
.past\:z-index-0:past,
.placeholder-shown\:z-index-0:placeholder-shown,
.read-only\:z-index-0:read-only,
.read-write\:z-index-0:read-write,
.required\:z-index-0:required,
.right\:z-index-0:right,
.root\:z-index-0:root,
.scope\:z-index-0:scope,
.target-within\:z-index-0:target-within,
.target\:z-index-0:target,
.user-invalid\:z-index-0:user-invalid,
.valid\:z-index-0:valid,
.visited\:z-index-0:visited,
.z-index-0{z-index: 0 !important;}
.active\:z-index-123:active,
.any-link\:z-index-123:any-link,
.blank\:z-index-123:blank,
.checked\:z-index-123:checked,
.current\:z-index-123:current,
.default\:z-index-123:default,
.defined\:z-index-123:defined,
.disabled\:z-index-123:disabled,
.drop\:z-index-123:drop,
.empty\:z-index-123:empty,
.enabled\:z-index-123:enabled,
.first-child\:z-index-123:first-child,
.first-of-type\:z-index-123:first-of-type,
.first\:z-index-123:first,
.focus-visible\:z-index-123:focus-visible,
.focus-within\:z-index-123:focus-within,
.focus\:z-index-123:focus,
.fullscreen\:z-index-123:fullscreen,
.future\:z-index-123:future,
.host\:z-index-123:host,
.hover\:z-index-123:hover,
.in-range\:z-index-123:in-range,
.indeterminate\:z-index-123:indeterminate,
.invalid\:z-index-123:invalid,
.last-child\:z-index-123:last-child,
.last-of-type\:z-index-123:last-of-type,
.left\:z-index-123:left,
.link\:z-index-123:link,
.local-link\:z-index-123:local-link,
.only-child\:z-index-123:only-child,
.only-of-type\:z-index-123:only-of-type,
.optional\:z-index-123:optional,
.out-of-range\:z-index-123:out-of-range,
.past\:z-index-123:past,
.placeholder-shown\:z-index-123:placeholder-shown,
.read-only\:z-index-123:read-only,
.read-write\:z-index-123:read-write,
.required\:z-index-123:required,
.right\:z-index-123:right,
.root\:z-index-123:root,
.scope\:z-index-123:scope,
.target-within\:z-index-123:target-within,
.target\:z-index-123:target,
.user-invalid\:z-index-123:user-invalid,
.valid\:z-index-123:valid,
.visited\:z-index-123:visited,
.z-index-123{z-index: 123 !important;}
.active\:z-index-999999999:active,
.any-link\:z-index-999999999:any-link,
.blank\:z-index-999999999:blank,
.checked\:z-index-999999999:checked,
.current\:z-index-999999999:current,
.default\:z-index-999999999:default,
.defined\:z-index-999999999:defined,
.disabled\:z-index-999999999:disabled,
.drop\:z-index-999999999:drop,
.empty\:z-index-999999999:empty,
.enabled\:z-index-999999999:enabled,
.first-child\:z-index-999999999:first-child,
.first-of-type\:z-index-999999999:first-of-type,
.first\:z-index-999999999:first,
.focus-visible\:z-index-999999999:focus-visible,
.focus-within\:z-index-999999999:focus-within,
.focus\:z-index-999999999:focus,
.fullscreen\:z-index-999999999:fullscreen,
.future\:z-index-999999999:future,
.host\:z-index-999999999:host,
.hover\:z-index-999999999:hover,
.in-range\:z-index-999999999:in-range,
.indeterminate\:z-index-999999999:indeterminate,
.invalid\:z-index-999999999:invalid,
.last-child\:z-index-999999999:last-child,
.last-of-type\:z-index-999999999:last-of-type,
.left\:z-index-999999999:left,
.link\:z-index-999999999:link,
.local-link\:z-index-999999999:local-link,
.only-child\:z-index-999999999:only-child,
.only-of-type\:z-index-999999999:only-of-type,
.optional\:z-index-999999999:optional,
.out-of-range\:z-index-999999999:out-of-range,
.past\:z-index-999999999:past,
.placeholder-shown\:z-index-999999999:placeholder-shown,
.read-only\:z-index-999999999:read-only,
.read-write\:z-index-999999999:read-write,
.required\:z-index-999999999:required,
.right\:z-index-999999999:right,
.root\:z-index-999999999:root,
.scope\:z-index-999999999:scope,
.target-within\:z-index-999999999:target-within,
.target\:z-index-999999999:target,
.user-invalid\:z-index-999999999:user-invalid,
.valid\:z-index-999999999:valid,
.visited\:z-index-999999999:visited,
.z-index-999999999{z-index: 999999999 !important;}
.active\:z-index-m-0:active,
.any-link\:z-index-m-0:any-link,
.blank\:z-index-m-0:blank,
.checked\:z-index-m-0:checked,
.current\:z-index-m-0:current,
.default\:z-index-m-0:default,
.defined\:z-index-m-0:defined,
.disabled\:z-index-m-0:disabled,
.drop\:z-index-m-0:drop,
.empty\:z-index-m-0:empty,
.enabled\:z-index-m-0:enabled,
.first-child\:z-index-m-0:first-child,
.first-of-type\:z-index-m-0:first-of-type,
.first\:z-index-m-0:first,
.focus-visible\:z-index-m-0:focus-visible,
.focus-within\:z-index-m-0:focus-within,
.focus\:z-index-m-0:focus,
.fullscreen\:z-index-m-0:fullscreen,
.future\:z-index-m-0:future,
.host\:z-index-m-0:host,
.hover\:z-index-m-0:hover,
.in-range\:z-index-m-0:in-range,
.indeterminate\:z-index-m-0:indeterminate,
.invalid\:z-index-m-0:invalid,
.last-child\:z-index-m-0:last-child,
.last-of-type\:z-index-m-0:last-of-type,
.left\:z-index-m-0:left,
.link\:z-index-m-0:link,
.local-link\:z-index-m-0:local-link,
.only-child\:z-index-m-0:only-child,
.only-of-type\:z-index-m-0:only-of-type,
.optional\:z-index-m-0:optional,
.out-of-range\:z-index-m-0:out-of-range,
.past\:z-index-m-0:past,
.placeholder-shown\:z-index-m-0:placeholder-shown,
.read-only\:z-index-m-0:read-only,
.read-write\:z-index-m-0:read-write,
.required\:z-index-m-0:required,
.right\:z-index-m-0:right,
.root\:z-index-m-0:root,
.scope\:z-index-m-0:scope,
.target-within\:z-index-m-0:target-within,
.target\:z-index-m-0:target,
.user-invalid\:z-index-m-0:user-invalid,
.valid\:z-index-m-0:valid,
.visited\:z-index-m-0:visited,
.z-index-m-0{z-index: -0 !important;}
.active\:z-index-m-123:active,
.any-link\:z-index-m-123:any-link,
.blank\:z-index-m-123:blank,
.checked\:z-index-m-123:checked,
.current\:z-index-m-123:current,
.default\:z-index-m-123:default,
.defined\:z-index-m-123:defined,
.disabled\:z-index-m-123:disabled,
.drop\:z-index-m-123:drop,
.empty\:z-index-m-123:empty,
.enabled\:z-index-m-123:enabled,
.first-child\:z-index-m-123:first-child,
.first-of-type\:z-index-m-123:first-of-type,
.first\:z-index-m-123:first,
.focus-visible\:z-index-m-123:focus-visible,
.focus-within\:z-index-m-123:focus-within,
.focus\:z-index-m-123:focus,
.fullscreen\:z-index-m-123:fullscreen,
.future\:z-index-m-123:future,
.host\:z-index-m-123:host,
.hover\:z-index-m-123:hover,
.in-range\:z-index-m-123:in-range,
.indeterminate\:z-index-m-123:indeterminate,
.invalid\:z-index-m-123:invalid,
.last-child\:z-index-m-123:last-child,
.last-of-type\:z-index-m-123:last-of-type,
.left\:z-index-m-123:left,
.link\:z-index-m-123:link,
.local-link\:z-index-m-123:local-link,
.only-child\:z-index-m-123:only-child,
.only-of-type\:z-index-m-123:only-of-type,
.optional\:z-index-m-123:optional,
.out-of-range\:z-index-m-123:out-of-range,
.past\:z-index-m-123:past,
.placeholder-shown\:z-index-m-123:placeholder-shown,
.read-only\:z-index-m-123:read-only,
.read-write\:z-index-m-123:read-write,
.required\:z-index-m-123:required,
.right\:z-index-m-123:right,
.root\:z-index-m-123:root,
.scope\:z-index-m-123:scope,
.target-within\:z-index-m-123:target-within,
.target\:z-index-m-123:target,
.user-invalid\:z-index-m-123:user-invalid,
.valid\:z-index-m-123:valid,
.visited\:z-index-m-123:visited,
.z-index-m-123{z-index: -123 !important;}
.active\:z-index-m-999999999:active,
.any-link\:z-index-m-999999999:any-link,
.blank\:z-index-m-999999999:blank,
.checked\:z-index-m-999999999:checked,
.current\:z-index-m-999999999:current,
.default\:z-index-m-999999999:default,
.defined\:z-index-m-999999999:defined,
.disabled\:z-index-m-999999999:disabled,
.drop\:z-index-m-999999999:drop,
.empty\:z-index-m-999999999:empty,
.enabled\:z-index-m-999999999:enabled,
.first-child\:z-index-m-999999999:first-child,
.first-of-type\:z-index-m-999999999:first-of-type,
.first\:z-index-m-999999999:first,
.focus-visible\:z-index-m-999999999:focus-visible,
.focus-within\:z-index-m-999999999:focus-within,
.focus\:z-index-m-999999999:focus,
.fullscreen\:z-index-m-999999999:fullscreen,
.future\:z-index-m-999999999:future,
.host\:z-index-m-999999999:host,
.hover\:z-index-m-999999999:hover,
.in-range\:z-index-m-999999999:in-range,
.indeterminate\:z-index-m-999999999:indeterminate,
.invalid\:z-index-m-999999999:invalid,
.last-child\:z-index-m-999999999:last-child,
.last-of-type\:z-index-m-999999999:last-of-type,
.left\:z-index-m-999999999:left,
.link\:z-index-m-999999999:link,
.local-link\:z-index-m-999999999:local-link,
.only-child\:z-index-m-999999999:only-child,
.only-of-type\:z-index-m-999999999:only-of-type,
.optional\:z-index-m-999999999:optional,
.out-of-range\:z-index-m-999999999:out-of-range,
.past\:z-index-m-999999999:past,
.placeholder-shown\:z-index-m-999999999:placeholder-shown,
.read-only\:z-index-m-999999999:read-only,
.read-write\:z-index-m-999999999:read-write,
.required\:z-index-m-999999999:required,
.right\:z-index-m-999999999:right,
.root\:z-index-m-999999999:root,
.scope\:z-index-m-999999999:scope,
.target-within\:z-index-m-999999999:target-within,
.target\:z-index-m-999999999:target,
.user-invalid\:z-index-m-999999999:user-invalid,
.valid\:z-index-m-999999999:valid,
.visited\:z-index-m-999999999:visited,
.z-index-m-999999999{z-index: -999999999 !important;}
@media (min-width: 1024px){
.lg\@z-index-0{z-index: 0 !important;}
.lg\@z-index-123{z-index: 123 !important;}
.lg\@z-index-999999999{z-index: 999999999 !important;}
.lg\@z-index-m-0{z-index: -0 !important;}
.lg\@z-index-m-123{z-index: -123 !important;}
.lg\@z-index-m-999999999{z-index: -999999999 !important;}
}
@media (min-width: 1280px){
.xl\@z-index-0{z-index: 0 !important;}
.xl\@z-index-123{z-index: 123 !important;}
.xl\@z-index-999999999{z-index: 999999999 !important;}
.xl\@z-index-m-0{z-index: -0 !important;}
.xl\@z-index-m-123{z-index: -123 !important;}
.xl\@z-index-m-999999999{z-index: -999999999 !important;}
}
@media (min-width: 640px){
.sm\@z-index-0{z-index: 0 !important;}
.sm\@z-index-123{z-index: 123 !important;}
.sm\@z-index-999999999{z-index: 999999999 !important;}
.sm\@z-index-m-0{z-index: -0 !important;}
.sm\@z-index-m-123{z-index: -123 !important;}
.sm\@z-index-m-999999999{z-index: -999999999 !important;}
}
@media (min-width: 768px){
.md\@z-index-0{z-index: 0 !important;}
.md\@z-index-123{z-index: 123 !important;}
.md\@z-index-999999999{z-index: 999999999 !important;}
.md\@z-index-m-0{z-index: -0 !important;}
.md\@z-index-m-123{z-index: -123 !important;}
.md\@z-index-m-999999999{z-index: -999999999 !important;}
}
@supports (display: grid){
.supportGrid\@z-index-0{z-index: 0 !important;}
.supportGrid\@z-index-123{z-index: 123 !important;}
.supportGrid\@z-index-999999999{z-index: 999999999 !important;}
.supportGrid\@z-index-m-0{z-index: -0 !important;}
.supportGrid\@z-index-m-123{z-index: -123 !important;}
.supportGrid\@z-index-m-999999999{z-index: -999999999 !important;}
}